MPLINK 4.45, Linker
Linker Map File - Created Fri Sep 13 13:17:46 2013

                                 Section Info
                  Section       Type    Address   Location Size(Bytes)
                ---------  ---------  ---------  ---------  ---------
               _entry_scn       code   0x000000    program   0x000006
    HIGH_INTERRUPT_VECTOR       code   0x000008    program   0x000006
     LOW_INTERRUPT_VECTOR       code   0x000018    program   0x000006
    REMAPPED_RESET_VECTOR       code   0x001000    program   0x000006
                   .cinit    romdata   0x001006    program   0x000002
REMAPPED_HIGH_INTERRUPT_VECTOR       code   0x001008    program   0x000006
           .code___init.o       code   0x00100e    program   0x000002
REMAPPED_LOW_INTERRUPT_VECTOR       code   0x001018    program   0x000006
       .code_usb_device.o       code   0x00101e    program   0x001236
 .code_usb_function_cdc.o       code   0x002254    program   0x00044e
             .code_main.o       code   0x0026a2    program   0x000380
.romdata_usb_descriptors.o    romdata   0x002a22    program   0x0000c9
    .idata_usb_device.o_i    romdata   0x002aeb    program   0x000000
    .romdata_usb_device.o    romdata   0x002aeb    program   0x000000
.idata_usb_function_cdc.o_i    romdata   0x002aeb    program   0x000000
.romdata_usb_function_cdc.o    romdata   0x002aeb    program   0x000000
      .idata_fxd2424u.o_i    romdata   0x002aeb    program   0x000000
      .romdata_fxd2424u.o    romdata   0x002aeb    program   0x000000
        .idata___init.o_i    romdata   0x002aeb    program   0x000000
        .romdata___init.o    romdata   0x002aeb    program   0x000000
         .idata_c018i.o_i    romdata   0x002aeb    program   0x000000
         .romdata_c018i.o    romdata   0x002aeb    program   0x000000
.idata_usb_descriptors.o_i    romdata   0x002aeb    program   0x000000
          .idata_main.o_i    romdata   0x002aeb    program   0x000000
          .romdata_main.o    romdata   0x002aeb    program   0x000000
            .code_c018i.o       code   0x002aec    program   0x000000
               _cinit_scn       code   0x002aec    program   0x00009e
  .code_usb_descriptors.o       code   0x002aec    program   0x000000
                     PROG       code   0x002b8a    program   0x00005a
         .code_fxd2424u.o       code   0x002be4    program   0x00003a
                   STRING       code   0x002c1e    program   0x000034
              D1KTCYXCODE       code   0x002c52    program   0x000020
                    .code       code   0x002c72    program   0x000020
             _startup_scn       code   0x002c92    program   0x00001c
    .config_300000_main.o    romdata   0x300000    program   0x000001
    .config_300001_main.o    romdata   0x300001    program   0x000001
    .config_300002_main.o    romdata   0x300002    program   0x000001
    .config_300003_main.o    romdata   0x300003    program   0x000001
    .config_300005_main.o    romdata   0x300005    program   0x000001
    .config_300006_main.o    romdata   0x300006    program   0x000001
    .config_300008_main.o    romdata   0x300008    program   0x000001
    .config_300009_main.o    romdata   0x300009    program   0x000001
    .config_30000a_main.o    romdata   0x30000a    program   0x000001
    .config_30000b_main.o    romdata   0x30000b    program   0x000001
    .config_30000c_main.o    romdata   0x30000c    program   0x000001
    .config_30000d_main.o    romdata   0x30000d    program   0x000001
                MATH_DATA      udata   0x000000       data   0x000010
                 .tmpdata      udata   0x000010       data   0x000006
                DELAYDAT1      udata   0x000016       data   0x000001
            .udata_main.o      udata   0x000060       data   0x000044
      .udata_usb_device.o      udata   0x0000a4       data   0x000034
.udata_usb_function_cdc.o      udata   0x0000d8       data   0x000019
           .udata_c018i.o      udata   0x0000f1       data   0x00000a
 .idata_usb_descriptors.o      idata   0x0000fb       data   0x000000
            .idata_main.o      idata   0x0000fb       data   0x000000
 .udata_usb_descriptors.o      udata   0x0000fb       data   0x000000
      .idata_usb_device.o      idata   0x0000fb       data   0x000000
           .idata_c018i.o      idata   0x0000fb       data   0x000000
.idata_usb_function_cdc.o      idata   0x0000fb       data   0x000000
        .udata_fxd2424u.o      udata   0x0000fb       data   0x000000
        .idata_fxd2424u.o      idata   0x0000fb       data   0x000000
          .udata___init.o      udata   0x0000fb       data   0x000000
          .idata___init.o      idata   0x0000fb       data   0x000000
                   .stack      udata   0x000100       data   0x000040
                  USB_BDT      udata   0x000200       data   0x000040
                  usbram2      udata   0x000240       data   0x00008f
              SFR_BANKED0      udata   0x000f53       data   0x00000d
            SFR_UNBANKED0      udata   0x000f60       data   0x0000a0



                              Program Memory Usage 
                               Start         End      
                           ---------   ---------      
                            0x000000    0x000005      
                            0x000008    0x00000d      
                            0x000018    0x00001d      
                            0x001000    0x00100f      
                            0x001018    0x002aea      
                            0x002aec    0x002cad      
                            0x300000    0x300003      
                            0x300005    0x300006      
                            0x300008    0x30000d      
            7363 out of 16408 program addresses used, program memory utilization is 44%



                              Symbols - Sorted by Name
                     Name    Address   Location    Storage File                     
                ---------  ---------  ---------  --------- ---------                
                CDCInitEP   0x0022f0    program     extern C:\Users\villaverde\Desktop\Kairos\Cardiomed\WCS Pulse\Prototype\Firmware\usb_function_cdc.c
             CDCTxService   0x002554    program     extern C:\Users\villaverde\Desktop\Kairos\Cardiomed\WCS Pulse\Prototype\Firmware\usb_function_cdc.c
                    D1K_1   0x002c5e    program     static E:\3.44\pic18-lt\cxx-framework\src\traditional\delays\d1ktcyx.asm
                     D1Kx   0x002c5c    program     static E:\3.44\pic18-lt\cxx-framework\src\traditional\delays\d1ktcyx.asm
                   D2424S   0x002bb4    program     static E:\3.44\pic18-lt\cxx-framework\src\traditional\math\fxd2424s.asm
                D2424SNEG   0x002bc2    program     static E:\3.44\pic18-lt\cxx-framework\src\traditional\math\fxd2424s.asm
                 D2424SOK   0x002bbe    program     static E:\3.44\pic18-lt\cxx-framework\src\traditional\math\fxd2424s.asm
                  D2424SX   0x002bda    program     static E:\3.44\pic18-lt\cxx-framework\src\traditional\math\fxd2424s.asm
                  DA2424S   0x002ba0    program     static E:\3.44\pic18-lt\cxx-framework\src\traditional\math\fxd2424s.asm
              Delay1KTCYx   0x002c52    program     extern E:\3.44\pic18-lt\cxx-framework\src\traditional\delays\d1ktcyx.asm
                Delay_1ms   0x00279e    program     extern C:\Users\villaverde\Desktop\Kairos\Cardiomed\WCS Pulse\Prototype\Firmware\main.c
              Delay_200ms   0x002786    program     extern C:\Users\villaverde\Desktop\Kairos\Cardiomed\WCS Pulse\Prototype\Firmware\main.c
                Delay_5ms   0x002792    program     extern C:\Users\villaverde\Desktop\Kairos\Cardiomed\WCS Pulse\Prototype\Firmware\main.c
                 FXD2424S   0x002b8a    program     extern E:\3.44\pic18-lt\cxx-framework\src\traditional\math\fxd2424s.asm
                 FXD2424U   0x002be4    program     extern E:\3.44\pic18-lt\cxx-framework\src\traditional\math\fxd2424u.c
                 High_ISR   0x000008    program     extern C:\Users\villaverde\Desktop\Kairos\Cardiomed\WCS Pulse\Prototype\Firmware\main.c
         InitializeSystem   0x00276a    program     static C:\Users\villaverde\Desktop\Kairos\Cardiomed\WCS Pulse\Prototype\Firmware\main.c
                  Low_ISR   0x000018    program     extern C:\Users\villaverde\Desktop\Kairos\Cardiomed\WCS Pulse\Prototype\Firmware\main.c
                ProcessIO   0x0027aa    program     extern C:\Users\villaverde\Desktop\Kairos\Cardiomed\WCS Pulse\Prototype\Firmware\main.c
        Remapped_High_ISR   0x001008    program     extern C:\Users\villaverde\Desktop\Kairos\Cardiomed\WCS Pulse\Prototype\Firmware\main.c
         Remapped_Low_ISR   0x001018    program     extern C:\Users\villaverde\Desktop\Kairos\Cardiomed\WCS Pulse\Prototype\Firmware\main.c
       USBCBCheckOtherReq   0x00294a    program     extern C:\Users\villaverde\Desktop\Kairos\Cardiomed\WCS Pulse\Prototype\Firmware\main.c
        USBCBErrorHandler   0x002948    program     extern C:\Users\villaverde\Desktop\Kairos\Cardiomed\WCS Pulse\Prototype\Firmware\main.c
              USBCBInitEP   0x002950    program     extern C:\Users\villaverde\Desktop\Kairos\Cardiomed\WCS Pulse\Prototype\Firmware\main.c
          USBCBSendResume   0x002954    program     extern C:\Users\villaverde\Desktop\Kairos\Cardiomed\WCS Pulse\Prototype\Firmware\main.c
    USBCBStdSetDscHandler   0x00294e    program     extern C:\Users\villaverde\Desktop\Kairos\Cardiomed\WCS Pulse\Prototype\Firmware\main.c
             USBCBSuspend   0x002944    program     extern C:\Users\villaverde\Desktop\Kairos\Cardiomed\WCS Pulse\Prototype\Firmware\main.c
     USBCBWakeFromSuspend   0x002946    program     extern C:\Users\villaverde\Desktop\Kairos\Cardiomed\WCS Pulse\Prototype\Firmware\main.c
              USBCancelIO   0x00216a    program     extern C:\Users\villaverde\Desktop\Kairos\Cardiomed\WCS Pulse\Prototype\Firmware\usb_device.c
       USBCheckCDCRequest   0x002254    program     extern C:\Users\villaverde\Desktop\Kairos\Cardiomed\WCS Pulse\Prototype\Firmware\usb_function_cdc.c
       USBCheckStdRequest   0x001556    program     static C:\Users\villaverde\Desktop\Kairos\Cardiomed\WCS Pulse\Prototype\Firmware\usb_device.c
     USBConfigureEndpoint   0x001e82    program     static C:\Users\villaverde\Desktop\Kairos\Cardiomed\WCS Pulse\Prototype\Firmware\usb_device.c
  USBCtrlEPAllowDataStage   0x00190a    program     extern C:\Users\villaverde\Desktop\Kairos\Cardiomed\WCS Pulse\Prototype\Firmware\usb_device.c
USBCtrlEPAllowStatusStage   0x001868    program     extern C:\Users\villaverde\Desktop\Kairos\Cardiomed\WCS Pulse\Prototype\Firmware\usb_device.c
         USBCtrlEPService   0x00132a    program     static C:\Users\villaverde\Desktop\Kairos\Cardiomed\WCS Pulse\Prototype\Firmware\usb_device.c
 USBCtrlEPServiceComplete   0x001af4    program     static C:\Users\villaverde\Desktop\Kairos\Cardiomed\WCS Pulse\Prototype\Firmware\usb_device.c
      USBCtrlTrfInHandler   0x0014a2    program     static C:\Users\villaverde\Desktop\Kairos\Cardiomed\WCS Pulse\Prototype\Firmware\usb_device.c
     USBCtrlTrfOutHandler   0x001458    program     static C:\Users\villaverde\Desktop\Kairos\Cardiomed\WCS Pulse\Prototype\Firmware\usb_device.c
      USBCtrlTrfRxService   0x001c74    program     static C:\Users\villaverde\Desktop\Kairos\Cardiomed\WCS Pulse\Prototype\Firmware\usb_device.c
   USBCtrlTrfSetupHandler   0x0013fa    program     static C:\Users\villaverde\Desktop\Kairos\Cardiomed\WCS Pulse\Prototype\Firmware\usb_device.c
      USBCtrlTrfTxService   0x001bb6    program     static C:\Users\villaverde\Desktop\Kairos\Cardiomed\WCS Pulse\Prototype\Firmware\usb_device.c
          USBDeviceAttach   0x002224    program     extern C:\Users\villaverde\Desktop\Kairos\Cardiomed\WCS Pulse\Prototype\Firmware\usb_device.c
          USBDeviceDetach   0x00221a    program     extern C:\Users\villaverde\Desktop\Kairos\Cardiomed\WCS Pulse\Prototype\Firmware\usb_device.c
            USBDeviceInit   0x00101e    program     extern C:\Users\villaverde\Desktop\Kairos\Cardiomed\WCS Pulse\Prototype\Firmware\usb_device.c
           USBDeviceTasks   0x00113e    program     extern C:\Users\villaverde\Desktop\Kairos\Cardiomed\WCS Pulse\Prototype\Firmware\usb_device.c
        USBEnableEndpoint   0x001f2e    program     extern C:\Users\villaverde\Desktop\Kairos\Cardiomed\WCS Pulse\Prototype\Firmware\usb_device.c
         USBStallEndpoint   0x001f9c    program     extern C:\Users\villaverde\Desktop\Kairos\Cardiomed\WCS Pulse\Prototype\Firmware\usb_device.c
          USBStallHandler   0x00129e    program     static C:\Users\villaverde\Desktop\Kairos\Cardiomed\WCS Pulse\Prototype\Firmware\usb_device.c
  USBStdFeatureReqHandler   0x001614    program     static C:\Users\villaverde\Desktop\Kairos\Cardiomed\WCS Pulse\Prototype\Firmware\usb_device.c
      USBStdGetDscHandler   0x001986    program     static C:\Users\villaverde\Desktop\Kairos\Cardiomed\WCS Pulse\Prototype\Firmware\usb_device.c
   USBStdGetStatusHandler   0x001a40    program     static C:\Users\villaverde\Desktop\Kairos\Cardiomed\WCS Pulse\Prototype\Firmware\usb_device.c
      USBStdSetCfgHandler   0x001db2    program     static C:\Users\villaverde\Desktop\Kairos\Cardiomed\WCS Pulse\Prototype\Firmware\usb_device.c
               USBSuspend   0x0012d2    program     static C:\Users\villaverde\Desktop\Kairos\Cardiomed\WCS Pulse\Prototype\Firmware\usb_device.c
     USBTransferOnePacket   0x002078    program     extern C:\Users\villaverde\Desktop\Kairos\Cardiomed\WCS Pulse\Prototype\Firmware\usb_device.c
       USBWakeFromSuspend   0x0012fc    program     static C:\Users\villaverde\Desktop\Kairos\Cardiomed\WCS Pulse\Prototype\Firmware\usb_device.c
               USB_CD_Ptr   0x002ae3    program     extern C:\Users\villaverde\Desktop\Kairos\Cardiomed\WCS Pulse\Prototype\Firmware\usb_descriptors.c
               USB_SD_Ptr   0x002ae5    program     extern C:\Users\villaverde\Desktop\Kairos\Cardiomed\WCS Pulse\Prototype\Firmware\usb_descriptors.c
USER_USB_CALLBACK_EVENT_HANDLER   0x00299c    program     extern C:\Users\villaverde\Desktop\Kairos\Cardiomed\WCS Pulse\Prototype\Firmware\main.c
  YourHighPriorityISRCode   0x0026a2    program     extern C:\Users\villaverde\Desktop\Kairos\Cardiomed\WCS Pulse\Prototype\Firmware\main.c
   YourLowPriorityISRCode   0x002738    program     extern C:\Users\villaverde\Desktop\Kairos\Cardiomed\WCS Pulse\Prototype\Firmware\main.c
              _2jContinue   0x002c3e    program     static E:\3.44\pic18-lt\cxx-framework\src\traditional\stdclib\memset.asm
                   _3jEnd   0x002c48    program     static E:\3.44\pic18-lt\cxx-framework\src\traditional\stdclib\memset.asm
        _D1KTCYXCODE_0010   0x002c62    program     static E:\3.44\pic18-lt\cxx-framework\src\traditional\delays\d1ktcyx.asm
        _D1KTCYXCODE_0016   0x002c68    program     static E:\3.44\pic18-lt\cxx-framework\src\traditional\delays\d1ktcyx.asm
       ___return_lbl00000   0x001004    program     static                          
       ___return_lbl00000   0x000004    program     static                          
       ___return_lbl00000   0x002c1c    program     static                          
       ___return_lbl00001   0x00100c    program     static                          
       ___return_lbl00001   0x002cac    program     static                          
       ___return_lbl00002   0x00101c    program     static                          
       ___return_lbl00002   0x002b88    program     static                          
       ___return_lbl00003   0x00000c    program     static                          
       ___return_lbl00004   0x00001c    program     static                          
               __config_0   0x300000    program     static C:\Users\villaverde\Desktop\Kairos\Cardiomed\WCS Pulse\Prototype\Firmware\main.c
               __config_1   0x300001    program     static C:\Users\villaverde\Desktop\Kairos\Cardiomed\WCS Pulse\Prototype\Firmware\main.c
              __config_10   0x30000c    program     static C:\Users\villaverde\Desktop\Kairos\Cardiomed\WCS Pulse\Prototype\Firmware\main.c
              __config_11   0x30000d    program     static C:\Users\villaverde\Desktop\Kairos\Cardiomed\WCS Pulse\Prototype\Firmware\main.c
               __config_2   0x300002    program     static C:\Users\villaverde\Desktop\Kairos\Cardiomed\WCS Pulse\Prototype\Firmware\main.c
               __config_3   0x300003    program     static C:\Users\villaverde\Desktop\Kairos\Cardiomed\WCS Pulse\Prototype\Firmware\main.c
               __config_4   0x300005    program     static C:\Users\villaverde\Desktop\Kairos\Cardiomed\WCS Pulse\Prototype\Firmware\main.c
               __config_5   0x300006    program     static C:\Users\villaverde\Desktop\Kairos\Cardiomed\WCS Pulse\Prototype\Firmware\main.c
               __config_6   0x300008    program     static C:\Users\villaverde\Desktop\Kairos\Cardiomed\WCS Pulse\Prototype\Firmware\main.c
               __config_7   0x300009    program     static C:\Users\villaverde\Desktop\Kairos\Cardiomed\WCS Pulse\Prototype\Firmware\main.c
               __config_8   0x30000a    program     static C:\Users\villaverde\Desktop\Kairos\Cardiomed\WCS Pulse\Prototype\Firmware\main.c
               __config_9   0x30000b    program     static C:\Users\villaverde\Desktop\Kairos\Cardiomed\WCS Pulse\Prototype\Firmware\main.c
                   __init   0x00100e    program     extern E:\3.44\pic18-lt\cxx-framework\src\traditional\stdclib\__init.c
            __zero_memory   0x002c72    program     extern E:\3.44\pic18-lt\cxx-framework\src\traditional\proc\p18f14k50.asm
                _do_cinit   0x002aec    program     extern E:\3.44\pic18-lt\cxx-framework\src\traditional\startup\c018i.c
                   _entry   0x000000    program     extern E:\3.44\pic18-lt\cxx-framework\src\traditional\startup\c018i.c
                   _false   0x002c18    program     static                          
                   _reset   0x001000    program     extern C:\Users\villaverde\Desktop\Kairos\Cardiomed\WCS Pulse\Prototype\Firmware\main.c
                 _startup   0x002c92    program     extern E:\3.44\pic18-lt\cxx-framework\src\traditional\startup\c018i.c
                compare_l   0x002c88    program     static E:\3.44\pic18-lt\cxx-framework\src\traditional\proc\p18f14k50.asm
        configDescriptor1   0x002a34    program     extern C:\Users\villaverde\Desktop\Kairos\Cardiomed\WCS Pulse\Prototype\Firmware\usb_descriptors.c
                copy_loop   0x002b5e    program     static                          
            copy_one_byte   0x002b64    program     static                          
               device_dsc   0x002a22    program     extern C:\Users\villaverde\Desktop\Kairos\Cardiomed\WCS Pulse\Prototype\Firmware\usb_descriptors.c
                     done   0x002b88    program     static                          
             done_copying   0x002b72    program     static                          
             getsUSBUSART   0x002358    program     extern C:\Users\villaverde\Desktop\Kairos\Cardiomed\WCS Pulse\Prototype\Firmware\usb_function_cdc.c
                     jEnd   0x002c50    program     static E:\3.44\pic18-lt\cxx-framework\src\traditional\stdclib\memset.asm
                    jLoop   0x002c32    program     static E:\3.44\pic18-lt\cxx-framework\src\traditional\stdclib\memset.asm
                     loop   0x002bf0    program     static                          
                     loop   0x002ca2    program     static                          
                   loop_h   0x002c80    program     static E:\3.44\pic18-lt\cxx-framework\src\traditional\proc\p18f14k50.asm
                   loop_l   0x002c8a    program     static E:\3.44\pic18-lt\cxx-framework\src\traditional\proc\p18f14k50.asm
                     main   0x00275a    program     extern C:\Users\villaverde\Desktop\Kairos\Cardiomed\WCS Pulse\Prototype\Firmware\main.c
                   memset   0x002c1e    program     extern E:\3.44\pic18-lt\cxx-framework\src\traditional\stdclib\memset.asm
              putUSBUSART   0x002418    program     extern C:\Users\villaverde\Desktop\Kairos\Cardiomed\WCS Pulse\Prototype\Firmware\usb_function_cdc.c
            putrsUSBUSART   0x0024ce    program     extern C:\Users\villaverde\Desktop\Kairos\Cardiomed\WCS Pulse\Prototype\Firmware\usb_function_cdc.c
             putsUSBUSART   0x00244a    program     extern C:\Users\villaverde\Desktop\Kairos\Cardiomed\WCS Pulse\Prototype\Firmware\usb_function_cdc.c
                    sd000   0x002a77    program     extern C:\Users\villaverde\Desktop\Kairos\Cardiomed\WCS Pulse\Prototype\Firmware\usb_descriptors.c
                    sd001   0x002a7b    program     extern C:\Users\villaverde\Desktop\Kairos\Cardiomed\WCS Pulse\Prototype\Firmware\usb_descriptors.c
                    sd002   0x002aaf    program     extern C:\Users\villaverde\Desktop\Kairos\Cardiomed\WCS Pulse\Prototype\Firmware\usb_descriptors.c
                     test   0x002b06    program     static                          
               zero_block   0x002c80    program     static E:\3.44\pic18-lt\cxx-framework\src\traditional\proc\p18f14k50.asm
                   ADCON0   0x000fc2       data     extern E:\3.44\pic18-lt\cxx-framework\src\traditional\proc\p18f14k50.asm
               ADCON0bits   0x000fc2       data     extern E:\3.44\pic18-lt\cxx-framework\src\traditional\proc\p18f14k50.asm
                   ADCON1   0x000fc1       data     extern E:\3.44\pic18-lt\cxx-framework\src\traditional\proc\p18f14k50.asm
               ADCON1bits   0x000fc1       data     extern E:\3.44\pic18-lt\cxx-framework\src\traditional\proc\p18f14k50.asm
                   ADCON2   0x000fc0       data     extern E:\3.44\pic18-lt\cxx-framework\src\traditional\proc\p18f14k50.asm
               ADCON2bits   0x000fc0       data     extern E:\3.44\pic18-lt\cxx-framework\src\traditional\proc\p18f14k50.asm
                    ADRES   0x000fc3       data     extern E:\3.44\pic18-lt\cxx-framework\src\traditional\proc\p18f14k50.asm
                   ADRESH   0x000fc4       data     extern E:\3.44\pic18-lt\cxx-framework\src\traditional\proc\p18f14k50.asm
                   ADRESL   0x000fc3       data     extern E:\3.44\pic18-lt\cxx-framework\src\traditional\proc\p18f14k50.asm
                    ANSEL   0x000f7e       data     extern E:\3.44\pic18-lt\cxx-framework\src\traditional\proc\p18f14k50.asm
                   ANSELH   0x000f7f       data     extern E:\3.44\pic18-lt\cxx-framework\src\traditional\proc\p18f14k50.asm
               ANSELHbits   0x000f7f       data     extern E:\3.44\pic18-lt\cxx-framework\src\traditional\proc\p18f14k50.asm
                ANSELbits   0x000f7e       data     extern E:\3.44\pic18-lt\cxx-framework\src\traditional\proc\p18f14k50.asm
                  BAUDCON   0x000fb8       data     extern E:\3.44\pic18-lt\cxx-framework\src\traditional\proc\p18f14k50.asm
              BAUDCONbits   0x000fb8       data     extern E:\3.44\pic18-lt\cxx-framework\src\traditional\proc\p18f14k50.asm
                  BAUDCTL   0x000fb8       data     extern E:\3.44\pic18-lt\cxx-framework\src\traditional\proc\p18f14k50.asm
              BAUDCTLbits   0x000fb8       data     extern E:\3.44\pic18-lt\cxx-framework\src\traditional\proc\p18f14k50.asm
                      BDT   0x000200       data     extern C:\Users\villaverde\Desktop\Kairos\Cardiomed\WCS Pulse\Prototype\Firmware\usb_device.c
                      BSR   0x000fe0       data     extern E:\3.44\pic18-lt\cxx-framework\src\traditional\proc\p18f14k50.asm
              BaudRateGen   0x0000e5       data     extern C:\Users\villaverde\Desktop\Kairos\Cardiomed\WCS Pulse\Prototype\Firmware\usb_function_cdc.c
       BothEP0OutUOWNsSet   0x0000cb       data     extern C:\Users\villaverde\Desktop\Kairos\Cardiomed\WCS Pulse\Prototype\Firmware\usb_device.c
                  CCP1CON   0x000fbd       data     extern E:\3.44\pic18-lt\cxx-framework\src\traditional\proc\p18f14k50.asm
              CCP1CONbits   0x000fbd       data     extern E:\3.44\pic18-lt\cxx-framework\src\traditional\proc\p18f14k50.asm
                    CCPR1   0x000fbe       data     extern E:\3.44\pic18-lt\cxx-framework\src\traditional\proc\p18f14k50.asm
                   CCPR1H   0x000fbf       data     extern E:\3.44\pic18-lt\cxx-framework\src\traditional\proc\p18f14k50.asm
                   CCPR1L   0x000fbe       data     extern E:\3.44\pic18-lt\cxx-framework\src\traditional\proc\p18f14k50.asm
          CDCDataInHandle   0x0000e2       data     extern C:\Users\villaverde\Desktop\Kairos\Cardiomed\WCS Pulse\Prototype\Firmware\usb_function_cdc.c
         CDCDataOutHandle   0x0000e0       data     extern C:\Users\villaverde\Desktop\Kairos\Cardiomed\WCS Pulse\Prototype\Firmware\usb_function_cdc.c
                  CM1CON0   0x000f6d       data     extern E:\3.44\pic18-lt\cxx-framework\src\traditional\proc\p18f14k50.asm
              CM1CON0bits   0x000f6d       data     extern E:\3.44\pic18-lt\cxx-framework\src\traditional\proc\p18f14k50.asm
                  CM2CON0   0x000f6b       data     extern E:\3.44\pic18-lt\cxx-framework\src\traditional\proc\p18f14k50.asm
              CM2CON0bits   0x000f6b       data     extern E:\3.44\pic18-lt\cxx-framework\src\traditional\proc\p18f14k50.asm
                  CM2CON1   0x000f6c       data     extern E:\3.44\pic18-lt\cxx-framework\src\traditional\proc\p18f14k50.asm
              CM2CON1bits   0x000f6c       data     extern E:\3.44\pic18-lt\cxx-framework\src\traditional\proc\p18f14k50.asm
              CtrlTrfData   0x000238       data     extern C:\Users\villaverde\Desktop\Kairos\Cardiomed\WCS Pulse\Prototype\Firmware\usb_device.c
                     DDRA   0x000f92       data     extern E:\3.44\pic18-lt\cxx-framework\src\traditional\proc\p18f14k50.asm
                 DDRAbits   0x000f92       data     extern E:\3.44\pic18-lt\cxx-framework\src\traditional\proc\p18f14k50.asm
                     DDRB   0x000f93       data     extern E:\3.44\pic18-lt\cxx-framework\src\traditional\proc\p18f14k50.asm
                 DDRBbits   0x000f93       data     extern E:\3.44\pic18-lt\cxx-framework\src\traditional\proc\p18f14k50.asm
                     DDRC   0x000f94       data     extern E:\3.44\pic18-lt\cxx-framework\src\traditional\proc\p18f14k50.asm
                 DDRCbits   0x000f94       data     extern E:\3.44\pic18-lt\cxx-framework\src\traditional\proc\p18f14k50.asm
            DelayCounter1   0x000016       data     extern E:\3.44\pic18-lt\cxx-framework\src\traditional\delays\delayd1.asm
                  ECCP1AS   0x000fb6       data     extern E:\3.44\pic18-lt\cxx-framework\src\traditional\proc\p18f14k50.asm
              ECCP1ASbits   0x000fb6       data     extern E:\3.44\pic18-lt\cxx-framework\src\traditional\proc\p18f14k50.asm
                    EEADR   0x000fa9       data     extern E:\3.44\pic18-lt\cxx-framework\src\traditional\proc\p18f14k50.asm
                EEADRbits   0x000fa9       data     extern E:\3.44\pic18-lt\cxx-framework\src\traditional\proc\p18f14k50.asm
                   EECON1   0x000fa6       data     extern E:\3.44\pic18-lt\cxx-framework\src\traditional\proc\p18f14k50.asm
               EECON1bits   0x000fa6       data     extern E:\3.44\pic18-lt\cxx-framework\src\traditional\proc\p18f14k50.asm
                   EECON2   0x000fa7       data     extern E:\3.44\pic18-lt\cxx-framework\src\traditional\proc\p18f14k50.asm
                   EEDATA   0x000fa8       data     extern E:\3.44\pic18-lt\cxx-framework\src\traditional\proc\p18f14k50.asm
                     FSR0   0x000fe9       data     extern E:\3.44\pic18-lt\cxx-framework\src\traditional\proc\p18f14k50.asm
                    FSR0H   0x000fea       data     extern E:\3.44\pic18-lt\cxx-framework\src\traditional\proc\p18f14k50.asm
                    FSR0L   0x000fe9       data     extern E:\3.44\pic18-lt\cxx-framework\src\traditional\proc\p18f14k50.asm
                     FSR1   0x000fe1       data     extern E:\3.44\pic18-lt\cxx-framework\src\traditional\proc\p18f14k50.asm
                    FSR1H   0x000fe2       data     extern E:\3.44\pic18-lt\cxx-framework\src\traditional\proc\p18f14k50.asm
                    FSR1L   0x000fe1       data     extern E:\3.44\pic18-lt\cxx-framework\src\traditional\proc\p18f14k50.asm
                     FSR2   0x000fd9       data     extern E:\3.44\pic18-lt\cxx-framework\src\traditional\proc\p18f14k50.asm
                    FSR2H   0x000fda       data     extern E:\3.44\pic18-lt\cxx-framework\src\traditional\proc\p18f14k50.asm
                    FSR2L   0x000fd9       data     extern E:\3.44\pic18-lt\cxx-framework\src\traditional\proc\p18f14k50.asm
                    INDF0   0x000fef       data     extern E:\3.44\pic18-lt\cxx-framework\src\traditional\proc\p18f14k50.asm
                    INDF1   0x000fe7       data     extern E:\3.44\pic18-lt\cxx-framework\src\traditional\proc\p18f14k50.asm
                    INDF2   0x000fdf       data     extern E:\3.44\pic18-lt\cxx-framework\src\traditional\proc\p18f14k50.asm
                   INTCON   0x000ff2       data     extern E:\3.44\pic18-lt\cxx-framework\src\traditional\proc\p18f14k50.asm
                  INTCON2   0x000ff1       data     extern E:\3.44\pic18-lt\cxx-framework\src\traditional\proc\p18f14k50.asm
              INTCON2bits   0x000ff1       data     extern E:\3.44\pic18-lt\cxx-framework\src\traditional\proc\p18f14k50.asm
                  INTCON3   0x000ff0       data     extern E:\3.44\pic18-lt\cxx-framework\src\traditional\proc\p18f14k50.asm
              INTCON3bits   0x000ff0       data     extern E:\3.44\pic18-lt\cxx-framework\src\traditional\proc\p18f14k50.asm
               INTCONbits   0x000ff2       data     extern E:\3.44\pic18-lt\cxx-framework\src\traditional\proc\p18f14k50.asm
                     IOCA   0x000f79       data     extern E:\3.44\pic18-lt\cxx-framework\src\traditional\proc\p18f14k50.asm
                 IOCAbits   0x000f79       data     extern E:\3.44\pic18-lt\cxx-framework\src\traditional\proc\p18f14k50.asm
                     IOCB   0x000f7a       data     extern E:\3.44\pic18-lt\cxx-framework\src\traditional\proc\p18f14k50.asm
                 IOCBbits   0x000f7a       data     extern E:\3.44\pic18-lt\cxx-framework\src\traditional\proc\p18f14k50.asm
                     IPR1   0x000f9f       data     extern E:\3.44\pic18-lt\cxx-framework\src\traditional\proc\p18f14k50.asm
                 IPR1bits   0x000f9f       data     extern E:\3.44\pic18-lt\cxx-framework\src\traditional\proc\p18f14k50.asm
                     IPR2   0x000fa2       data     extern E:\3.44\pic18-lt\cxx-framework\src\traditional\proc\p18f14k50.asm
                 IPR2bits   0x000fa2       data     extern E:\3.44\pic18-lt\cxx-framework\src\traditional\proc\p18f14k50.asm
                     LATA   0x000f89       data     extern E:\3.44\pic18-lt\cxx-framework\src\traditional\proc\p18f14k50.asm
                 LATAbits   0x000f89       data     extern E:\3.44\pic18-lt\cxx-framework\src\traditional\proc\p18f14k50.asm
                     LATB   0x000f8a       data     extern E:\3.44\pic18-lt\cxx-framework\src\traditional\proc\p18f14k50.asm
                 LATBbits   0x000f8a       data     extern E:\3.44\pic18-lt\cxx-framework\src\traditional\proc\p18f14k50.asm
                     LATC   0x000f8b       data     extern E:\3.44\pic18-lt\cxx-framework\src\traditional\proc\p18f14k50.asm
                 LATCbits   0x000f8b       data     extern E:\3.44\pic18-lt\cxx-framework\src\traditional\proc\p18f14k50.asm
                   OSCCON   0x000fd3       data     extern E:\3.44\pic18-lt\cxx-framework\src\traditional\proc\p18f14k50.asm
                  OSCCON2   0x000fd2       data     extern E:\3.44\pic18-lt\cxx-framework\src\traditional\proc\p18f14k50.asm
              OSCCON2bits   0x000fd2       data     extern E:\3.44\pic18-lt\cxx-framework\src\traditional\proc\p18f14k50.asm
               OSCCONbits   0x000fd3       data     extern E:\3.44\pic18-lt\cxx-framework\src\traditional\proc\p18f14k50.asm
                  OSCTUNE   0x000f9b       data     extern E:\3.44\pic18-lt\cxx-framework\src\traditional\proc\p18f14k50.asm
              OSCTUNEbits   0x000f9b       data     extern E:\3.44\pic18-lt\cxx-framework\src\traditional\proc\p18f14k50.asm
                       PC   0x000ff9       data     extern E:\3.44\pic18-lt\cxx-framework\src\traditional\proc\p18f14k50.asm
                      PCL   0x000ff9       data     extern E:\3.44\pic18-lt\cxx-framework\src\traditional\proc\p18f14k50.asm
                   PCLATH   0x000ffa       data     extern E:\3.44\pic18-lt\cxx-framework\src\traditional\proc\p18f14k50.asm
                   PCLATU   0x000ffb       data     extern E:\3.44\pic18-lt\cxx-framework\src\traditional\proc\p18f14k50.asm
                     PIE1   0x000f9d       data     extern E:\3.44\pic18-lt\cxx-framework\src\traditional\proc\p18f14k50.asm
                 PIE1bits   0x000f9d       data     extern E:\3.44\pic18-lt\cxx-framework\src\traditional\proc\p18f14k50.asm
                     PIE2   0x000fa0       data     extern E:\3.44\pic18-lt\cxx-framework\src\traditional\proc\p18f14k50.asm
                 PIE2bits   0x000fa0       data     extern E:\3.44\pic18-lt\cxx-framework\src\traditional\proc\p18f14k50.asm
                     PIR1   0x000f9e       data     extern E:\3.44\pic18-lt\cxx-framework\src\traditional\proc\p18f14k50.asm
                 PIR1bits   0x000f9e       data     extern E:\3.44\pic18-lt\cxx-framework\src\traditional\proc\p18f14k50.asm
                     PIR2   0x000fa1       data     extern E:\3.44\pic18-lt\cxx-framework\src\traditional\proc\p18f14k50.asm
                 PIR2bits   0x000fa1       data     extern E:\3.44\pic18-lt\cxx-framework\src\traditional\proc\p18f14k50.asm
                   PLUSW0   0x000feb       data     extern E:\3.44\pic18-lt\cxx-framework\src\traditional\proc\p18f14k50.asm
                   PLUSW1   0x000fe3       data     extern E:\3.44\pic18-lt\cxx-framework\src\traditional\proc\p18f14k50.asm
                   PLUSW2   0x000fdb       data     extern E:\3.44\pic18-lt\cxx-framework\src\traditional\proc\p18f14k50.asm
                    PORTA   0x000f80       data     extern E:\3.44\pic18-lt\cxx-framework\src\traditional\proc\p18f14k50.asm
                PORTAbits   0x000f80       data     extern E:\3.44\pic18-lt\cxx-framework\src\traditional\proc\p18f14k50.asm
                    PORTB   0x000f81       data     extern E:\3.44\pic18-lt\cxx-framework\src\traditional\proc\p18f14k50.asm
                PORTBbits   0x000f81       data     extern E:\3.44\pic18-lt\cxx-framework\src\traditional\proc\p18f14k50.asm
                    PORTC   0x000f82       data     extern E:\3.44\pic18-lt\cxx-framework\src\traditional\proc\p18f14k50.asm
                PORTCbits   0x000f82       data     extern E:\3.44\pic18-lt\cxx-framework\src\traditional\proc\p18f14k50.asm
                 POSTDEC0   0x000fed       data     extern E:\3.44\pic18-lt\cxx-framework\src\traditional\proc\p18f14k50.asm
                 POSTDEC1   0x000fe5       data     extern E:\3.44\pic18-lt\cxx-framework\src\traditional\proc\p18f14k50.asm
                 POSTDEC2   0x000fdd       data     extern E:\3.44\pic18-lt\cxx-framework\src\traditional\proc\p18f14k50.asm
                 POSTINC0   0x000fee       data     extern E:\3.44\pic18-lt\cxx-framework\src\traditional\proc\p18f14k50.asm
                 POSTINC1   0x000fe6       data     extern E:\3.44\pic18-lt\cxx-framework\src\traditional\proc\p18f14k50.asm
                 POSTINC2   0x000fde       data     extern E:\3.44\pic18-lt\cxx-framework\src\traditional\proc\p18f14k50.asm
                      PR2   0x000fcb       data     extern E:\3.44\pic18-lt\cxx-framework\src\traditional\proc\p18f14k50.asm
                  PREINC0   0x000fec       data     extern E:\3.44\pic18-lt\cxx-framework\src\traditional\proc\p18f14k50.asm
                  PREINC1   0x000fe4       data     extern E:\3.44\pic18-lt\cxx-framework\src\traditional\proc\p18f14k50.asm
                  PREINC2   0x000fdc       data     extern E:\3.44\pic18-lt\cxx-framework\src\traditional\proc\p18f14k50.asm
                     PROD   0x000ff3       data     extern E:\3.44\pic18-lt\cxx-framework\src\traditional\proc\p18f14k50.asm
                    PRODH   0x000ff4       data     extern E:\3.44\pic18-lt\cxx-framework\src\traditional\proc\p18f14k50.asm
                    PRODL   0x000ff3       data     extern E:\3.44\pic18-lt\cxx-framework\src\traditional\proc\p18f14k50.asm
                  PSTRCON   0x000fb9       data     extern E:\3.44\pic18-lt\cxx-framework\src\traditional\proc\p18f14k50.asm
              PSTRCONbits   0x000fb9       data     extern E:\3.44\pic18-lt\cxx-framework\src\traditional\proc\p18f14k50.asm
                  PWM1CON   0x000fb7       data     extern E:\3.44\pic18-lt\cxx-framework\src\traditional\proc\p18f14k50.asm
              PWM1CONbits   0x000fb7       data     extern E:\3.44\pic18-lt\cxx-framework\src\traditional\proc\p18f14k50.asm
                     RCON   0x000fd0       data     extern E:\3.44\pic18-lt\cxx-framework\src\traditional\proc\p18f14k50.asm
                 RCONbits   0x000fd0       data     extern E:\3.44\pic18-lt\cxx-framework\src\traditional\proc\p18f14k50.asm
                    RCREG   0x000fae       data     extern E:\3.44\pic18-lt\cxx-framework\src\traditional\proc\p18f14k50.asm
                    RCSTA   0x000fab       data     extern E:\3.44\pic18-lt\cxx-framework\src\traditional\proc\p18f14k50.asm
                RCSTAbits   0x000fab       data     extern E:\3.44\pic18-lt\cxx-framework\src\traditional\proc\p18f14k50.asm
                  REFCON0   0x000fba       data     extern E:\3.44\pic18-lt\cxx-framework\src\traditional\proc\p18f14k50.asm
              REFCON0bits   0x000fba       data     extern E:\3.44\pic18-lt\cxx-framework\src\traditional\proc\p18f14k50.asm
                  REFCON1   0x000fbb       data     extern E:\3.44\pic18-lt\cxx-framework\src\traditional\proc\p18f14k50.asm
              REFCON1bits   0x000fbb       data     extern E:\3.44\pic18-lt\cxx-framework\src\traditional\proc\p18f14k50.asm
                  REFCON2   0x000fbc       data     extern E:\3.44\pic18-lt\cxx-framework\src\traditional\proc\p18f14k50.asm
              REFCON2bits   0x000fbc       data     extern E:\3.44\pic18-lt\cxx-framework\src\traditional\proc\p18f14k50.asm
             RemoteWakeup   0x0000c7       data     extern C:\Users\villaverde\Desktop\Kairos\Cardiomed\WCS Pulse\Prototype\Firmware\usb_device.c
                     SIGN   0x000000       data     extern E:\3.44\pic18-lt\cxx-framework\src\traditional\math\cmath18.asm
                   SLRCON   0x000f76       data     extern E:\3.44\pic18-lt\cxx-framework\src\traditional\proc\p18f14k50.asm
               SLRCONbits   0x000f76       data     extern E:\3.44\pic18-lt\cxx-framework\src\traditional\proc\p18f14k50.asm
                    SPBRG   0x000faf       data     extern E:\3.44\pic18-lt\cxx-framework\src\traditional\proc\p18f14k50.asm
                   SPBRGH   0x000fb0       data     extern E:\3.44\pic18-lt\cxx-framework\src\traditional\proc\p18f14k50.asm
                   SRCON0   0x000f68       data     extern E:\3.44\pic18-lt\cxx-framework\src\traditional\proc\p18f14k50.asm
               SRCON0bits   0x000f68       data     extern E:\3.44\pic18-lt\cxx-framework\src\traditional\proc\p18f14k50.asm
                   SRCON1   0x000f69       data     extern E:\3.44\pic18-lt\cxx-framework\src\traditional\proc\p18f14k50.asm
               SRCON1bits   0x000f69       data     extern E:\3.44\pic18-lt\cxx-framework\src\traditional\proc\p18f14k50.asm
                   SSPADD   0x000fc8       data     extern E:\3.44\pic18-lt\cxx-framework\src\traditional\proc\p18f14k50.asm
                   SSPBUF   0x000fc9       data     extern E:\3.44\pic18-lt\cxx-framework\src\traditional\proc\p18f14k50.asm
                  SSPCON1   0x000fc6       data     extern E:\3.44\pic18-lt\cxx-framework\src\traditional\proc\p18f14k50.asm
              SSPCON1bits   0x000fc6       data     extern E:\3.44\pic18-lt\cxx-framework\src\traditional\proc\p18f14k50.asm
                  SSPCON2   0x000fc5       data     extern E:\3.44\pic18-lt\cxx-framework\src\traditional\proc\p18f14k50.asm
              SSPCON2bits   0x000fc5       data     extern E:\3.44\pic18-lt\cxx-framework\src\traditional\proc\p18f14k50.asm
                   SSPMSK   0x000f6f       data     extern E:\3.44\pic18-lt\cxx-framework\src\traditional\proc\p18f14k50.asm
               SSPMSKbits   0x000f6f       data     extern E:\3.44\pic18-lt\cxx-framework\src\traditional\proc\p18f14k50.asm
                  SSPSTAT   0x000fc7       data     extern E:\3.44\pic18-lt\cxx-framework\src\traditional\proc\p18f14k50.asm
              SSPSTATbits   0x000fc7       data     extern E:\3.44\pic18-lt\cxx-framework\src\traditional\proc\p18f14k50.asm
                   STATUS   0x000fd8       data     extern E:\3.44\pic18-lt\cxx-framework\src\traditional\proc\p18f14k50.asm
               STATUSbits   0x000fd8       data     extern E:\3.44\pic18-lt\cxx-framework\src\traditional\proc\p18f14k50.asm
                   STKPTR   0x000ffc       data     extern E:\3.44\pic18-lt\cxx-framework\src\traditional\proc\p18f14k50.asm
               STKPTRbits   0x000ffc       data     extern E:\3.44\pic18-lt\cxx-framework\src\traditional\proc\p18f14k50.asm
                 SetupPkt   0x000230       data     extern C:\Users\villaverde\Desktop\Kairos\Cardiomed\WCS Pulse\Prototype\Firmware\usb_device.c
                    T0CON   0x000fd5       data     extern E:\3.44\pic18-lt\cxx-framework\src\traditional\proc\p18f14k50.asm
                T0CONbits   0x000fd5       data     extern E:\3.44\pic18-lt\cxx-framework\src\traditional\proc\p18f14k50.asm
                    T1CON   0x000fcd       data     extern E:\3.44\pic18-lt\cxx-framework\src\traditional\proc\p18f14k50.asm
                T1CONbits   0x000fcd       data     extern E:\3.44\pic18-lt\cxx-framework\src\traditional\proc\p18f14k50.asm
                    T2CON   0x000fca       data     extern E:\3.44\pic18-lt\cxx-framework\src\traditional\proc\p18f14k50.asm
                T2CONbits   0x000fca       data     extern E:\3.44\pic18-lt\cxx-framework\src\traditional\proc\p18f14k50.asm
                    T3CON   0x000fb1       data     extern E:\3.44\pic18-lt\cxx-framework\src\traditional\proc\p18f14k50.asm
                T3CONbits   0x000fb1       data     extern E:\3.44\pic18-lt\cxx-framework\src\traditional\proc\p18f14k50.asm
                   TABLAT   0x000ff5       data     extern E:\3.44\pic18-lt\cxx-framework\src\traditional\proc\p18f14k50.asm
                   TBLPTR   0x000ff6       data     extern E:\3.44\pic18-lt\cxx-framework\src\traditional\proc\p18f14k50.asm
                  TBLPTRH   0x000ff7       data     extern E:\3.44\pic18-lt\cxx-framework\src\traditional\proc\p18f14k50.asm
                  TBLPTRL   0x000ff6       data     extern E:\3.44\pic18-lt\cxx-framework\src\traditional\proc\p18f14k50.asm
                  TBLPTRU   0x000ff8       data     extern E:\3.44\pic18-lt\cxx-framework\src\traditional\proc\p18f14k50.asm
                    TMR0H   0x000fd7       data     extern E:\3.44\pic18-lt\cxx-framework\src\traditional\proc\p18f14k50.asm
                    TMR0L   0x000fd6       data     extern E:\3.44\pic18-lt\cxx-framework\src\traditional\proc\p18f14k50.asm
                    TMR1H   0x000fcf       data     extern E:\3.44\pic18-lt\cxx-framework\src\traditional\proc\p18f14k50.asm
                    TMR1L   0x000fce       data     extern E:\3.44\pic18-lt\cxx-framework\src\traditional\proc\p18f14k50.asm
                     TMR2   0x000fcc       data     extern E:\3.44\pic18-lt\cxx-framework\src\traditional\proc\p18f14k50.asm
                    TMR3H   0x000fb3       data     extern E:\3.44\pic18-lt\cxx-framework\src\traditional\proc\p18f14k50.asm
                    TMR3L   0x000fb2       data     extern E:\3.44\pic18-lt\cxx-framework\src\traditional\proc\p18f14k50.asm
                      TOS   0x000ffd       data     extern E:\3.44\pic18-lt\cxx-framework\src\traditional\proc\p18f14k50.asm
                     TOSH   0x000ffe       data     extern E:\3.44\pic18-lt\cxx-framework\src\traditional\proc\p18f14k50.asm
                     TOSL   0x000ffd       data     extern E:\3.44\pic18-lt\cxx-framework\src\traditional\proc\p18f14k50.asm
                     TOSU   0x000fff       data     extern E:\3.44\pic18-lt\cxx-framework\src\traditional\proc\p18f14k50.asm
                    TRISA   0x000f92       data     extern E:\3.44\pic18-lt\cxx-framework\src\traditional\proc\p18f14k50.asm
                TRISAbits   0x000f92       data     extern E:\3.44\pic18-lt\cxx-framework\src\traditional\proc\p18f14k50.asm
                    TRISB   0x000f93       data     extern E:\3.44\pic18-lt\cxx-framework\src\traditional\proc\p18f14k50.asm
                TRISBbits   0x000f93       data     extern E:\3.44\pic18-lt\cxx-framework\src\traditional\proc\p18f14k50.asm
                    TRISC   0x000f94       data     extern E:\3.44\pic18-lt\cxx-framework\src\traditional\proc\p18f14k50.asm
                TRISCbits   0x000f94       data     extern E:\3.44\pic18-lt\cxx-framework\src\traditional\proc\p18f14k50.asm
                    TXREG   0x000fad       data     extern E:\3.44\pic18-lt\cxx-framework\src\traditional\proc\p18f14k50.asm
                    TXSTA   0x000fac       data     extern E:\3.44\pic18-lt\cxx-framework\src\traditional\proc\p18f14k50.asm
                TXSTAbits   0x000fac       data     extern E:\3.44\pic18-lt\cxx-framework\src\traditional\proc\p18f14k50.asm
                    UADDR   0x000f5c       data     extern E:\3.44\pic18-lt\cxx-framework\src\traditional\proc\p18f14k50.asm
                UADDRbits   0x000f5c       data     extern E:\3.44\pic18-lt\cxx-framework\src\traditional\proc\p18f14k50.asm
                     UCFG   0x000f61       data     extern E:\3.44\pic18-lt\cxx-framework\src\traditional\proc\p18f14k50.asm
                 UCFGbits   0x000f61       data     extern E:\3.44\pic18-lt\cxx-framework\src\traditional\proc\p18f14k50.asm
                     UCON   0x000f64       data     extern E:\3.44\pic18-lt\cxx-framework\src\traditional\proc\p18f14k50.asm
                 UCONbits   0x000f64       data     extern E:\3.44\pic18-lt\cxx-framework\src\traditional\proc\p18f14k50.asm
                     UEIE   0x000f5b       data     extern E:\3.44\pic18-lt\cxx-framework\src\traditional\proc\p18f14k50.asm
                 UEIEbits   0x000f5b       data     extern E:\3.44\pic18-lt\cxx-framework\src\traditional\proc\p18f14k50.asm
                     UEIR   0x000f5f       data     extern E:\3.44\pic18-lt\cxx-framework\src\traditional\proc\p18f14k50.asm
                 UEIRbits   0x000f5f       data     extern E:\3.44\pic18-lt\cxx-framework\src\traditional\proc\p18f14k50.asm
                     UEP0   0x000f53       data     extern E:\3.44\pic18-lt\cxx-framework\src\traditional\proc\p18f14k50.asm
                 UEP0bits   0x000f53       data     extern E:\3.44\pic18-lt\cxx-framework\src\traditional\proc\p18f14k50.asm
                     UEP1   0x000f54       data     extern E:\3.44\pic18-lt\cxx-framework\src\traditional\proc\p18f14k50.asm
                 UEP1bits   0x000f54       data     extern E:\3.44\pic18-lt\cxx-framework\src\traditional\proc\p18f14k50.asm
                     UEP2   0x000f55       data     extern E:\3.44\pic18-lt\cxx-framework\src\traditional\proc\p18f14k50.asm
                 UEP2bits   0x000f55       data     extern E:\3.44\pic18-lt\cxx-framework\src\traditional\proc\p18f14k50.asm
                     UEP3   0x000f56       data     extern E:\3.44\pic18-lt\cxx-framework\src\traditional\proc\p18f14k50.asm
                 UEP3bits   0x000f56       data     extern E:\3.44\pic18-lt\cxx-framework\src\traditional\proc\p18f14k50.asm
                     UEP4   0x000f57       data     extern E:\3.44\pic18-lt\cxx-framework\src\traditional\proc\p18f14k50.asm
                 UEP4bits   0x000f57       data     extern E:\3.44\pic18-lt\cxx-framework\src\traditional\proc\p18f14k50.asm
                     UEP5   0x000f58       data     extern E:\3.44\pic18-lt\cxx-framework\src\traditional\proc\p18f14k50.asm
                 UEP5bits   0x000f58       data     extern E:\3.44\pic18-lt\cxx-framework\src\traditional\proc\p18f14k50.asm
                     UEP6   0x000f59       data     extern E:\3.44\pic18-lt\cxx-framework\src\traditional\proc\p18f14k50.asm
                 UEP6bits   0x000f59       data     extern E:\3.44\pic18-lt\cxx-framework\src\traditional\proc\p18f14k50.asm
                     UEP7   0x000f5a       data     extern E:\3.44\pic18-lt\cxx-framework\src\traditional\proc\p18f14k50.asm
                 UEP7bits   0x000f5a       data     extern E:\3.44\pic18-lt\cxx-framework\src\traditional\proc\p18f14k50.asm
                    UFRMH   0x000f5e       data     extern E:\3.44\pic18-lt\cxx-framework\src\traditional\proc\p18f14k50.asm
                UFRMHbits   0x000f5e       data     extern E:\3.44\pic18-lt\cxx-framework\src\traditional\proc\p18f14k50.asm
                    UFRML   0x000f5d       data     extern E:\3.44\pic18-lt\cxx-framework\src\traditional\proc\p18f14k50.asm
                UFRMLbits   0x000f5d       data     extern E:\3.44\pic18-lt\cxx-framework\src\traditional\proc\p18f14k50.asm
                      UIE   0x000f60       data     extern E:\3.44\pic18-lt\cxx-framework\src\traditional\proc\p18f14k50.asm
                  UIEbits   0x000f60       data     extern E:\3.44\pic18-lt\cxx-framework\src\traditional\proc\p18f14k50.asm
                      UIR   0x000f62       data     extern E:\3.44\pic18-lt\cxx-framework\src\traditional\proc\p18f14k50.asm
                  UIRbits   0x000f62       data     extern E:\3.44\pic18-lt\cxx-framework\src\traditional\proc\p18f14k50.asm
   USBActiveConfiguration   0x0000a5       data     extern C:\Users\villaverde\Desktop\Kairos\Cardiomed\WCS Pulse\Prototype\Firmware\usb_device.c
    USBAlternateInterface   0x0000a6       data     extern C:\Users\villaverde\Desktop\Kairos\Cardiomed\WCS Pulse\Prototype\Firmware\usb_device.c
        USBBusIsSuspended   0x0000c8       data     extern C:\Users\villaverde\Desktop\Kairos\Cardiomed\WCS Pulse\Prototype\Firmware\usb_device.c
USBDeferINDataStagePackets   0x0000d6       data     extern C:\Users\villaverde\Desktop\Kairos\Cardiomed\WCS Pulse\Prototype\Firmware\usb_device.c
USBDeferOUTDataStagePackets   0x0000d7       data     extern C:\Users\villaverde\Desktop\Kairos\Cardiomed\WCS Pulse\Prototype\Firmware\usb_device.c
USBDeferStatusStagePacket   0x0000d3       data     extern C:\Users\villaverde\Desktop\Kairos\Cardiomed\WCS Pulse\Prototype\Firmware\usb_device.c
           USBDeviceState   0x0000a4       data     extern C:\Users\villaverde\Desktop\Kairos\Cardiomed\WCS Pulse\Prototype\Firmware\usb_device.c
USBStatusStageEnabledFlag1   0x0000d4       data     extern C:\Users\villaverde\Desktop\Kairos\Cardiomed\WCS Pulse\Prototype\Firmware\usb_device.c
USBStatusStageEnabledFlag2   0x0000d5       data     extern C:\Users\villaverde\Desktop\Kairos\Cardiomed\WCS Pulse\Prototype\Firmware\usb_device.c
USBStatusStageTimeoutCounter   0x0000d2       data     extern C:\Users\villaverde\Desktop\Kairos\Cardiomed\WCS Pulse\Prototype\Firmware\usb_device.c
            USB_In_Buffer   0x000060       data     extern C:\Users\villaverde\Desktop\Kairos\Cardiomed\WCS Pulse\Prototype\Firmware\main.c
           USB_Out_Buffer   0x000080       data     extern C:\Users\villaverde\Desktop\Kairos\Cardiomed\WCS Pulse\Prototype\Firmware\main.c
                    USTAT   0x000f63       data     extern E:\3.44\pic18-lt\cxx-framework\src\traditional\proc\p18f14k50.asm
                USTATbits   0x000f63       data     extern E:\3.44\pic18-lt\cxx-framework\src\traditional\proc\p18f14k50.asm
                USTATcopy   0x0000c9       data     extern C:\Users\villaverde\Desktop\Kairos\Cardiomed\WCS Pulse\Prototype\Firmware\usb_device.c
                 VREFCON0   0x000fba       data     extern E:\3.44\pic18-lt\cxx-framework\src\traditional\proc\p18f14k50.asm
             VREFCON0bits   0x000fba       data     extern E:\3.44\pic18-lt\cxx-framework\src\traditional\proc\p18f14k50.asm
                 VREFCON1   0x000fbb       data     extern E:\3.44\pic18-lt\cxx-framework\src\traditional\proc\p18f14k50.asm
             VREFCON1bits   0x000fbb       data     extern E:\3.44\pic18-lt\cxx-framework\src\traditional\proc\p18f14k50.asm
                 VREFCON2   0x000fbc       data     extern E:\3.44\pic18-lt\cxx-framework\src\traditional\proc\p18f14k50.asm
             VREFCON2bits   0x000fbc       data     extern E:\3.44\pic18-lt\cxx-framework\src\traditional\proc\p18f14k50.asm
                        W   0x000fe8       data     extern E:\3.44\pic18-lt\cxx-framework\src\traditional\proc\p18f14k50.asm
                   WDTCON   0x000fd1       data     extern E:\3.44\pic18-lt\cxx-framework\src\traditional\proc\p18f14k50.asm
               WDTCONbits   0x000fd1       data     extern E:\3.44\pic18-lt\cxx-framework\src\traditional\proc\p18f14k50.asm
                     WPUA   0x000f77       data     extern E:\3.44\pic18-lt\cxx-framework\src\traditional\proc\p18f14k50.asm
                 WPUAbits   0x000f77       data     extern E:\3.44\pic18-lt\cxx-framework\src\traditional\proc\p18f14k50.asm
                     WPUB   0x000f78       data     extern E:\3.44\pic18-lt\cxx-framework\src\traditional\proc\p18f14k50.asm
                 WPUBbits   0x000f78       data     extern E:\3.44\pic18-lt\cxx-framework\src\traditional\proc\p18f14k50.asm
                     WREG   0x000fe8       data     extern E:\3.44\pic18-lt\cxx-framework\src\traditional\proc\p18f14k50.asm
                 __AARGB0   0x000009       data     extern E:\3.44\pic18-lt\cxx-framework\src\traditional\math\aarg.asm
                 __AARGB1   0x000008       data     extern E:\3.44\pic18-lt\cxx-framework\src\traditional\math\aarg.asm
                 __AARGB2   0x000007       data     extern E:\3.44\pic18-lt\cxx-framework\src\traditional\math\aarg.asm
                 __AARGB3   0x000006       data     extern E:\3.44\pic18-lt\cxx-framework\src\traditional\math\aarg.asm
                 __AARGB4   0x000005       data     extern E:\3.44\pic18-lt\cxx-framework\src\traditional\math\aarg.asm
                 __AARGB5   0x000004       data     extern E:\3.44\pic18-lt\cxx-framework\src\traditional\math\aarg.asm
                 __AARGB6   0x000003       data     extern E:\3.44\pic18-lt\cxx-framework\src\traditional\math\aarg.asm
                 __AARGB7   0x000002       data     extern E:\3.44\pic18-lt\cxx-framework\src\traditional\math\aarg.asm
                   __AEXP   0x00000a       data     extern E:\3.44\pic18-lt\cxx-framework\src\traditional\math\aarg.asm
                 __BARGB0   0x00000e       data     extern E:\3.44\pic18-lt\cxx-framework\src\traditional\math\barg.asm
                 __BARGB1   0x00000d       data     extern E:\3.44\pic18-lt\cxx-framework\src\traditional\math\barg.asm
                 __BARGB2   0x00000c       data     extern E:\3.44\pic18-lt\cxx-framework\src\traditional\math\barg.asm
                 __BARGB3   0x00000b       data     extern E:\3.44\pic18-lt\cxx-framework\src\traditional\math\barg.asm
                   __BEXP   0x00000f       data     extern E:\3.44\pic18-lt\cxx-framework\src\traditional\math\barg.asm
                __FPFLAGS   0x000001       data     extern E:\3.44\pic18-lt\cxx-framework\src\traditional\math\cmath18.asm
            __FPFLAGSbits   0x000001       data     extern E:\3.44\pic18-lt\cxx-framework\src\traditional\math\cmath18.asm
                  __REMB0   0x000005       data     extern E:\3.44\pic18-lt\cxx-framework\src\traditional\math\aarg.asm
                  __REMB1   0x000004       data     extern E:\3.44\pic18-lt\cxx-framework\src\traditional\math\aarg.asm
                  __REMB2   0x000003       data     extern E:\3.44\pic18-lt\cxx-framework\src\traditional\math\aarg.asm
                  __REMB3   0x000002       data     extern E:\3.44\pic18-lt\cxx-framework\src\traditional\math\aarg.asm
                  __tmp_0   0x000010       data     static C:\Users\villaverde\Desktop\Kairos\Cardiomed\WCS Pulse\Prototype\Firmware\main.c
                  __tmp_0   0x000010       data     static C:\Users\villaverde\Desktop\Kairos\Cardiomed\WCS Pulse\Prototype\Firmware\usb_device.c
                  __tmp_0   0x000010       data     static C:\Users\villaverde\Desktop\Kairos\Cardiomed\WCS Pulse\Prototype\Firmware\usb_function_cdc.c
              cdc_data_rx   0x000248       data     extern C:\Users\villaverde\Desktop\Kairos\Cardiomed\WCS Pulse\Prototype\Firmware\usb_function_cdc.c
              cdc_data_tx   0x000288       data     extern C:\Users\villaverde\Desktop\Kairos\Cardiomed\WCS Pulse\Prototype\Firmware\usb_function_cdc.c
             cdc_mem_type   0x0000df       data     extern C:\Users\villaverde\Desktop\Kairos\Cardiomed\WCS Pulse\Prototype\Firmware\usb_function_cdc.c
               cdc_notice   0x000240       data     extern C:\Users\villaverde\Desktop\Kairos\Cardiomed\WCS Pulse\Prototype\Firmware\usb_function_cdc.c
               cdc_rx_len   0x0000d8       data     extern C:\Users\villaverde\Desktop\Kairos\Cardiomed\WCS Pulse\Prototype\Firmware\usb_function_cdc.c
            cdc_trf_state   0x0000d9       data     extern C:\Users\villaverde\Desktop\Kairos\Cardiomed\WCS Pulse\Prototype\Firmware\usb_function_cdc.c
               cdc_tx_len   0x0000de       data     extern C:\Users\villaverde\Desktop\Kairos\Cardiomed\WCS Pulse\Prototype\Firmware\usb_function_cdc.c
     controlTransferState   0x0000b8       data     extern C:\Users\villaverde\Desktop\Kairos\Cardiomed\WCS Pulse\Prototype\Firmware\usb_device.c
    control_signal_bitmap   0x0000e4       data     extern C:\Users\villaverde\Desktop\Kairos\Cardiomed\WCS Pulse\Prototype\Firmware\usb_function_cdc.c
                curr_byte   0x0000f4       data     static E:\3.44\pic18-lt\cxx-framework\src\traditional\startup\c018i.c
               curr_entry   0x0000f6       data     static E:\3.44\pic18-lt\cxx-framework\src\traditional\startup\c018i.c
                 data_ptr   0x0000f8       data     static E:\3.44\pic18-lt\cxx-framework\src\traditional\startup\c018i.c
              delay_count   0x0000a2       data     static C:\Users\villaverde\Desktop\Kairos\Cardiomed\WCS Pulse\Prototype\Firmware\main.c
dummy_encapsulated_cmd_response   0x0000e9       data     extern C:\Users\villaverde\Desktop\Kairos\Cardiomed\WCS Pulse\Prototype\Firmware\usb_function_cdc.c
          endpoint_number   0x0000ca       data     extern C:\Users\villaverde\Desktop\Kairos\Cardiomed\WCS Pulse\Prototype\Firmware\usb_device.c
               ep_data_in   0x0000cc       data     extern C:\Users\villaverde\Desktop\Kairos\Cardiomed\WCS Pulse\Prototype\Firmware\usb_device.c
              ep_data_out   0x0000cf       data     extern C:\Users\villaverde\Desktop\Kairos\Cardiomed\WCS Pulse\Prototype\Firmware\usb_device.c
                  inPipes   0x0000b9       data     extern C:\Users\villaverde\Desktop\Kairos\Cardiomed\WCS Pulse\Prototype\Firmware\usb_device.c
              line_coding   0x0002c8       data     extern C:\Users\villaverde\Desktop\Kairos\Cardiomed\WCS Pulse\Prototype\Firmware\usb_function_cdc.c
                 outPipes   0x0000be       data     extern C:\Users\villaverde\Desktop\Kairos\Cardiomed\WCS Pulse\Prototype\Firmware\usb_device.c
   pBDTEntryEP0OutCurrent   0x0000a7       data     extern C:\Users\villaverde\Desktop\Kairos\Cardiomed\WCS Pulse\Prototype\Firmware\usb_device.c
      pBDTEntryEP0OutNext   0x0000a9       data     extern C:\Users\villaverde\Desktop\Kairos\Cardiomed\WCS Pulse\Prototype\Firmware\usb_device.c
              pBDTEntryIn   0x0000b1       data     extern C:\Users\villaverde\Desktop\Kairos\Cardiomed\WCS Pulse\Prototype\Firmware\usb_device.c
             pBDTEntryOut   0x0000ab       data     extern C:\Users\villaverde\Desktop\Kairos\Cardiomed\WCS Pulse\Prototype\Firmware\usb_device.c
                  pCDCDst   0x0000dc       data     extern C:\Users\villaverde\Desktop\Kairos\Cardiomed\WCS Pulse\Prototype\Firmware\usb_function_cdc.c
                  pCDCSrc   0x0000da       data     extern C:\Users\villaverde\Desktop\Kairos\Cardiomed\WCS Pulse\Prototype\Firmware\usb_function_cdc.c
                     pDst   0x0000c5       data     extern C:\Users\villaverde\Desktop\Kairos\Cardiomed\WCS Pulse\Prototype\Firmware\usb_device.c
                     prom   0x0000f1       data     static E:\3.44\pic18-lt\cxx-framework\src\traditional\startup\c018i.c
        shortPacketStatus   0x0000b7       data     extern C:\Users\villaverde\Desktop\Kairos\Cardiomed\WCS Pulse\Prototype\Firmware\usb_device.c
                     stat   0x0000a1       data     extern C:\Users\villaverde\Desktop\Kairos\Cardiomed\WCS Pulse\Prototype\Firmware\main.c
            stringPrinted   0x0000a0       data     extern C:\Users\villaverde\Desktop\Kairos\Cardiomed\WCS Pulse\Prototype\Firmware\main.c



                              Symbols - Sorted by Address
                     Name    Address   Location    Storage File                     
                ---------  ---------  ---------  --------- ---------                
                   _entry   0x000000    program     extern E:\3.44\pic18-lt\cxx-framework\src\traditional\startup\c018i.c
       ___return_lbl00000   0x000004    program     static                          
                 High_ISR   0x000008    program     extern C:\Users\villaverde\Desktop\Kairos\Cardiomed\WCS Pulse\Prototype\Firmware\main.c
       ___return_lbl00003   0x00000c    program     static                          
                  Low_ISR   0x000018    program     extern C:\Users\villaverde\Desktop\Kairos\Cardiomed\WCS Pulse\Prototype\Firmware\main.c
       ___return_lbl00004   0x00001c    program     static                          
                   _reset   0x001000    program     extern C:\Users\villaverde\Desktop\Kairos\Cardiomed\WCS Pulse\Prototype\Firmware\main.c
       ___return_lbl00000   0x001004    program     static                          
        Remapped_High_ISR   0x001008    program     extern C:\Users\villaverde\Desktop\Kairos\Cardiomed\WCS Pulse\Prototype\Firmware\main.c
       ___return_lbl00001   0x00100c    program     static                          
                   __init   0x00100e    program     extern E:\3.44\pic18-lt\cxx-framework\src\traditional\stdclib\__init.c
         Remapped_Low_ISR   0x001018    program     extern C:\Users\villaverde\Desktop\Kairos\Cardiomed\WCS Pulse\Prototype\Firmware\main.c
       ___return_lbl00002   0x00101c    program     static                          
            USBDeviceInit   0x00101e    program     extern C:\Users\villaverde\Desktop\Kairos\Cardiomed\WCS Pulse\Prototype\Firmware\usb_device.c
           USBDeviceTasks   0x00113e    program     extern C:\Users\villaverde\Desktop\Kairos\Cardiomed\WCS Pulse\Prototype\Firmware\usb_device.c
          USBStallHandler   0x00129e    program     static C:\Users\villaverde\Desktop\Kairos\Cardiomed\WCS Pulse\Prototype\Firmware\usb_device.c
               USBSuspend   0x0012d2    program     static C:\Users\villaverde\Desktop\Kairos\Cardiomed\WCS Pulse\Prototype\Firmware\usb_device.c
       USBWakeFromSuspend   0x0012fc    program     static C:\Users\villaverde\Desktop\Kairos\Cardiomed\WCS Pulse\Prototype\Firmware\usb_device.c
         USBCtrlEPService   0x00132a    program     static C:\Users\villaverde\Desktop\Kairos\Cardiomed\WCS Pulse\Prototype\Firmware\usb_device.c
   USBCtrlTrfSetupHandler   0x0013fa    program     static C:\Users\villaverde\Desktop\Kairos\Cardiomed\WCS Pulse\Prototype\Firmware\usb_device.c
     USBCtrlTrfOutHandler   0x001458    program     static C:\Users\villaverde\Desktop\Kairos\Cardiomed\WCS Pulse\Prototype\Firmware\usb_device.c
      USBCtrlTrfInHandler   0x0014a2    program     static C:\Users\villaverde\Desktop\Kairos\Cardiomed\WCS Pulse\Prototype\Firmware\usb_device.c
       USBCheckStdRequest   0x001556    program     static C:\Users\villaverde\Desktop\Kairos\Cardiomed\WCS Pulse\Prototype\Firmware\usb_device.c
  USBStdFeatureReqHandler   0x001614    program     static C:\Users\villaverde\Desktop\Kairos\Cardiomed\WCS Pulse\Prototype\Firmware\usb_device.c
USBCtrlEPAllowStatusStage   0x001868    program     extern C:\Users\villaverde\Desktop\Kairos\Cardiomed\WCS Pulse\Prototype\Firmware\usb_device.c
  USBCtrlEPAllowDataStage   0x00190a    program     extern C:\Users\villaverde\Desktop\Kairos\Cardiomed\WCS Pulse\Prototype\Firmware\usb_device.c
      USBStdGetDscHandler   0x001986    program     static C:\Users\villaverde\Desktop\Kairos\Cardiomed\WCS Pulse\Prototype\Firmware\usb_device.c
   USBStdGetStatusHandler   0x001a40    program     static C:\Users\villaverde\Desktop\Kairos\Cardiomed\WCS Pulse\Prototype\Firmware\usb_device.c
 USBCtrlEPServiceComplete   0x001af4    program     static C:\Users\villaverde\Desktop\Kairos\Cardiomed\WCS Pulse\Prototype\Firmware\usb_device.c
      USBCtrlTrfTxService   0x001bb6    program     static C:\Users\villaverde\Desktop\Kairos\Cardiomed\WCS Pulse\Prototype\Firmware\usb_device.c
      USBCtrlTrfRxService   0x001c74    program     static C:\Users\villaverde\Desktop\Kairos\Cardiomed\WCS Pulse\Prototype\Firmware\usb_device.c
      USBStdSetCfgHandler   0x001db2    program     static C:\Users\villaverde\Desktop\Kairos\Cardiomed\WCS Pulse\Prototype\Firmware\usb_device.c
     USBConfigureEndpoint   0x001e82    program     static C:\Users\villaverde\Desktop\Kairos\Cardiomed\WCS Pulse\Prototype\Firmware\usb_device.c
        USBEnableEndpoint   0x001f2e    program     extern C:\Users\villaverde\Desktop\Kairos\Cardiomed\WCS Pulse\Prototype\Firmware\usb_device.c
         USBStallEndpoint   0x001f9c    program     extern C:\Users\villaverde\Desktop\Kairos\Cardiomed\WCS Pulse\Prototype\Firmware\usb_device.c
     USBTransferOnePacket   0x002078    program     extern C:\Users\villaverde\Desktop\Kairos\Cardiomed\WCS Pulse\Prototype\Firmware\usb_device.c
              USBCancelIO   0x00216a    program     extern C:\Users\villaverde\Desktop\Kairos\Cardiomed\WCS Pulse\Prototype\Firmware\usb_device.c
          USBDeviceDetach   0x00221a    program     extern C:\Users\villaverde\Desktop\Kairos\Cardiomed\WCS Pulse\Prototype\Firmware\usb_device.c
          USBDeviceAttach   0x002224    program     extern C:\Users\villaverde\Desktop\Kairos\Cardiomed\WCS Pulse\Prototype\Firmware\usb_device.c
       USBCheckCDCRequest   0x002254    program     extern C:\Users\villaverde\Desktop\Kairos\Cardiomed\WCS Pulse\Prototype\Firmware\usb_function_cdc.c
                CDCInitEP   0x0022f0    program     extern C:\Users\villaverde\Desktop\Kairos\Cardiomed\WCS Pulse\Prototype\Firmware\usb_function_cdc.c
             getsUSBUSART   0x002358    program     extern C:\Users\villaverde\Desktop\Kairos\Cardiomed\WCS Pulse\Prototype\Firmware\usb_function_cdc.c
              putUSBUSART   0x002418    program     extern C:\Users\villaverde\Desktop\Kairos\Cardiomed\WCS Pulse\Prototype\Firmware\usb_function_cdc.c
             putsUSBUSART   0x00244a    program     extern C:\Users\villaverde\Desktop\Kairos\Cardiomed\WCS Pulse\Prototype\Firmware\usb_function_cdc.c
            putrsUSBUSART   0x0024ce    program     extern C:\Users\villaverde\Desktop\Kairos\Cardiomed\WCS Pulse\Prototype\Firmware\usb_function_cdc.c
             CDCTxService   0x002554    program     extern C:\Users\villaverde\Desktop\Kairos\Cardiomed\WCS Pulse\Prototype\Firmware\usb_function_cdc.c
  YourHighPriorityISRCode   0x0026a2    program     extern C:\Users\villaverde\Desktop\Kairos\Cardiomed\WCS Pulse\Prototype\Firmware\main.c
   YourLowPriorityISRCode   0x002738    program     extern C:\Users\villaverde\Desktop\Kairos\Cardiomed\WCS Pulse\Prototype\Firmware\main.c
                     main   0x00275a    program     extern C:\Users\villaverde\Desktop\Kairos\Cardiomed\WCS Pulse\Prototype\Firmware\main.c
         InitializeSystem   0x00276a    program     static C:\Users\villaverde\Desktop\Kairos\Cardiomed\WCS Pulse\Prototype\Firmware\main.c
              Delay_200ms   0x002786    program     extern C:\Users\villaverde\Desktop\Kairos\Cardiomed\WCS Pulse\Prototype\Firmware\main.c
                Delay_5ms   0x002792    program     extern C:\Users\villaverde\Desktop\Kairos\Cardiomed\WCS Pulse\Prototype\Firmware\main.c
                Delay_1ms   0x00279e    program     extern C:\Users\villaverde\Desktop\Kairos\Cardiomed\WCS Pulse\Prototype\Firmware\main.c
                ProcessIO   0x0027aa    program     extern C:\Users\villaverde\Desktop\Kairos\Cardiomed\WCS Pulse\Prototype\Firmware\main.c
             USBCBSuspend   0x002944    program     extern C:\Users\villaverde\Desktop\Kairos\Cardiomed\WCS Pulse\Prototype\Firmware\main.c
     USBCBWakeFromSuspend   0x002946    program     extern C:\Users\villaverde\Desktop\Kairos\Cardiomed\WCS Pulse\Prototype\Firmware\main.c
        USBCBErrorHandler   0x002948    program     extern C:\Users\villaverde\Desktop\Kairos\Cardiomed\WCS Pulse\Prototype\Firmware\main.c
       USBCBCheckOtherReq   0x00294a    program     extern C:\Users\villaverde\Desktop\Kairos\Cardiomed\WCS Pulse\Prototype\Firmware\main.c
    USBCBStdSetDscHandler   0x00294e    program     extern C:\Users\villaverde\Desktop\Kairos\Cardiomed\WCS Pulse\Prototype\Firmware\main.c
              USBCBInitEP   0x002950    program     extern C:\Users\villaverde\Desktop\Kairos\Cardiomed\WCS Pulse\Prototype\Firmware\main.c
          USBCBSendResume   0x002954    program     extern C:\Users\villaverde\Desktop\Kairos\Cardiomed\WCS Pulse\Prototype\Firmware\main.c
USER_USB_CALLBACK_EVENT_HANDLER   0x00299c    program     extern C:\Users\villaverde\Desktop\Kairos\Cardiomed\WCS Pulse\Prototype\Firmware\main.c
               device_dsc   0x002a22    program     extern C:\Users\villaverde\Desktop\Kairos\Cardiomed\WCS Pulse\Prototype\Firmware\usb_descriptors.c
        configDescriptor1   0x002a34    program     extern C:\Users\villaverde\Desktop\Kairos\Cardiomed\WCS Pulse\Prototype\Firmware\usb_descriptors.c
                    sd000   0x002a77    program     extern C:\Users\villaverde\Desktop\Kairos\Cardiomed\WCS Pulse\Prototype\Firmware\usb_descriptors.c
                    sd001   0x002a7b    program     extern C:\Users\villaverde\Desktop\Kairos\Cardiomed\WCS Pulse\Prototype\Firmware\usb_descriptors.c
                    sd002   0x002aaf    program     extern C:\Users\villaverde\Desktop\Kairos\Cardiomed\WCS Pulse\Prototype\Firmware\usb_descriptors.c
               USB_CD_Ptr   0x002ae3    program     extern C:\Users\villaverde\Desktop\Kairos\Cardiomed\WCS Pulse\Prototype\Firmware\usb_descriptors.c
               USB_SD_Ptr   0x002ae5    program     extern C:\Users\villaverde\Desktop\Kairos\Cardiomed\WCS Pulse\Prototype\Firmware\usb_descriptors.c
                _do_cinit   0x002aec    program     extern E:\3.44\pic18-lt\cxx-framework\src\traditional\startup\c018i.c
                     test   0x002b06    program     static                          
                copy_loop   0x002b5e    program     static                          
            copy_one_byte   0x002b64    program     static                          
             done_copying   0x002b72    program     static                          
                     done   0x002b88    program     static                          
       ___return_lbl00002   0x002b88    program     static                          
                 FXD2424S   0x002b8a    program     extern E:\3.44\pic18-lt\cxx-framework\src\traditional\math\fxd2424s.asm
                  DA2424S   0x002ba0    program     static E:\3.44\pic18-lt\cxx-framework\src\traditional\math\fxd2424s.asm
                   D2424S   0x002bb4    program     static E:\3.44\pic18-lt\cxx-framework\src\traditional\math\fxd2424s.asm
                 D2424SOK   0x002bbe    program     static E:\3.44\pic18-lt\cxx-framework\src\traditional\math\fxd2424s.asm
                D2424SNEG   0x002bc2    program     static E:\3.44\pic18-lt\cxx-framework\src\traditional\math\fxd2424s.asm
                  D2424SX   0x002bda    program     static E:\3.44\pic18-lt\cxx-framework\src\traditional\math\fxd2424s.asm
                 FXD2424U   0x002be4    program     extern E:\3.44\pic18-lt\cxx-framework\src\traditional\math\fxd2424u.c
                     loop   0x002bf0    program     static                          
                   _false   0x002c18    program     static                          
       ___return_lbl00000   0x002c1c    program     static                          
                   memset   0x002c1e    program     extern E:\3.44\pic18-lt\cxx-framework\src\traditional\stdclib\memset.asm
                    jLoop   0x002c32    program     static E:\3.44\pic18-lt\cxx-framework\src\traditional\stdclib\memset.asm
              _2jContinue   0x002c3e    program     static E:\3.44\pic18-lt\cxx-framework\src\traditional\stdclib\memset.asm
                   _3jEnd   0x002c48    program     static E:\3.44\pic18-lt\cxx-framework\src\traditional\stdclib\memset.asm
                     jEnd   0x002c50    program     static E:\3.44\pic18-lt\cxx-framework\src\traditional\stdclib\memset.asm
              Delay1KTCYx   0x002c52    program     extern E:\3.44\pic18-lt\cxx-framework\src\traditional\delays\d1ktcyx.asm
                     D1Kx   0x002c5c    program     static E:\3.44\pic18-lt\cxx-framework\src\traditional\delays\d1ktcyx.asm
                    D1K_1   0x002c5e    program     static E:\3.44\pic18-lt\cxx-framework\src\traditional\delays\d1ktcyx.asm
        _D1KTCYXCODE_0010   0x002c62    program     static E:\3.44\pic18-lt\cxx-framework\src\traditional\delays\d1ktcyx.asm
        _D1KTCYXCODE_0016   0x002c68    program     static E:\3.44\pic18-lt\cxx-framework\src\traditional\delays\d1ktcyx.asm
            __zero_memory   0x002c72    program     extern E:\3.44\pic18-lt\cxx-framework\src\traditional\proc\p18f14k50.asm
               zero_block   0x002c80    program     static E:\3.44\pic18-lt\cxx-framework\src\traditional\proc\p18f14k50.asm
                   loop_h   0x002c80    program     static E:\3.44\pic18-lt\cxx-framework\src\traditional\proc\p18f14k50.asm
                compare_l   0x002c88    program     static E:\3.44\pic18-lt\cxx-framework\src\traditional\proc\p18f14k50.asm
                   loop_l   0x002c8a    program     static E:\3.44\pic18-lt\cxx-framework\src\traditional\proc\p18f14k50.asm
                 _startup   0x002c92    program     extern E:\3.44\pic18-lt\cxx-framework\src\traditional\startup\c018i.c
                     loop   0x002ca2    program     static                          
       ___return_lbl00001   0x002cac    program     static                          
               __config_0   0x300000    program     static C:\Users\villaverde\Desktop\Kairos\Cardiomed\WCS Pulse\Prototype\Firmware\main.c
               __config_1   0x300001    program     static C:\Users\villaverde\Desktop\Kairos\Cardiomed\WCS Pulse\Prototype\Firmware\main.c
               __config_2   0x300002    program     static C:\Users\villaverde\Desktop\Kairos\Cardiomed\WCS Pulse\Prototype\Firmware\main.c
               __config_3   0x300003    program     static C:\Users\villaverde\Desktop\Kairos\Cardiomed\WCS Pulse\Prototype\Firmware\main.c
               __config_4   0x300005    program     static C:\Users\villaverde\Desktop\Kairos\Cardiomed\WCS Pulse\Prototype\Firmware\main.c
               __config_5   0x300006    program     static C:\Users\villaverde\Desktop\Kairos\Cardiomed\WCS Pulse\Prototype\Firmware\main.c
               __config_6   0x300008    program     static C:\Users\villaverde\Desktop\Kairos\Cardiomed\WCS Pulse\Prototype\Firmware\main.c
               __config_7   0x300009    program     static C:\Users\villaverde\Desktop\Kairos\Cardiomed\WCS Pulse\Prototype\Firmware\main.c
               __config_8   0x30000a    program     static C:\Users\villaverde\Desktop\Kairos\Cardiomed\WCS Pulse\Prototype\Firmware\main.c
               __config_9   0x30000b    program     static C:\Users\villaverde\Desktop\Kairos\Cardiomed\WCS Pulse\Prototype\Firmware\main.c
              __config_10   0x30000c    program     static C:\Users\villaverde\Desktop\Kairos\Cardiomed\WCS Pulse\Prototype\Firmware\main.c
              __config_11   0x30000d    program     static C:\Users\villaverde\Desktop\Kairos\Cardiomed\WCS Pulse\Prototype\Firmware\main.c
                     SIGN   0x000000       data     extern E:\3.44\pic18-lt\cxx-framework\src\traditional\math\cmath18.asm
            __FPFLAGSbits   0x000001       data     extern E:\3.44\pic18-lt\cxx-framework\src\traditional\math\cmath18.asm
                __FPFLAGS   0x000001       data     extern E:\3.44\pic18-lt\cxx-framework\src\traditional\math\cmath18.asm
                  __REMB3   0x000002       data     extern E:\3.44\pic18-lt\cxx-framework\src\traditional\math\aarg.asm
                 __AARGB7   0x000002       data     extern E:\3.44\pic18-lt\cxx-framework\src\traditional\math\aarg.asm
                  __REMB2   0x000003       data     extern E:\3.44\pic18-lt\cxx-framework\src\traditional\math\aarg.asm
                 __AARGB6   0x000003       data     extern E:\3.44\pic18-lt\cxx-framework\src\traditional\math\aarg.asm
                 __AARGB5   0x000004       data     extern E:\3.44\pic18-lt\cxx-framework\src\traditional\math\aarg.asm
                  __REMB1   0x000004       data     extern E:\3.44\pic18-lt\cxx-framework\src\traditional\math\aarg.asm
                 __AARGB4   0x000005       data     extern E:\3.44\pic18-lt\cxx-framework\src\traditional\math\aarg.asm
                  __REMB0   0x000005       data     extern E:\3.44\pic18-lt\cxx-framework\src\traditional\math\aarg.asm
                 __AARGB3   0x000006       data     extern E:\3.44\pic18-lt\cxx-framework\src\traditional\math\aarg.asm
                 __AARGB2   0x000007       data     extern E:\3.44\pic18-lt\cxx-framework\src\traditional\math\aarg.asm
                 __AARGB1   0x000008       data     extern E:\3.44\pic18-lt\cxx-framework\src\traditional\math\aarg.asm
                 __AARGB0   0x000009       data     extern E:\3.44\pic18-lt\cxx-framework\src\traditional\math\aarg.asm
                   __AEXP   0x00000a       data     extern E:\3.44\pic18-lt\cxx-framework\src\traditional\math\aarg.asm
                 __BARGB3   0x00000b       data     extern E:\3.44\pic18-lt\cxx-framework\src\traditional\math\barg.asm
                 __BARGB2   0x00000c       data     extern E:\3.44\pic18-lt\cxx-framework\src\traditional\math\barg.asm
                 __BARGB1   0x00000d       data     extern E:\3.44\pic18-lt\cxx-framework\src\traditional\math\barg.asm
                 __BARGB0   0x00000e       data     extern E:\3.44\pic18-lt\cxx-framework\src\traditional\math\barg.asm
                   __BEXP   0x00000f       data     extern E:\3.44\pic18-lt\cxx-framework\src\traditional\math\barg.asm
                  __tmp_0   0x000010       data     static C:\Users\villaverde\Desktop\Kairos\Cardiomed\WCS Pulse\Prototype\Firmware\main.c
                  __tmp_0   0x000010       data     static C:\Users\villaverde\Desktop\Kairos\Cardiomed\WCS Pulse\Prototype\Firmware\usb_device.c
                  __tmp_0   0x000010       data     static C:\Users\villaverde\Desktop\Kairos\Cardiomed\WCS Pulse\Prototype\Firmware\usb_function_cdc.c
            DelayCounter1   0x000016       data     extern E:\3.44\pic18-lt\cxx-framework\src\traditional\delays\delayd1.asm
            USB_In_Buffer   0x000060       data     extern C:\Users\villaverde\Desktop\Kairos\Cardiomed\WCS Pulse\Prototype\Firmware\main.c
[...]
                TRISAbits   0x000f92       data     extern E:\3.44\pic18-lt\cxx-framework\src\traditional\proc\p18f14k50.asm
                    TRISA   0x000f92       data     extern E:\3.44\pic18-lt\cxx-framework\src\traditional\proc\p18f14k50.asm
                TRISBbits   0x000f93       data     extern E:\3.44\pic18-lt\cxx-framework\src\traditional\proc\p18f14k50.asm
                 DDRBbits   0x000f93       data     extern E:\3.44\pic18-lt\cxx-framework\src\traditional\proc\p18f14k50.asm
                     DDRB   0x000f93       data     extern E:\3.44\pic18-lt\cxx-framework\src\traditional\proc\p18f14k50.asm
                    TRISB   0x000f93       data     extern E:\3.44\pic18-lt\cxx-framework\src\traditional\proc\p18f14k50.asm
                    TRISC   0x000f94       data     extern E:\3.44\pic18-lt\cxx-framework\src\traditional\proc\p18f14k50.asm
                TRISCbits   0x000f94       data     extern E:\3.44\pic18-lt\cxx-framework\src\traditional\proc\p18f14k50.asm
                     DDRC   0x000f94       data     extern E:\3.44\pic18-lt\cxx-framework\src\traditional\proc\p18f14k50.asm
                 DDRCbits   0x000f94       data     extern E:\3.44\pic18-lt\cxx-framework\src\traditional\proc\p18f14k50.asm
                  OSCTUNE   0x000f9b       data     extern E:\3.44\pic18-lt\cxx-framework\src\traditional\proc\p18f14k50.asm
              OSCTUNEbits   0x000f9b       data     extern E:\3.44\pic18-lt\cxx-framework\src\traditional\proc\p18f14k50.asm
                     PIE1   0x000f9d       data     extern E:\3.44\pic18-lt\cxx-framework\src\traditional\proc\p18f14k50.asm
                 PIE1bits   0x000f9d       data     extern E:\3.44\pic18-lt\cxx-framework\src\traditional\proc\p18f14k50.asm
                 PIR1bits   0x000f9e       data     extern E:\3.44\pic18-lt\cxx-framework\src\traditional\proc\p18f14k50.asm
                     PIR1   0x000f9e       data     extern E:\3.44\pic18-lt\cxx-framework\src\traditional\proc\p18f14k50.asm
                 IPR1bits   0x000f9f       data     extern E:\3.44\pic18-lt\cxx-framework\src\traditional\proc\p18f14k50.asm
                     IPR1   0x000f9f       data     extern E:\3.44\pic18-lt\cxx-framework\src\traditional\proc\p18f14k50.asm
                     PIE2   0x000fa0       data     extern E:\3.44\pic18-lt\cxx-framework\src\traditional\proc\p18f14k50.asm
                 PIE2bits   0x000fa0       data     extern E:\3.44\pic18-lt\cxx-framework\src\traditional\proc\p18f14k50.asm
                 PIR2bits   0x000fa1       data     extern E:\3.44\pic18-lt\cxx-framework\src\traditional\proc\p18f14k50.asm
                     PIR2   0x000fa1       data     extern E:\3.44\pic18-lt\cxx-framework\src\traditional\proc\p18f14k50.asm
                 IPR2bits   0x000fa2       data     extern E:\3.44\pic18-lt\cxx-framework\src\traditional\proc\p18f14k50.asm
                     IPR2   0x000fa2       data     extern E:\3.44\pic18-lt\cxx-framework\src\traditional\proc\p18f14k50.asm
                   EECON1   0x000fa6       data     extern E:\3.44\pic18-lt\cxx-framework\src\traditional\proc\p18f14k50.asm
               EECON1bits   0x000fa6       data     extern E:\3.44\pic18-lt\cxx-framework\src\traditional\proc\p18f14k50.asm
                   EECON2   0x000fa7       data     extern E:\3.44\pic18-lt\cxx-framework\src\traditional\proc\p18f14k50.asm
                   EEDATA   0x000fa8       data     extern E:\3.44\pic18-lt\cxx-framework\src\traditional\proc\p18f14k50.asm
                    EEADR   0x000fa9       data     extern E:\3.44\pic18-lt\cxx-framework\src\traditional\proc\p18f14k50.asm
                EEADRbits   0x000fa9       data     extern E:\3.44\pic18-lt\cxx-framework\src\traditional\proc\p18f14k50.asm
                    RCSTA   0x000fab       data     extern E:\3.44\pic18-lt\cxx-framework\src\traditional\proc\p18f14k50.asm
                RCSTAbits   0x000fab       data     extern E:\3.44\pic18-lt\cxx-framework\src\traditional\proc\p18f14k50.asm
                    TXSTA   0x000fac       data     extern E:\3.44\pic18-lt\cxx-framework\src\traditional\proc\p18f14k50.asm
                TXSTAbits   0x000fac       data     extern E:\3.44\pic18-lt\cxx-framework\src\traditional\proc\p18f14k50.asm
                    TXREG   0x000fad       data     extern E:\3.44\pic18-lt\cxx-framework\src\traditional\proc\p18f14k50.asm
                    RCREG   0x000fae       data     extern E:\3.44\pic18-lt\cxx-framework\src\traditional\proc\p18f14k50.asm
                    SPBRG   0x000faf       data     extern E:\3.44\pic18-lt\cxx-framework\src\traditional\proc\p18f14k50.asm
                   SPBRGH   0x000fb0       data     extern E:\3.44\pic18-lt\cxx-framework\src\traditional\proc\p18f14k50.asm
                    T3CON   0x000fb1       data     extern E:\3.44\pic18-lt\cxx-framework\src\traditional\proc\p18f14k50.asm
                T3CONbits   0x000fb1       data     extern E:\3.44\pic18-lt\cxx-framework\src\traditional\proc\p18f14k50.asm
                    TMR3L   0x000fb2       data     extern E:\3.44\pic18-lt\cxx-framework\src\traditional\proc\p18f14k50.asm
                    TMR3H   0x000fb3       data     extern E:\3.44\pic18-lt\cxx-framework\src\traditional\proc\p18f14k50.asm
                  ECCP1AS   0x000fb6       data     extern E:\3.44\pic18-lt\cxx-framework\src\traditional\proc\p18f14k50.asm
              ECCP1ASbits   0x000fb6       data     extern E:\3.44\pic18-lt\cxx-framework\src\traditional\proc\p18f14k50.asm
                  PWM1CON   0x000fb7       data     extern E:\3.44\pic18-lt\cxx-framework\src\traditional\proc\p18f14k50.asm
              PWM1CONbits   0x000fb7       data     extern E:\3.44\pic18-lt\cxx-framework\src\traditional\proc\p18f14k50.asm
                  BAUDCTL   0x000fb8       data     extern E:\3.44\pic18-lt\cxx-framework\src\traditional\proc\p18f14k50.asm
              BAUDCONbits   0x000fb8       data     extern E:\3.44\pic18-lt\cxx-framework\src\traditional\proc\p18f14k50.asm
                  BAUDCON   0x000fb8       data     extern E:\3.44\pic18-lt\cxx-framework\src\traditional\proc\p18f14k50.asm
              BAUDCTLbits   0x000fb8       data     extern E:\3.44\pic18-lt\cxx-framework\src\traditional\proc\p18f14k50.asm
                  PSTRCON   0x000fb9       data     extern E:\3.44\pic18-lt\cxx-framework\src\traditional\proc\p18f14k50.asm
              PSTRCONbits   0x000fb9       data     extern E:\3.44\pic18-lt\cxx-framework\src\traditional\proc\p18f14k50.asm
                 VREFCON0   0x000fba       data     extern E:\3.44\pic18-lt\cxx-framework\src\traditional\proc\p18f14k50.asm
             VREFCON0bits   0x000fba       data     extern E:\3.44\pic18-lt\cxx-framework\src\traditional\proc\p18f14k50.asm
              REFCON0bits   0x000fba       data     extern E:\3.44\pic18-lt\cxx-framework\src\traditional\proc\p18f14k50.asm
                  REFCON0   0x000fba       data     extern E:\3.44\pic18-lt\cxx-framework\src\traditional\proc\p18f14k50.asm
              REFCON1bits   0x000fbb       data     extern E:\3.44\pic18-lt\cxx-framework\src\traditional\proc\p18f14k50.asm
                  REFCON1   0x000fbb       data     extern E:\3.44\pic18-lt\cxx-framework\src\traditional\proc\p18f14k50.asm
             VREFCON1bits   0x000fbb       data     extern E:\3.44\pic18-lt\cxx-framework\src\traditional\proc\p18f14k50.asm
                 VREFCON1   0x000fbb       data     extern E:\3.44\pic18-lt\cxx-framework\src\traditional\proc\p18f14k50.asm
                 VREFCON2   0x000fbc       data     extern E:\3.44\pic18-lt\cxx-framework\src\traditional\proc\p18f14k50.asm
             VREFCON2bits   0x000fbc       data     extern E:\3.44\pic18-lt\cxx-framework\src\traditional\proc\p18f14k50.asm
                  REFCON2   0x000fbc       data     extern E:\3.44\pic18-lt\cxx-framework\src\traditional\proc\p18f14k50.asm
              REFCON2bits   0x000fbc       data     extern E:\3.44\pic18-lt\cxx-framework\src\traditional\proc\p18f14k50.asm
              CCP1CONbits   0x000fbd       data     extern E:\3.44\pic18-lt\cxx-framework\src\traditional\proc\p18f14k50.asm
                  CCP1CON   0x000fbd       data     extern E:\3.44\pic18-lt\cxx-framework\src\traditional\proc\p18f14k50.asm
                    CCPR1   0x000fbe       data     extern E:\3.44\pic18-lt\cxx-framework\src\traditional\proc\p18f14k50.asm
                   CCPR1L   0x000fbe       data     extern E:\3.44\pic18-lt\cxx-framework\src\traditional\proc\p18f14k50.asm
                   CCPR1H   0x000fbf       data     extern E:\3.44\pic18-lt\cxx-framework\src\traditional\proc\p18f14k50.asm
                   ADCON2   0x000fc0       data     extern E:\3.44\pic18-lt\cxx-framework\src\traditional\proc\p18f14k50.asm
               ADCON2bits   0x000fc0       data     extern E:\3.44\pic18-lt\cxx-framework\src\traditional\proc\p18f14k50.asm
                   ADCON1   0x000fc1       data     extern E:\3.44\pic18-lt\cxx-framework\src\traditional\proc\p18f14k50.asm
               ADCON1bits   0x000fc1       data     extern E:\3.44\pic18-lt\cxx-framework\src\traditional\proc\p18f14k50.asm
                   ADCON0   0x000fc2       data     extern E:\3.44\pic18-lt\cxx-framework\src\traditional\proc\p18f14k50.asm
               ADCON0bits   0x000fc2       data     extern E:\3.44\pic18-lt\cxx-framework\src\traditional\proc\p18f14k50.asm
                    ADRES   0x000fc3       data     extern E:\3.44\pic18-lt\cxx-framework\src\traditional\proc\p18f14k50.asm
                   ADRESL   0x000fc3       data     extern E:\3.44\pic18-lt\cxx-framework\src\traditional\proc\p18f14k50.asm
                   ADRESH   0x000fc4       data     extern E:\3.44\pic18-lt\cxx-framework\src\traditional\proc\p18f14k50.asm
                  SSPCON2   0x000fc5       data     extern E:\3.44\pic18-lt\cxx-framework\src\traditional\proc\p18f14k50.asm
              SSPCON2bits   0x000fc5       data     extern E:\3.44\pic18-lt\cxx-framework\src\traditional\proc\p18f14k50.asm
              SSPCON1bits   0x000fc6       data     extern E:\3.44\pic18-lt\cxx-framework\src\traditional\proc\p18f14k50.asm
                  SSPCON1   0x000fc6       data     extern E:\3.44\pic18-lt\cxx-framework\src\traditional\proc\p18f14k50.asm
                  SSPSTAT   0x000fc7       data     extern E:\3.44\pic18-lt\cxx-framework\src\traditional\proc\p18f14k50.asm
              SSPSTATbits   0x000fc7       data     extern E:\3.44\pic18-lt\cxx-framework\src\traditional\proc\p18f14k50.asm
                   SSPADD   0x000fc8       data     extern E:\3.44\pic18-lt\cxx-framework\src\traditional\proc\p18f14k50.asm
                   SSPBUF   0x000fc9       data     extern E:\3.44\pic18-lt\cxx-framework\src\traditional\proc\p18f14k50.asm
                T2CONbits   0x000fca       data     extern E:\3.44\pic18-lt\cxx-framework\src\traditional\proc\p18f14k50.asm
                    T2CON   0x000fca       data     extern E:\3.44\pic18-lt\cxx-framework\src\traditional\proc\p18f14k50.asm
                      PR2   0x000fcb       data     extern E:\3.44\pic18-lt\cxx-framework\src\traditional\proc\p18f14k50.asm
                     TMR2   0x000fcc       data     extern E:\3.44\pic18-lt\cxx-framework\src\traditional\proc\p18f14k50.asm
                T1CONbits   0x000fcd       data     extern E:\3.44\pic18-lt\cxx-framework\src\traditional\proc\p18f14k50.asm
                    T1CON   0x000fcd       data     extern E:\3.44\pic18-lt\cxx-framework\src\traditional\proc\p18f14k50.asm
                    TMR1L   0x000fce       data     extern E:\3.44\pic18-lt\cxx-framework\src\traditional\proc\p18f14k50.asm
                    TMR1H   0x000fcf       data     extern E:\3.44\pic18-lt\cxx-framework\src\traditional\proc\p18f14k50.asm
                 RCONbits   0x000fd0       data     extern E:\3.44\pic18-lt\cxx-framework\src\traditional\proc\p18f14k50.asm
                     RCON   0x000fd0       data     extern E:\3.44\pic18-lt\cxx-framework\src\traditional\proc\p18f14k50.asm
                   WDTCON   0x000fd1       data     extern E:\3.44\pic18-lt\cxx-framework\src\traditional\proc\p18f14k50.asm
               WDTCONbits   0x000fd1       data     extern E:\3.44\pic18-lt\cxx-framework\src\traditional\proc\p18f14k50.asm
                  OSCCON2   0x000fd2       data     extern E:\3.44\pic18-lt\cxx-framework\src\traditional\proc\p18f14k50.asm
              OSCCON2bits   0x000fd2       data     extern E:\3.44\pic18-lt\cxx-framework\src\traditional\proc\p18f14k50.asm
                   OSCCON   0x000fd3       data     extern E:\3.44\pic18-lt\cxx-framework\src\traditional\proc\p18f14k50.asm
               OSCCONbits   0x000fd3       data     extern E:\3.44\pic18-lt\cxx-framework\src\traditional\proc\p18f14k50.asm
                    T0CON   0x000fd5       data     extern E:\3.44\pic18-lt\cxx-framework\src\traditional\proc\p18f14k50.asm
                T0CONbits   0x000fd5       data     extern E:\3.44\pic18-lt\cxx-framework\src\traditional\proc\p18f14k50.asm
                    TMR0L   0x000fd6       data     extern E:\3.44\pic18-lt\cxx-framework\src\traditional\proc\p18f14k50.asm
                    TMR0H   0x000fd7       data     extern E:\3.44\pic18-lt\cxx-framework\src\traditional\proc\p18f14k50.asm
                   STATUS   0x000fd8       data     extern E:\3.44\pic18-lt\cxx-framework\src\traditional\proc\p18f14k50.asm
               STATUSbits   0x000fd8       data     extern E:\3.44\pic18-lt\cxx-framework\src\traditional\proc\p18f14k50.asm
                    FSR2L   0x000fd9       data     extern E:\3.44\pic18-lt\cxx-framework\src\traditional\proc\p18f14k50.asm
                     FSR2   0x000fd9       data     extern E:\3.44\pic18-lt\cxx-framework\src\traditional\proc\p18f14k50.asm
                    FSR2H   0x000fda       data     extern E:\3.44\pic18-lt\cxx-framework\src\traditional\proc\p18f14k50.asm
                   PLUSW2   0x000fdb       data     extern E:\3.44\pic18-lt\cxx-framework\src\traditional\proc\p18f14k50.asm
                  PREINC2   0x000fdc       data     extern E:\3.44\pic18-lt\cxx-framework\src\traditional\proc\p18f14k50.asm
                 POSTDEC2   0x000fdd       data     extern E:\3.44\pic18-lt\cxx-framework\src\traditional\proc\p18f14k50.asm
                 POSTINC2   0x000fde       data     extern E:\3.44\pic18-lt\cxx-framework\src\traditional\proc\p18f14k50.asm
                    INDF2   0x000fdf       data     extern E:\3.44\pic18-lt\cxx-framework\src\traditional\proc\p18f14k50.asm
                      BSR   0x000fe0       data     extern E:\3.44\pic18-lt\cxx-framework\src\traditional\proc\p18f14k50.asm
                     FSR1   0x000fe1       data     extern E:\3.44\pic18-lt\cxx-framework\src\traditional\proc\p18f14k50.asm
                    FSR1L   0x000fe1       data     extern E:\3.44\pic18-lt\cxx-framework\src\traditional\proc\p18f14k50.asm
                    FSR1H   0x000fe2       data     extern E:\3.44\pic18-lt\cxx-framework\src\traditional\proc\p18f14k50.asm
                   PLUSW1   0x000fe3       data     extern E:\3.44\pic18-lt\cxx-framework\src\traditional\proc\p18f14k50.asm
                  PREINC1   0x000fe4       data     extern E:\3.44\pic18-lt\cxx-framework\src\traditional\proc\p18f14k50.asm
                 POSTDEC1   0x000fe5       data     extern E:\3.44\pic18-lt\cxx-framework\src\traditional\proc\p18f14k50.asm
                 POSTINC1   0x000fe6       data     extern E:\3.44\pic18-lt\cxx-framework\src\traditional\proc\p18f14k50.asm
                    INDF1   0x000fe7       data     extern E:\3.44\pic18-lt\cxx-framework\src\traditional\proc\p18f14k50.asm
                     WREG   0x000fe8       data     extern E:\3.44\pic18-lt\cxx-framework\src\traditional\proc\p18f14k50.asm
                        W   0x000fe8       data     extern E:\3.44\pic18-lt\cxx-framework\src\traditional\proc\p18f14k50.asm
                     FSR0   0x000fe9       data     extern E:\3.44\pic18-lt\cxx-framework\src\traditional\proc\p18f14k50.asm
                    FSR0L   0x000fe9       data     extern E:\3.44\pic18-lt\cxx-framework\src\traditional\proc\p18f14k50.asm
                    FSR0H   0x000fea       data     extern E:\3.44\pic18-lt\cxx-framework\src\traditional\proc\p18f14k50.asm
                   PLUSW0   0x000feb       data     extern E:\3.44\pic18-lt\cxx-framework\src\traditional\proc\p18f14k50.asm
                  PREINC0   0x000fec       data     extern E:\3.44\pic18-lt\cxx-framework\src\traditional\proc\p18f14k50.asm
                 POSTDEC0   0x000fed       data     extern E:\3.44\pic18-lt\cxx-framework\src\traditional\proc\p18f14k50.asm
                 POSTINC0   0x000fee       data     extern E:\3.44\pic18-lt\cxx-framework\src\traditional\proc\p18f14k50.asm
                    INDF0   0x000fef       data     extern E:\3.44\pic18-lt\cxx-framework\src\traditional\proc\p18f14k50.asm
              INTCON3bits   0x000ff0       data     extern E:\3.44\pic18-lt\cxx-framework\src\traditional\proc\p18f14k50.asm
                  INTCON3   0x000ff0       data     extern E:\3.44\pic18-lt\cxx-framework\src\traditional\proc\p18f14k50.asm
              INTCON2bits   0x000ff1       data     extern E:\3.44\pic18-lt\cxx-framework\src\traditional\proc\p18f14k50.asm
                  INTCON2   0x000ff1       data     extern E:\3.44\pic18-lt\cxx-framework\src\traditional\proc\p18f14k50.asm
               INTCONbits   0x000ff2       data     extern E:\3.44\pic18-lt\cxx-framework\src\traditional\proc\p18f14k50.asm
                   INTCON   0x000ff2       data     extern E:\3.44\pic18-lt\cxx-framework\src\traditional\proc\p18f14k50.asm
                    PRODL   0x000ff3       data     extern E:\3.44\pic18-lt\cxx-framework\src\traditional\proc\p18f14k50.asm
                     PROD   0x000ff3       data     extern E:\3.44\pic18-lt\cxx-framework\src\traditional\proc\p18f14k50.asm
                    PRODH   0x000ff4       data     extern E:\3.44\pic18-lt\cxx-framework\src\traditional\proc\p18f14k50.asm
                   TABLAT   0x000ff5       data     extern E:\3.44\pic18-lt\cxx-framework\src\traditional\proc\p18f14k50.asm
                   TBLPTR   0x000ff6       data     extern E:\3.44\pic18-lt\cxx-framework\src\traditional\proc\p18f14k50.asm
                  TBLPTRL   0x000ff6       data     extern E:\3.44\pic18-lt\cxx-framework\src\traditional\proc\p18f14k50.asm
                  TBLPTRH   0x000ff7       data     extern E:\3.44\pic18-lt\cxx-framework\src\traditional\proc\p18f14k50.asm
                  TBLPTRU   0x000ff8       data     extern E:\3.44\pic18-lt\cxx-framework\src\traditional\proc\p18f14k50.asm
                      PCL   0x000ff9       data     extern E:\3.44\pic18-lt\cxx-framework\src\traditional\proc\p18f14k50.asm
                       PC   0x000ff9       data     extern E:\3.44\pic18-lt\cxx-framework\src\traditional\proc\p18f14k50.asm
                   PCLATH   0x000ffa       data     extern E:\3.44\pic18-lt\cxx-framework\src\traditional\proc\p18f14k50.asm
                   PCLATU   0x000ffb       data     extern E:\3.44\pic18-lt\cxx-framework\src\traditional\proc\p18f14k50.asm
               STKPTRbits   0x000ffc       data     extern E:\3.44\pic18-lt\cxx-framework\src\traditional\proc\p18f14k50.asm
                   STKPTR   0x000ffc       data     extern E:\3.44\pic18-lt\cxx-framework\src\traditional\proc\p18f14k50.asm
                      TOS   0x000ffd       data     extern E:\3.44\pic18-lt\cxx-framework\src\traditional\proc\p18f14k50.asm
                     TOSL   0x000ffd       data     extern E:\3.44\pic18-lt\cxx-framework\src\traditional\proc\p18f14k50.asm
                     TOSH   0x000ffe       data     extern E:\3.44\pic18-lt\cxx-framework\src\traditional\proc\p18f14k50.asm
                     TOSU   0x000fff       data     extern E:\3.44\pic18-lt\cxx-framework\src\traditional\proc\p18f14k50.asm


