MPLINK 4.37, Linker
Linker Map File - Created Mon May 23 13:21:44 2011

                                 Section Info
                  Section       Type    Address   Location Size(Bytes)
                ---------  ---------  ---------  ---------  ---------
               _entry_scn       code   0x000000    program   0x000006
    HIGH_INTERRUPT_VECTOR       code   0x000008    program   0x000006
     LOW_INTERRUPT_VECTOR       code   0x000018    program   0x000006
    REMAPPED_RESET_VECTOR       code   0x001000    program   0x000006
                   .cinit    romdata   0x001006    program   0x000002
REMAPPED_HIGH_INTERRUPT_VECTOR       code   0x001008    program   0x000006
       .code__user_putc.o       code   0x00100e    program   0x000002
           .code___init.o       code   0x001010    program   0x000002
REMAPPED_LOW_INTERRUPT_VECTOR       code   0x001018    program   0x000006
       .code_usb_device.o       code   0x00101e    program   0x001236
         .code_vfprintf.o       code   0x002254    program   0x000c22
 .code_usb_function_cdc.o       code   0x002e76    program   0x00044e
             .code_main.o       code   0x0032c4    program   0x00032a
.romdata_usb_descriptors.o    romdata   0x0035ee    program   0x0000c9
       .idata_sprintf.o_i    romdata   0x0036b7    program   0x000000
        .romdata___init.o    romdata   0x0036b7    program   0x000000
        .idata___init.o_i    romdata   0x0036b7    program   0x000000
      .romdata_fxd2424u.o    romdata   0x0036b7    program   0x000000
      .idata_fxd2424u.o_i    romdata   0x0036b7    program   0x000000
.romdata_usb_function_cdc.o    romdata   0x0036b7    program   0x000000
.idata_usb_function_cdc.o_i    romdata   0x0036b7    program   0x000000
       .romdata_sprintf.o    romdata   0x0036b7    program   0x000000
      .idata_vfprintf.o_i    romdata   0x0036b7    program   0x000000
      .idata_fxd3232u.o_i    romdata   0x0036b7    program   0x000000
    .romdata__user_putc.o    romdata   0x0036b7    program   0x000000
      .romdata_fxd3232u.o    romdata   0x0036b7    program   0x000000
       .idata_fxm3232.o_i    romdata   0x0036b7    program   0x000000
       .romdata_fxm3232.o    romdata   0x0036b7    program   0x000000
          .idata_putc.o_i    romdata   0x0036b7    program   0x000000
          .romdata_putc.o    romdata   0x0036b7    program   0x000000
    .idata__user_putc.o_i    romdata   0x0036b7    program   0x000000
         .idata_c018i.o_i    romdata   0x0036b7    program   0x000000
         .romdata_c018i.o    romdata   0x0036b7    program   0x000000
.idata_usb_descriptors.o_i    romdata   0x0036b7    program   0x000000
          .idata_main.o_i    romdata   0x0036b7    program   0x000000
          .romdata_main.o    romdata   0x0036b7    program   0x000000
    .romdata_usb_device.o    romdata   0x0036b7    program   0x000000
    .idata_usb_device.o_i    romdata   0x0036b7    program   0x000000
                     PROG       code   0x0036b8    program   0x0000b4
            .code_c018i.o       code   0x0036b8    program   0x000000
  .code_usb_descriptors.o       code   0x0036b8    program   0x000000
          .code_sprintf.o       code   0x00376c    program   0x0000ac
               _cinit_scn       code   0x003818    program   0x00009e
                   STRING       code   0x0038b6    program   0x00009a
             .code_putc.o       code   0x003950    program   0x000084
          .code_fxm3232.o       code   0x0039d4    program   0x000070
         .code_fxd3232u.o       code   0x003a44    program   0x000048
         .code_fxd2424u.o       code   0x003a8c    program   0x00003a
                    CTYPE       code   0x003ac6    program   0x000024
              D1KTCYXCODE       code   0x003aea    program   0x000020
                    .code       code   0x003b0a    program   0x000020
             _startup_scn       code   0x003b2a    program   0x00001c
                    STDIO       code   0x003b46    program   0x00001c
      .romdata_vfprintf.o    romdata   0x003b62    program   0x000011
             .stringtable    romdata   0x003b73    program   0x00000d
    .config_300000_main.o    romdata   0x300000    program   0x000001
    .config_300001_main.o    romdata   0x300001    program   0x000001
    .config_300002_main.o    romdata   0x300002    program   0x000001
    .config_300003_main.o    romdata   0x300003    program   0x000001
    .config_300005_main.o    romdata   0x300005    program   0x000001
    .config_300006_main.o    romdata   0x300006    program   0x000001
    .config_300008_main.o    romdata   0x300008    program   0x000001
    .config_300009_main.o    romdata   0x300009    program   0x000001
    .config_30000a_main.o    romdata   0x30000a    program   0x000001
    .config_30000b_main.o    romdata   0x30000b    program   0x000001
    .config_30000c_main.o    romdata   0x30000c    program   0x000001
    .config_30000d_main.o    romdata   0x30000d    program   0x000001
                MATH_DATA      udata   0x000000       data   0x000014
                 .tmpdata      udata   0x000014       data   0x000007
                DELAYDAT1      udata   0x00001b       data   0x000001
            .udata_main.o      udata   0x000060       data   0x000044
      .udata_usb_device.o      udata   0x0000a4       data   0x000034
.udata_usb_function_cdc.o      udata   0x0000d8       data   0x000019
           .udata_c018i.o      udata   0x0000f1       data   0x00000a
          .idata___init.o      idata   0x0000fb       data   0x000000
         .udata_sprintf.o      udata   0x0000fb       data   0x000000
         .idata_sprintf.o      idata   0x0000fb       data   0x000000
        .udata_vfprintf.o      udata   0x0000fb       data   0x000000
        .idata_vfprintf.o      idata   0x0000fb       data   0x000000
        .udata_fxd3232u.o      udata   0x0000fb       data   0x000000
        .idata_fxd3232u.o      idata   0x0000fb       data   0x000000
         .udata_fxm3232.o      udata   0x0000fb       data   0x000000
         .idata_fxm3232.o      idata   0x0000fb       data   0x000000
            .udata_putc.o      udata   0x0000fb       data   0x000000
            .idata_putc.o      idata   0x0000fb       data   0x000000
      .udata__user_putc.o      udata   0x0000fb       data   0x000000
      .idata__user_putc.o      idata   0x0000fb       data   0x000000
          .udata___init.o      udata   0x0000fb       data   0x000000
        .idata_fxd2424u.o      idata   0x0000fb       data   0x000000
        .udata_fxd2424u.o      udata   0x0000fb       data   0x000000
.idata_usb_function_cdc.o      idata   0x0000fb       data   0x000000
      .idata_usb_device.o      idata   0x0000fb       data   0x000000
            .idata_main.o      idata   0x0000fb       data   0x000000
 .idata_usb_descriptors.o      idata   0x0000fb       data   0x000000
 .udata_usb_descriptors.o      udata   0x0000fb       data   0x000000
           .idata_c018i.o      idata   0x0000fb       data   0x000000
                   .stack      udata   0x000100       data   0x000040
                  USB_BDT      udata   0x000200       data   0x000040
                  usbram2      udata   0x000240       data   0x00008f
              SFR_BANKED0      udata   0x000f53       data   0x00000d
            SFR_UNBANKED0      udata   0x000f60       data   0x0000a0



                              Program Memory Usage 
                               Start         End      
                           ---------   ---------      
                            0x000000    0x000005      
                            0x000008    0x00000d      
                            0x000018    0x00001d      
                            0x001000    0x001011      
                            0x001018    0x0036b6      
                            0x0036b8    0x003b7f      
                            0x300000    0x300003      
                            0x300005    0x300006      
                            0x300008    0x30000d      
            11159 out of 16408 program addresses used, program memory utilization is 68%



                              Symbols - Sorted by Name
                     Name    Address   Location    Storage File                     
                ---------  ---------  ---------  --------- ---------                
                CDCInitEP   0x002f12    program     extern C:\Documents and Settings\villaverde\Meus documentos\CARDIOMED\PROJETO WCS PULSE\Firmware\usb_function_cdc.c
             CDCTxService   0x003176    program     extern C:\Documents and Settings\villaverde\Meus documentos\CARDIOMED\PROJETO WCS PULSE\Firmware\usb_function_cdc.c
                    D1K_1   0x003af6    program     static C:\MCC18\src\traditional\delays\d1ktcyx.asm
                     D1Kx   0x003af4    program     static C:\MCC18\src\traditional\delays\d1ktcyx.asm
                   D2424S   0x0036e2    program     static C:\MCC18\src\traditional\math\fxd2424s.asm
                D2424SNEG   0x0036f0    program     static C:\MCC18\src\traditional\math\fxd2424s.asm
                 D2424SOK   0x0036ec    program     static C:\MCC18\src\traditional\math\fxd2424s.asm
                  D2424SX   0x003708    program     static C:\MCC18\src\traditional\math\fxd2424s.asm
                  DA2424S   0x0036ce    program     static C:\MCC18\src\traditional\math\fxd2424s.asm
              Delay1KTCYx   0x003aea    program     extern C:\MCC18\src\traditional\delays\d1ktcyx.asm
                Delay_1ms   0x0033c0    program     extern C:\Documents and Settings\villaverde\Meus documentos\CARDIOMED\PROJETO WCS PULSE\Firmware\main.c
              Delay_200ms   0x0033a8    program     extern C:\Documents and Settings\villaverde\Meus documentos\CARDIOMED\PROJETO WCS PULSE\Firmware\main.c
                Delay_5ms   0x0033b4    program     extern C:\Documents and Settings\villaverde\Meus documentos\CARDIOMED\PROJETO WCS PULSE\Firmware\main.c
                 FXD2424S   0x0036b8    program     extern C:\MCC18\src\traditional\math\fxd2424s.asm
                 FXD2424U   0x003a8c    program     extern C:\MCC18\src\traditional\math\fxd2424u.c
                 FXD3232U   0x003a44    program     extern C:\MCC18\src\traditional\math\fxd3232u.c
                 FXM1616S   0x003712    program     extern C:\MCC18\src\traditional\math\fxm1616s.asm
                  FXM3232   0x0039d4    program     extern C:\MCC18\src\traditional\math\fxm3232.c
                 High_ISR   0x000008    program     extern C:\Documents and Settings\villaverde\Meus documentos\CARDIOMED\PROJETO WCS PULSE\Firmware\main.c
         InitializeSystem   0x00338c    program     static C:\Documents and Settings\villaverde\Meus documentos\CARDIOMED\PROJETO WCS PULSE\Firmware\main.c
                  Low_ISR   0x000018    program     extern C:\Documents and Settings\villaverde\Meus documentos\CARDIOMED\PROJETO WCS PULSE\Firmware\main.c
                ProcessIO   0x0033cc    program     extern C:\Documents and Settings\villaverde\Meus documentos\CARDIOMED\PROJETO WCS PULSE\Firmware\main.c
        Remapped_High_ISR   0x001008    program     extern C:\Documents and Settings\villaverde\Meus documentos\CARDIOMED\PROJETO WCS PULSE\Firmware\main.c
         Remapped_Low_ISR   0x001018    program     extern C:\Documents and Settings\villaverde\Meus documentos\CARDIOMED\PROJETO WCS PULSE\Firmware\main.c
               TSIGN1616A   0x00375e    program     static C:\MCC18\src\traditional\math\fxm1616s.asm
       USBCBCheckOtherReq   0x003516    program     extern C:\Documents and Settings\villaverde\Meus documentos\CARDIOMED\PROJETO WCS PULSE\Firmware\main.c
        USBCBErrorHandler   0x003514    program     extern C:\Documents and Settings\villaverde\Meus documentos\CARDIOMED\PROJETO WCS PULSE\Firmware\main.c
              USBCBInitEP   0x00351c    program     extern C:\Documents and Settings\villaverde\Meus documentos\CARDIOMED\PROJETO WCS PULSE\Firmware\main.c
          USBCBSendResume   0x003520    program     extern C:\Documents and Settings\villaverde\Meus documentos\CARDIOMED\PROJETO WCS PULSE\Firmware\main.c
    USBCBStdSetDscHandler   0x00351a    program     extern C:\Documents and Settings\villaverde\Meus documentos\CARDIOMED\PROJETO WCS PULSE\Firmware\main.c
             USBCBSuspend   0x003510    program     extern C:\Documents and Settings\villaverde\Meus documentos\CARDIOMED\PROJETO WCS PULSE\Firmware\main.c
     USBCBWakeFromSuspend   0x003512    program     extern C:\Documents and Settings\villaverde\Meus documentos\CARDIOMED\PROJETO WCS PULSE\Firmware\main.c
              USBCancelIO   0x00216a    program     extern C:\Documents and Settings\villaverde\Meus documentos\CARDIOMED\PROJETO WCS PULSE\Firmware\usb_device.c
       USBCheckCDCRequest   0x002e76    program     extern C:\Documents and Settings\villaverde\Meus documentos\CARDIOMED\PROJETO WCS PULSE\Firmware\usb_function_cdc.c
       USBCheckStdRequest   0x001556    program     static C:\Documents and Settings\villaverde\Meus documentos\CARDIOMED\PROJETO WCS PULSE\Firmware\usb_device.c
     USBConfigureEndpoint   0x001e82    program     static C:\Documents and Settings\villaverde\Meus documentos\CARDIOMED\PROJETO WCS PULSE\Firmware\usb_device.c
  USBCtrlEPAllowDataStage   0x00190a    program     extern C:\Documents and Settings\villaverde\Meus documentos\CARDIOMED\PROJETO WCS PULSE\Firmware\usb_device.c
USBCtrlEPAllowStatusStage   0x001868    program     extern C:\Documents and Settings\villaverde\Meus documentos\CARDIOMED\PROJETO WCS PULSE\Firmware\usb_device.c
         USBCtrlEPService   0x00132a    program     static C:\Documents and Settings\villaverde\Meus documentos\CARDIOMED\PROJETO WCS PULSE\Firmware\usb_device.c
 USBCtrlEPServiceComplete   0x001af4    program     static C:\Documents and Settings\villaverde\Meus documentos\CARDIOMED\PROJETO WCS PULSE\Firmware\usb_device.c
      USBCtrlTrfInHandler   0x0014a2    program     static C:\Documents and Settings\villaverde\Meus documentos\CARDIOMED\PROJETO WCS PULSE\Firmware\usb_device.c
     USBCtrlTrfOutHandler   0x001458    program     static C:\Documents and Settings\villaverde\Meus documentos\CARDIOMED\PROJETO WCS PULSE\Firmware\usb_device.c
      USBCtrlTrfRxService   0x001c74    program     static C:\Documents and Settings\villaverde\Meus documentos\CARDIOMED\PROJETO WCS PULSE\Firmware\usb_device.c
   USBCtrlTrfSetupHandler   0x0013fa    program     static C:\Documents and Settings\villaverde\Meus documentos\CARDIOMED\PROJETO WCS PULSE\Firmware\usb_device.c
      USBCtrlTrfTxService   0x001bb6    program     static C:\Documents and Settings\villaverde\Meus documentos\CARDIOMED\PROJETO WCS PULSE\Firmware\usb_device.c
          USBDeviceAttach   0x002224    program     extern C:\Documents and Settings\villaverde\Meus documentos\CARDIOMED\PROJETO WCS PULSE\Firmware\usb_device.c
          USBDeviceDetach   0x00221a    program     extern C:\Documents and Settings\villaverde\Meus documentos\CARDIOMED\PROJETO WCS PULSE\Firmware\usb_device.c
            USBDeviceInit   0x00101e    program     extern C:\Documents and Settings\villaverde\Meus documentos\CARDIOMED\PROJETO WCS PULSE\Firmware\usb_device.c
           USBDeviceTasks   0x00113e    program     extern C:\Documents and Settings\villaverde\Meus documentos\CARDIOMED\PROJETO WCS PULSE\Firmware\usb_device.c
        USBEnableEndpoint   0x001f2e    program     extern C:\Documents and Settings\villaverde\Meus documentos\CARDIOMED\PROJETO WCS PULSE\Firmware\usb_device.c
         USBStallEndpoint   0x001f9c    program     extern C:\Documents and Settings\villaverde\Meus documentos\CARDIOMED\PROJETO WCS PULSE\Firmware\usb_device.c
          USBStallHandler   0x00129e    program     static C:\Documents and Settings\villaverde\Meus documentos\CARDIOMED\PROJETO WCS PULSE\Firmware\usb_device.c
  USBStdFeatureReqHandler   0x001614    program     static C:\Documents and Settings\villaverde\Meus documentos\CARDIOMED\PROJETO WCS PULSE\Firmware\usb_device.c
      USBStdGetDscHandler   0x001986    program     static C:\Documents and Settings\villaverde\Meus documentos\CARDIOMED\PROJETO WCS PULSE\Firmware\usb_device.c
   USBStdGetStatusHandler   0x001a40    program     static C:\Documents and Settings\villaverde\Meus documentos\CARDIOMED\PROJETO WCS PULSE\Firmware\usb_device.c
      USBStdSetCfgHandler   0x001db2    program     static C:\Documents and Settings\villaverde\Meus documentos\CARDIOMED\PROJETO WCS PULSE\Firmware\usb_device.c
               USBSuspend   0x0012d2    program     static C:\Documents and Settings\villaverde\Meus documentos\CARDIOMED\PROJETO WCS PULSE\Firmware\usb_device.c
     USBTransferOnePacket   0x002078    program     extern C:\Documents and Settings\villaverde\Meus documentos\CARDIOMED\PROJETO WCS PULSE\Firmware\usb_device.c
       USBWakeFromSuspend   0x0012fc    program     static C:\Documents and Settings\villaverde\Meus documentos\CARDIOMED\PROJETO WCS PULSE\Firmware\usb_device.c
               USB_CD_Ptr   0x0036af    program     extern C:\Documents and Settings\villaverde\Meus documentos\CARDIOMED\PROJETO WCS PULSE\Firmware\usb_descriptors.c
               USB_SD_Ptr   0x0036b1    program     extern C:\Documents and Settings\villaverde\Meus documentos\CARDIOMED\PROJETO WCS PULSE\Firmware\usb_descriptors.c
USER_USB_CALLBACK_EVENT_HANDLER   0x003568    program     extern C:\Documents and Settings\villaverde\Meus documentos\CARDIOMED\PROJETO WCS PULSE\Firmware\main.c
  YourHighPriorityISRCode   0x0032c4    program     extern C:\Documents and Settings\villaverde\Meus documentos\CARDIOMED\PROJETO WCS PULSE\Firmware\main.c
   YourLowPriorityISRCode   0x00335a    program     extern C:\Documents and Settings\villaverde\Meus documentos\CARDIOMED\PROJETO WCS PULSE\Firmware\main.c
              _2jContinue   0x0038d6    program     static C:\MCC18\src\traditional\stdclib\memset.asm
                   _2jEnd   0x00393a    program     static C:\MCC18\src\traditional\stdclib\slenpgm.asm
                   _3jEnd   0x0038e0    program     static C:\MCC18\src\traditional\stdclib\memset.asm
        _D1KTCYXCODE_0010   0x003afa    program     static C:\MCC18\src\traditional\delays\d1ktcyx.asm
        _D1KTCYXCODE_0016   0x003b00    program     static C:\MCC18\src\traditional\delays\d1ktcyx.asm
       ___return_lbl00000   0x001004    program     static                          
       ___return_lbl00000   0x003a8a    program     static                          
       ___return_lbl00000   0x000004    program     static                          
       ___return_lbl00000   0x003a42    program     static                          
       ___return_lbl00000   0x003ac4    program     static                          
       ___return_lbl00001   0x00100c    program     static                          
       ___return_lbl00001   0x003b44    program     static                          
       ___return_lbl00002   0x00101c    program     static                          
       ___return_lbl00002   0x0038b4    program     static                          
       ___return_lbl00003   0x00000c    program     static                          
       ___return_lbl00004   0x00001c    program     static                          
               __config_0   0x300000    program     static C:\Documents and Settings\villaverde\Meus documentos\CARDIOMED\PROJETO WCS PULSE\Firmware\main.c
               __config_1   0x300001    program     static C:\Documents and Settings\villaverde\Meus documentos\CARDIOMED\PROJETO WCS PULSE\Firmware\main.c
              __config_10   0x30000c    program     static C:\Documents and Settings\villaverde\Meus documentos\CARDIOMED\PROJETO WCS PULSE\Firmware\main.c
              __config_11   0x30000d    program     static C:\Documents and Settings\villaverde\Meus documentos\CARDIOMED\PROJETO WCS PULSE\Firmware\main.c
               __config_2   0x300002    program     static C:\Documents and Settings\villaverde\Meus documentos\CARDIOMED\PROJETO WCS PULSE\Firmware\main.c
               __config_3   0x300003    program     static C:\Documents and Settings\villaverde\Meus documentos\CARDIOMED\PROJETO WCS PULSE\Firmware\main.c
               __config_4   0x300005    program     static C:\Documents and Settings\villaverde\Meus documentos\CARDIOMED\PROJETO WCS PULSE\Firmware\main.c
               __config_5   0x300006    program     static C:\Documents and Settings\villaverde\Meus documentos\CARDIOMED\PROJETO WCS PULSE\Firmware\main.c
               __config_6   0x300008    program     static C:\Documents and Settings\villaverde\Meus documentos\CARDIOMED\PROJETO WCS PULSE\Firmware\main.c
               __config_7   0x300009    program     static C:\Documents and Settings\villaverde\Meus documentos\CARDIOMED\PROJETO WCS PULSE\Firmware\main.c
               __config_8   0x30000a    program     static C:\Documents and Settings\villaverde\Meus documentos\CARDIOMED\PROJETO WCS PULSE\Firmware\main.c
               __config_9   0x30000b    program     static C:\Documents and Settings\villaverde\Meus documentos\CARDIOMED\PROJETO WCS PULSE\Firmware\main.c
                   __init   0x001010    program     extern C:\MCC18\src\traditional\stdclib\__init.c
                   __pa_0   0x002b94    program     static C:\MCC18\src\traditional\stdclib\vfprintf.c
                   __pa_1   0x002b9c    program     static C:\MCC18\src\traditional\stdclib\vfprintf.c
                  __pa_10   0x002c50    program     static C:\MCC18\src\traditional\stdclib\vfprintf.c
                  __pa_11   0x002c5e    program     static C:\MCC18\src\traditional\stdclib\vfprintf.c
                  __pa_12   0x002c74    program     static C:\MCC18\src\traditional\stdclib\vfprintf.c
                  __pa_13   0x002c8e    program     static C:\MCC18\src\traditional\stdclib\vfprintf.c
                  __pa_14   0x002ca6    program     static C:\MCC18\src\traditional\stdclib\vfprintf.c
                  __pa_15   0x002cb6    program     static C:\MCC18\src\traditional\stdclib\vfprintf.c
                  __pa_16   0x002ccc    program     static C:\MCC18\src\traditional\stdclib\vfprintf.c
                  __pa_17   0x002cde    program     static C:\MCC18\src\traditional\stdclib\vfprintf.c
                  __pa_18   0x002cf0    program     static C:\MCC18\src\traditional\stdclib\vfprintf.c
                  __pa_19   0x002cfa    program     static C:\MCC18\src\traditional\stdclib\vfprintf.c
                   __pa_2   0x002ba6    program     static C:\MCC18\src\traditional\stdclib\vfprintf.c
                  __pa_20   0x002d0a    program     static C:\MCC18\src\traditional\stdclib\vfprintf.c
                  __pa_21   0x002d1a    program     static C:\MCC18\src\traditional\stdclib\vfprintf.c
                  __pa_22   0x002d2a    program     static C:\MCC18\src\traditional\stdclib\vfprintf.c
                  __pa_23   0x002d36    program     static C:\MCC18\src\traditional\stdclib\vfprintf.c
                  __pa_24   0x002d44    program     static C:\MCC18\src\traditional\stdclib\vfprintf.c
                  __pa_25   0x002d4c    program     static C:\MCC18\src\traditional\stdclib\vfprintf.c
                  __pa_26   0x002d56    program     static C:\MCC18\src\traditional\stdclib\vfprintf.c
                  __pa_27   0x002d60    program     static C:\MCC18\src\traditional\stdclib\vfprintf.c
                  __pa_28   0x002d68    program     static C:\MCC18\src\traditional\stdclib\vfprintf.c
                  __pa_29   0x002d76    program     static C:\MCC18\src\traditional\stdclib\vfprintf.c
                   __pa_3   0x002bb0    program     static C:\MCC18\src\traditional\stdclib\vfprintf.c
                  __pa_30   0x002d92    program     static C:\MCC18\src\traditional\stdclib\vfprintf.c
                  __pa_31   0x002dac    program     static C:\MCC18\src\traditional\stdclib\vfprintf.c
                  __pa_32   0x002dc6    program     static C:\MCC18\src\traditional\stdclib\vfprintf.c
                  __pa_33   0x002dde    program     static C:\MCC18\src\traditional\stdclib\vfprintf.c
                  __pa_34   0x002de8    program     static C:\MCC18\src\traditional\stdclib\vfprintf.c
                  __pa_35   0x002df6    program     static C:\MCC18\src\traditional\stdclib\vfprintf.c
                  __pa_36   0x002dfe    program     static C:\MCC18\src\traditional\stdclib\vfprintf.c
                  __pa_37   0x002e08    program     static C:\MCC18\src\traditional\stdclib\vfprintf.c
                  __pa_38   0x002e18    program     static C:\MCC18\src\traditional\stdclib\vfprintf.c
                  __pa_39   0x002e26    program     static C:\MCC18\src\traditional\stdclib\vfprintf.c
                   __pa_4   0x002bc8    program     static C:\MCC18\src\traditional\stdclib\vfprintf.c
                  __pa_40   0x002e32    program     static C:\MCC18\src\traditional\stdclib\vfprintf.c
                  __pa_41   0x002e3e    program     static C:\MCC18\src\traditional\stdclib\vfprintf.c
                  __pa_42   0x002e46    program     static C:\MCC18\src\traditional\stdclib\vfprintf.c
                  __pa_43   0x002e50    program     static C:\MCC18\src\traditional\stdclib\vfprintf.c
                  __pa_44   0x002e56    program     static C:\MCC18\src\traditional\stdclib\vfprintf.c
                  __pa_45   0x002e60    program     static C:\MCC18\src\traditional\stdclib\vfprintf.c
                  __pa_46   0x002e6c    program     static C:\MCC18\src\traditional\stdclib\vfprintf.c
                   __pa_5   0x002bdc    program     static C:\MCC18\src\traditional\stdclib\vfprintf.c
                   __pa_6   0x002bf8    program     static C:\MCC18\src\traditional\stdclib\vfprintf.c
                   __pa_7   0x002c02    program     static C:\MCC18\src\traditional\stdclib\vfprintf.c
                   __pa_8   0x002c0e    program     static C:\MCC18\src\traditional\stdclib\vfprintf.c
                   __pa_9   0x002c30    program     static C:\MCC18\src\traditional\stdclib\vfprintf.c
               __string_0   0x003b73    program     static C:\Documents and Settings\villaverde\Meus documentos\CARDIOMED\PROJETO WCS PULSE\Firmware\main.c
              __tmplbl_42   0x002d2a    program     static                          
              __tmplbl_43   0x002b72    program     static                          
              __tmplbl_44   0x002b58    program     static                          
              __tmplbl_85   0x0022aa    program     static                          
            __zero_memory   0x003b0a    program     extern C:\MCC18\src\traditional\proc\p18F14K50.asm
                _do_cinit   0x003818    program     extern C:\MCC18\src\traditional\startup\c018i.c
                   _entry   0x000000    program     extern C:\MCC18\src\traditional\startup\c018i.c
                   _false   0x003a86    program     static                          
                   _false   0x003ac0    program     static                          
                   _reset   0x001000    program     extern C:\Documents and Settings\villaverde\Meus documentos\CARDIOMED\PROJETO WCS PULSE\Firmware\main.c
                 _startup   0x003b2a    program     extern C:\MCC18\src\traditional\startup\c018i.c
              _usart_putc   0x003b46    program     extern C:\MCC18\src\pmc_common\USART\_usartpc.asm
               _user_putc   0x00100e    program     extern C:\MCC18\src\traditional\stdclib\_user_putc.c
                compare_l   0x003b20    program     static C:\MCC18\src\traditional\proc\p18F14K50.asm
        configDescriptor1   0x003600    program     extern C:\Documents and Settings\villaverde\Meus documentos\CARDIOMED\PROJETO WCS PULSE\Firmware\usb_descriptors.c
                copy_loop   0x00388a    program     static                          
            copy_one_byte   0x003890    program     static                          
               device_dsc   0x0035ee    program     extern C:\Documents and Settings\villaverde\Meus documentos\CARDIOMED\PROJETO WCS PULSE\Firmware\usb_descriptors.c
                     done   0x0038b4    program     static                          
             done_copying   0x00389e    program     static                          
             getsUSBUSART   0x002f7a    program     extern C:\Documents and Settings\villaverde\Meus documentos\CARDIOMED\PROJETO WCS PULSE\Firmware\usb_function_cdc.c
                  isdigit   0x003ac6    program     extern C:\MCC18\src\traditional\stdclib\isdigit.asm
                     jEnd   0x003904    program     static C:\MCC18\src\traditional\stdclib\strlen.asm
                     jEnd   0x00393c    program     static C:\MCC18\src\traditional\stdclib\slenpgm.asm
                     jEnd   0x0038e8    program     static C:\MCC18\src\traditional\stdclib\memset.asm
                    jLoop   0x003924    program     static C:\MCC18\src\traditional\stdclib\slenpgm.asm
                    jLoop   0x0038fa    program     static C:\MCC18\src\traditional\stdclib\strlen.asm
                    jLoop   0x0038ca    program     static C:\MCC18\src\traditional\stdclib\memset.asm
                   jMatch   0x003ae6    program     static C:\MCC18\src\traditional\stdclib\isdigit.asm
                 jNoMatch   0x003ae8    program     static C:\MCC18\src\traditional\stdclib\isdigit.asm
                     loop   0x003b56    program     static C:\MCC18\src\pmc_common\USART\_usartpc.asm
                     loop   0x003a52    program     static                          
                     loop   0x003a98    program     static                          
                     loop   0x003b3a    program     static                          
                   loop_h   0x003b18    program     static C:\MCC18\src\traditional\proc\p18F14K50.asm
                   loop_l   0x003b22    program     static C:\MCC18\src\traditional\proc\p18F14K50.asm
                     main   0x00337c    program     extern C:\Documents and Settings\villaverde\Meus documentos\CARDIOMED\PROJETO WCS PULSE\Firmware\main.c
                   memset   0x0038b6    program     extern C:\MCC18\src\traditional\stdclib\memset.asm
              putUSBUSART   0x00303a    program     extern C:\Documents and Settings\villaverde\Meus documentos\CARDIOMED\PROJETO WCS PULSE\Firmware\usb_function_cdc.c
                     putc   0x003950    program     extern C:\MCC18\src\traditional\stdclib\putc.c
            putrsUSBUSART   0x0030f0    program     extern C:\Documents and Settings\villaverde\Meus documentos\CARDIOMED\PROJETO WCS PULSE\Firmware\usb_function_cdc.c
             putsUSBUSART   0x00306c    program     extern C:\Documents and Settings\villaverde\Meus documentos\CARDIOMED\PROJETO WCS PULSE\Firmware\usb_function_cdc.c
                 s_digits   0x003b62    program     static C:\MCC18\src\traditional\stdclib\vfprintf.c
            s_put_n_chars   0x002254    program     static C:\MCC18\src\traditional\stdclib\vfprintf.c
                    sd000   0x003643    program     extern C:\Documents and Settings\villaverde\Meus documentos\CARDIOMED\PROJETO WCS PULSE\Firmware\usb_descriptors.c
                    sd001   0x003647    program     extern C:\Documents and Settings\villaverde\Meus documentos\CARDIOMED\PROJETO WCS PULSE\Firmware\usb_descriptors.c
                    sd002   0x00367b    program     extern C:\Documents and Settings\villaverde\Meus documentos\CARDIOMED\PROJETO WCS PULSE\Firmware\usb_descriptors.c
                  sprintf   0x00376c    program     extern C:\MCC18\src\traditional\stdclib\sprintf.c
                   strlen   0x0038ea    program     extern C:\MCC18\src\traditional\stdclib\strlen.asm
                strlenpgm   0x003906    program     extern C:\MCC18\src\traditional\stdclib\slenpgm.asm
                     test   0x003832    program     static                          
                 vfprintf   0x002280    program     extern C:\MCC18\src\traditional\stdclib\vfprintf.c
               zero_block   0x003b18    program     static C:\MCC18\src\traditional\proc\p18F14K50.asm
                   ADCON0   0x000fc2       data     extern C:\MCC18\src\traditional\proc\p18F14K50.asm
               ADCON0bits   0x000fc2       data     extern C:\MCC18\src\traditional\proc\p18F14K50.asm
                   ADCON1   0x000fc1       data     extern C:\MCC18\src\traditional\proc\p18F14K50.asm
               ADCON1bits   0x000fc1       data     extern C:\MCC18\src\traditional\proc\p18F14K50.asm
                   ADCON2   0x000fc0       data     extern C:\MCC18\src\traditional\proc\p18F14K50.asm
               ADCON2bits   0x000fc0       data     extern C:\MCC18\src\traditional\proc\p18F14K50.asm
                    ADRES   0x000fc3       data     extern C:\MCC18\src\traditional\proc\p18F14K50.asm
                   ADRESH   0x000fc4       data     extern C:\MCC18\src\traditional\proc\p18F14K50.asm
                   ADRESL   0x000fc3       data     extern C:\MCC18\src\traditional\proc\p18F14K50.asm
                    ANSEL   0x000f7e       data     extern C:\MCC18\src\traditional\proc\p18F14K50.asm
                   ANSELH   0x000f7f       data     extern C:\MCC18\src\traditional\proc\p18F14K50.asm
               ANSELHbits   0x000f7f       data     extern C:\MCC18\src\traditional\proc\p18F14K50.asm
                ANSELbits   0x000f7e       data     extern C:\MCC18\src\traditional\proc\p18F14K50.asm
                  BAUDCON   0x000fb8       data     extern C:\MCC18\src\traditional\proc\p18F14K50.asm
              BAUDCONbits   0x000fb8       data     extern C:\MCC18\src\traditional\proc\p18F14K50.asm
                  BAUDCTL   0x000fb8       data     extern C:\MCC18\src\traditional\proc\p18F14K50.asm
              BAUDCTLbits   0x000fb8       data     extern C:\MCC18\src\traditional\proc\p18F14K50.asm
                      BDT   0x000200       data     extern C:\Documents and Settings\villaverde\Meus documentos\CARDIOMED\PROJETO WCS PULSE\Firmware\usb_device.c
                      BSR   0x000fe0       data     extern C:\MCC18\src\traditional\proc\p18F14K50.asm
              BaudRateGen   0x0000e5       data     extern C:\Documents and Settings\villaverde\Meus documentos\CARDIOMED\PROJETO WCS PULSE\Firmware\usb_function_cdc.c
       BothEP0OutUOWNsSet   0x0000cb       data     extern C:\Documents and Settings\villaverde\Meus documentos\CARDIOMED\PROJETO WCS PULSE\Firmware\usb_device.c
                  CCP1CON   0x000fbd       data     extern C:\MCC18\src\traditional\proc\p18F14K50.asm
              CCP1CONbits   0x000fbd       data     extern C:\MCC18\src\traditional\proc\p18F14K50.asm
                    CCPR1   0x000fbe       data     extern C:\MCC18\src\traditional\proc\p18F14K50.asm
                   CCPR1H   0x000fbf       data     extern C:\MCC18\src\traditional\proc\p18F14K50.asm
                   CCPR1L   0x000fbe       data     extern C:\MCC18\src\traditional\proc\p18F14K50.asm
          CDCDataInHandle   0x0000e2       data     extern C:\Documents and Settings\villaverde\Meus documentos\CARDIOMED\PROJETO WCS PULSE\Firmware\usb_function_cdc.c
         CDCDataOutHandle   0x0000e0       data     extern C:\Documents and Settings\villaverde\Meus documentos\CARDIOMED\PROJETO WCS PULSE\Firmware\usb_function_cdc.c
                  CM1CON0   0x000f6d       data     extern C:\MCC18\src\traditional\proc\p18F14K50.asm
              CM1CON0bits   0x000f6d       data     extern C:\MCC18\src\traditional\proc\p18F14K50.asm
                  CM2CON0   0x000f6b       data     extern C:\MCC18\src\traditional\proc\p18F14K50.asm
              CM2CON0bits   0x000f6b       data     extern C:\MCC18\src\traditional\proc\p18F14K50.asm
                  CM2CON1   0x000f6c       data     extern C:\MCC18\src\traditional\proc\p18F14K50.asm
              CM2CON1bits   0x000f6c       data     extern C:\MCC18\src\traditional\proc\p18F14K50.asm
              CtrlTrfData   0x000238       data     extern C:\Documents and Settings\villaverde\Meus documentos\CARDIOMED\PROJETO WCS PULSE\Firmware\usb_device.c
                     DDRA   0x000f92       data     extern C:\MCC18\src\traditional\proc\p18F14K50.asm
                 DDRAbits   0x000f92       data     extern C:\MCC18\src\traditional\proc\p18F14K50.asm
                     DDRB   0x000f93       data     extern C:\MCC18\src\traditional\proc\p18F14K50.asm
                 DDRBbits   0x000f93       data     extern C:\MCC18\src\traditional\proc\p18F14K50.asm
                     DDRC   0x000f94       data     extern C:\MCC18\src\traditional\proc\p18F14K50.asm
                 DDRCbits   0x000f94       data     extern C:\MCC18\src\traditional\proc\p18F14K50.asm
            DelayCounter1   0x00001b       data     extern C:\MCC18\src\traditional\delays\delayd1.asm
                  ECCP1AS   0x000fb6       data     extern C:\MCC18\src\traditional\proc\p18F14K50.asm
              ECCP1ASbits   0x000fb6       data     extern C:\MCC18\src\traditional\proc\p18F14K50.asm
                    EEADR   0x000fa9       data     extern C:\MCC18\src\traditional\proc\p18F14K50.asm
                   EEADRH   0x000faa       data     extern C:\MCC18\src\traditional\proc\p18F14K50.asm
               EEADRHbits   0x000faa       data     extern C:\MCC18\src\traditional\proc\p18F14K50.asm
                EEADRbits   0x000fa9       data     extern C:\MCC18\src\traditional\proc\p18F14K50.asm
                   EECON1   0x000fa6       data     extern C:\MCC18\src\traditional\proc\p18F14K50.asm
               EECON1bits   0x000fa6       data     extern C:\MCC18\src\traditional\proc\p18F14K50.asm
                   EECON2   0x000fa7       data     extern C:\MCC18\src\traditional\proc\p18F14K50.asm
                   EEDATA   0x000fa8       data     extern C:\MCC18\src\traditional\proc\p18F14K50.asm
                     FSR0   0x000fe9       data     extern C:\MCC18\src\traditional\proc\p18F14K50.asm
                    FSR0H   0x000fea       data     extern C:\MCC18\src\traditional\proc\p18F14K50.asm
                    FSR0L   0x000fe9       data     extern C:\MCC18\src\traditional\proc\p18F14K50.asm
                     FSR1   0x000fe1       data     extern C:\MCC18\src\traditional\proc\p18F14K50.asm
                    FSR1H   0x000fe2       data     extern C:\MCC18\src\traditional\proc\p18F14K50.asm
                    FSR1L   0x000fe1       data     extern C:\MCC18\src\traditional\proc\p18F14K50.asm
                     FSR2   0x000fd9       data     extern C:\MCC18\src\traditional\proc\p18F14K50.asm
                    FSR2H   0x000fda       data     extern C:\MCC18\src\traditional\proc\p18F14K50.asm
                    FSR2L   0x000fd9       data     extern C:\MCC18\src\traditional\proc\p18F14K50.asm
                    INDF0   0x000fef       data     extern C:\MCC18\src\traditional\proc\p18F14K50.asm
                    INDF1   0x000fe7       data     extern C:\MCC18\src\traditional\proc\p18F14K50.asm
                    INDF2   0x000fdf       data     extern C:\MCC18\src\traditional\proc\p18F14K50.asm
                   INTCON   0x000ff2       data     extern C:\MCC18\src\traditional\proc\p18F14K50.asm
                  INTCON2   0x000ff1       data     extern C:\MCC18\src\traditional\proc\p18F14K50.asm
              INTCON2bits   0x000ff1       data     extern C:\MCC18\src\traditional\proc\p18F14K50.asm
                  INTCON3   0x000ff0       data     extern C:\MCC18\src\traditional\proc\p18F14K50.asm
              INTCON3bits   0x000ff0       data     extern C:\MCC18\src\traditional\proc\p18F14K50.asm
               INTCONbits   0x000ff2       data     extern C:\MCC18\src\traditional\proc\p18F14K50.asm
                     IOCA   0x000f79       data     extern C:\MCC18\src\traditional\proc\p18F14K50.asm
                 IOCAbits   0x000f79       data     extern C:\MCC18\src\traditional\proc\p18F14K50.asm
                     IOCB   0x000f7a       data     extern C:\MCC18\src\traditional\proc\p18F14K50.asm
                 IOCBbits   0x000f7a       data     extern C:\MCC18\src\traditional\proc\p18F14K50.asm
                     IPR1   0x000f9f       data     extern C:\MCC18\src\traditional\proc\p18F14K50.asm
                 IPR1bits   0x000f9f       data     extern C:\MCC18\src\traditional\proc\p18F14K50.asm
                     IPR2   0x000fa2       data     extern C:\MCC18\src\traditional\proc\p18F14K50.asm
                 IPR2bits   0x000fa2       data     extern C:\MCC18\src\traditional\proc\p18F14K50.asm
                     LATA   0x000f89       data     extern C:\MCC18\src\traditional\proc\p18F14K50.asm
                 LATAbits   0x000f89       data     extern C:\MCC18\src\traditional\proc\p18F14K50.asm
                     LATB   0x000f8a       data     extern C:\MCC18\src\traditional\proc\p18F14K50.asm
                 LATBbits   0x000f8a       data     extern C:\MCC18\src\traditional\proc\p18F14K50.asm
                     LATC   0x000f8b       data     extern C:\MCC18\src\traditional\proc\p18F14K50.asm
                 LATCbits   0x000f8b       data     extern C:\MCC18\src\traditional\proc\p18F14K50.asm
                   OSCCON   0x000fd3       data     extern C:\MCC18\src\traditional\proc\p18F14K50.asm
                  OSCCON2   0x000fd2       data     extern C:\MCC18\src\traditional\proc\p18F14K50.asm
              OSCCON2bits   0x000fd2       data     extern C:\MCC18\src\traditional\proc\p18F14K50.asm
               OSCCONbits   0x000fd3       data     extern C:\MCC18\src\traditional\proc\p18F14K50.asm
                  OSCTUNE   0x000f9b       data     extern C:\MCC18\src\traditional\proc\p18F14K50.asm
              OSCTUNEbits   0x000f9b       data     extern C:\MCC18\src\traditional\proc\p18F14K50.asm
                       PC   0x000ff9       data     extern C:\MCC18\src\traditional\proc\p18F14K50.asm
                      PCL   0x000ff9       data     extern C:\MCC18\src\traditional\proc\p18F14K50.asm
                   PCLATH   0x000ffa       data     extern C:\MCC18\src\traditional\proc\p18F14K50.asm
                   PCLATU   0x000ffb       data     extern C:\MCC18\src\traditional\proc\p18F14K50.asm
                     PIE1   0x000f9d       data     extern C:\MCC18\src\traditional\proc\p18F14K50.asm
                 PIE1bits   0x000f9d       data     extern C:\MCC18\src\traditional\proc\p18F14K50.asm
                     PIE2   0x000fa0       data     extern C:\MCC18\src\traditional\proc\p18F14K50.asm
                 PIE2bits   0x000fa0       data     extern C:\MCC18\src\traditional\proc\p18F14K50.asm
                     PIR1   0x000f9e       data     extern C:\MCC18\src\traditional\proc\p18F14K50.asm
                 PIR1bits   0x000f9e       data     extern C:\MCC18\src\traditional\proc\p18F14K50.asm
                     PIR2   0x000fa1       data     extern C:\MCC18\src\traditional\proc\p18F14K50.asm
                 PIR2bits   0x000fa1       data     extern C:\MCC18\src\traditional\proc\p18F14K50.asm
                   PLUSW0   0x000feb       data     extern C:\MCC18\src\traditional\proc\p18F14K50.asm
                   PLUSW1   0x000fe3       data     extern C:\MCC18\src\traditional\proc\p18F14K50.asm
                   PLUSW2   0x000fdb       data     extern C:\MCC18\src\traditional\proc\p18F14K50.asm
                    PORTA   0x000f80       data     extern C:\MCC18\src\traditional\proc\p18F14K50.asm
                PORTAbits   0x000f80       data     extern C:\MCC18\src\traditional\proc\p18F14K50.asm
                    PORTB   0x000f81       data     extern C:\MCC18\src\traditional\proc\p18F14K50.asm
                PORTBbits   0x000f81       data     extern C:\MCC18\src\traditional\proc\p18F14K50.asm
                    PORTC   0x000f82       data     extern C:\MCC18\src\traditional\proc\p18F14K50.asm
                PORTCbits   0x000f82       data     extern C:\MCC18\src\traditional\proc\p18F14K50.asm
                 POSTDEC0   0x000fed       data     extern C:\MCC18\src\traditional\proc\p18F14K50.asm
                 POSTDEC1   0x000fe5       data     extern C:\MCC18\src\traditional\proc\p18F14K50.asm
                 POSTDEC2   0x000fdd       data     extern C:\MCC18\src\traditional\proc\p18F14K50.asm
                 POSTINC0   0x000fee       data     extern C:\MCC18\src\traditional\proc\p18F14K50.asm
                 POSTINC1   0x000fe6       data     extern C:\MCC18\src\traditional\proc\p18F14K50.asm
                 POSTINC2   0x000fde       data     extern C:\MCC18\src\traditional\proc\p18F14K50.asm
                      PR2   0x000fcb       data     extern C:\MCC18\src\traditional\proc\p18F14K50.asm
                  PREINC0   0x000fec       data     extern C:\MCC18\src\traditional\proc\p18F14K50.asm
                  PREINC1   0x000fe4       data     extern C:\MCC18\src\traditional\proc\p18F14K50.asm
                  PREINC2   0x000fdc       data     extern C:\MCC18\src\traditional\proc\p18F14K50.asm
                     PROD   0x000ff3       data     extern C:\MCC18\src\traditional\proc\p18F14K50.asm
                    PRODH   0x000ff4       data     extern C:\MCC18\src\traditional\proc\p18F14K50.asm
                    PRODL   0x000ff3       data     extern C:\MCC18\src\traditional\proc\p18F14K50.asm
                  PSTRCON   0x000fb9       data     extern C:\MCC18\src\traditional\proc\p18F14K50.asm
              PSTRCONbits   0x000fb9       data     extern C:\MCC18\src\traditional\proc\p18F14K50.asm
                  PWM1CON   0x000fb7       data     extern C:\MCC18\src\traditional\proc\p18F14K50.asm
              PWM1CONbits   0x000fb7       data     extern C:\MCC18\src\traditional\proc\p18F14K50.asm
                     RCON   0x000fd0       data     extern C:\MCC18\src\traditional\proc\p18F14K50.asm
                 RCONbits   0x000fd0       data     extern C:\MCC18\src\traditional\proc\p18F14K50.asm
                    RCREG   0x000fae       data     extern C:\MCC18\src\traditional\proc\p18F14K50.asm
                    RCSTA   0x000fab       data     extern C:\MCC18\src\traditional\proc\p18F14K50.asm
                RCSTAbits   0x000fab       data     extern C:\MCC18\src\traditional\proc\p18F14K50.asm
                  REFCON0   0x000fba       data     extern C:\MCC18\src\traditional\proc\p18F14K50.asm
              REFCON0bits   0x000fba       data     extern C:\MCC18\src\traditional\proc\p18F14K50.asm
                  REFCON1   0x000fbb       data     extern C:\MCC18\src\traditional\proc\p18F14K50.asm
              REFCON1bits   0x000fbb       data     extern C:\MCC18\src\traditional\proc\p18F14K50.asm
                  REFCON2   0x000fbc       data     extern C:\MCC18\src\traditional\proc\p18F14K50.asm
              REFCON2bits   0x000fbc       data     extern C:\MCC18\src\traditional\proc\p18F14K50.asm
             RemoteWakeup   0x0000c7       data     extern C:\Documents and Settings\villaverde\Meus documentos\CARDIOMED\PROJETO WCS PULSE\Firmware\usb_device.c
                     SIGN   0x000000       data     extern C:\MCC18\src\traditional\math\cmath18.asm
                   SLRCON   0x000f76       data     extern C:\MCC18\src\traditional\proc\p18F14K50.asm
               SLRCONbits   0x000f76       data     extern C:\MCC18\src\traditional\proc\p18F14K50.asm
                    SPBRG   0x000faf       data     extern C:\MCC18\src\traditional\proc\p18F14K50.asm
                   SPBRGH   0x000fb0       data     extern C:\MCC18\src\traditional\proc\p18F14K50.asm
                   SRCON0   0x000f68       data     extern C:\MCC18\src\traditional\proc\p18F14K50.asm
               SRCON0bits   0x000f68       data     extern C:\MCC18\src\traditional\proc\p18F14K50.asm
                   SRCON1   0x000f69       data     extern C:\MCC18\src\traditional\proc\p18F14K50.asm
               SRCON1bits   0x000f69       data     extern C:\MCC18\src\traditional\proc\p18F14K50.asm
                   SSPADD   0x000fc8       data     extern C:\MCC18\src\traditional\proc\p18F14K50.asm
                   SSPBUF   0x000fc9       data     extern C:\MCC18\src\traditional\proc\p18F14K50.asm
                  SSPCON1   0x000fc6       data     extern C:\MCC18\src\traditional\proc\p18F14K50.asm
              SSPCON1bits   0x000fc6       data     extern C:\MCC18\src\traditional\proc\p18F14K50.asm
                  SSPCON2   0x000fc5       data     extern C:\MCC18\src\traditional\proc\p18F14K50.asm
              SSPCON2bits   0x000fc5       data     extern C:\MCC18\src\traditional\proc\p18F14K50.asm
                   SSPMSK   0x000f6f       data     extern C:\MCC18\src\traditional\proc\p18F14K50.asm
               SSPMSKbits   0x000f6f       data     extern C:\MCC18\src\traditional\proc\p18F14K50.asm
                  SSPSTAT   0x000fc7       data     extern C:\MCC18\src\traditional\proc\p18F14K50.asm
              SSPSTATbits   0x000fc7       data     extern C:\MCC18\src\traditional\proc\p18F14K50.asm
                   STATUS   0x000fd8       data     extern C:\MCC18\src\traditional\proc\p18F14K50.asm
               STATUSbits   0x000fd8       data     extern C:\MCC18\src\traditional\proc\p18F14K50.asm
                   STKPTR   0x000ffc       data     extern C:\MCC18\src\traditional\proc\p18F14K50.asm
               STKPTRbits   0x000ffc       data     extern C:\MCC18\src\traditional\proc\p18F14K50.asm
                 SetupPkt   0x000230       data     extern C:\Documents and Settings\villaverde\Meus documentos\CARDIOMED\PROJETO WCS PULSE\Firmware\usb_device.c
                    T0CON   0x000fd5       data     extern C:\MCC18\src\traditional\proc\p18F14K50.asm
                T0CONbits   0x000fd5       data     extern C:\MCC18\src\traditional\proc\p18F14K50.asm
                    T1CON   0x000fcd       data     extern C:\MCC18\src\traditional\proc\p18F14K50.asm
                T1CONbits   0x000fcd       data     extern C:\MCC18\src\traditional\proc\p18F14K50.asm
                    T2CON   0x000fca       data     extern C:\MCC18\src\traditional\proc\p18F14K50.asm
                T2CONbits   0x000fca       data     extern C:\MCC18\src\traditional\proc\p18F14K50.asm
                    T3CON   0x000fb1       data     extern C:\MCC18\src\traditional\proc\p18F14K50.asm
                T3CONbits   0x000fb1       data     extern C:\MCC18\src\traditional\proc\p18F14K50.asm
                   TABLAT   0x000ff5       data     extern C:\MCC18\src\traditional\proc\p18F14K50.asm
                   TBLPTR   0x000ff6       data     extern C:\MCC18\src\traditional\proc\p18F14K50.asm
                  TBLPTRH   0x000ff7       data     extern C:\MCC18\src\traditional\proc\p18F14K50.asm
                  TBLPTRL   0x000ff6       data     extern C:\MCC18\src\traditional\proc\p18F14K50.asm
                  TBLPTRU   0x000ff8       data     extern C:\MCC18\src\traditional\proc\p18F14K50.asm
                    TMR0H   0x000fd7       data     extern C:\MCC18\src\traditional\proc\p18F14K50.asm
                    TMR0L   0x000fd6       data     extern C:\MCC18\src\traditional\proc\p18F14K50.asm
                    TMR1H   0x000fcf       data     extern C:\MCC18\src\traditional\proc\p18F14K50.asm
                    TMR1L   0x000fce       data     extern C:\MCC18\src\traditional\proc\p18F14K50.asm
                     TMR2   0x000fcc       data     extern C:\MCC18\src\traditional\proc\p18F14K50.asm
                    TMR3H   0x000fb3       data     extern C:\MCC18\src\traditional\proc\p18F14K50.asm
                    TMR3L   0x000fb2       data     extern C:\MCC18\src\traditional\proc\p18F14K50.asm
                      TOS   0x000ffd       data     extern C:\MCC18\src\traditional\proc\p18F14K50.asm
                     TOSH   0x000ffe       data     extern C:\MCC18\src\traditional\proc\p18F14K50.asm
                     TOSL   0x000ffd       data     extern C:\MCC18\src\traditional\proc\p18F14K50.asm
                     TOSU   0x000fff       data     extern C:\MCC18\src\traditional\proc\p18F14K50.asm
                    TRISA   0x000f92       data     extern C:\MCC18\src\traditional\proc\p18F14K50.asm
                TRISAbits   0x000f92       data     extern C:\MCC18\src\traditional\proc\p18F14K50.asm
                    TRISB   0x000f93       data     extern C:\MCC18\src\traditional\proc\p18F14K50.asm
                TRISBbits   0x000f93       data     extern C:\MCC18\src\traditional\proc\p18F14K50.asm
                    TRISC   0x000f94       data     extern C:\MCC18\src\traditional\proc\p18F14K50.asm
                TRISCbits   0x000f94       data     extern C:\MCC18\src\traditional\proc\p18F14K50.asm
                    TXREG   0x000fad       data     extern C:\MCC18\src\traditional\proc\p18F14K50.asm
                    TXSTA   0x000fac       data     extern C:\MCC18\src\traditional\proc\p18F14K50.asm
                TXSTAbits   0x000fac       data     extern C:\MCC18\src\traditional\proc\p18F14K50.asm
                    UADDR   0x000f5c       data     extern C:\MCC18\src\traditional\proc\p18F14K50.asm
                UADDRbits   0x000f5c       data     extern C:\MCC18\src\traditional\proc\p18F14K50.asm
                     UCFG   0x000f61       data     extern C:\MCC18\src\traditional\proc\p18F14K50.asm
                 UCFGbits   0x000f61       data     extern C:\MCC18\src\traditional\proc\p18F14K50.asm
                     UCON   0x000f64       data     extern C:\MCC18\src\traditional\proc\p18F14K50.asm
                 UCONbits   0x000f64       data     extern C:\MCC18\src\traditional\proc\p18F14K50.asm
                     UEIE   0x000f5b       data     extern C:\MCC18\src\traditional\proc\p18F14K50.asm
                 UEIEbits   0x000f5b       data     extern C:\MCC18\src\traditional\proc\p18F14K50.asm
                     UEIR   0x000f5f       data     extern C:\MCC18\src\traditional\proc\p18F14K50.asm
                 UEIRbits   0x000f5f       data     extern C:\MCC18\src\traditional\proc\p18F14K50.asm
                     UEP0   0x000f53       data     extern C:\MCC18\src\traditional\proc\p18F14K50.asm
                 UEP0bits   0x000f53       data     extern C:\MCC18\src\traditional\proc\p18F14K50.asm
                     UEP1   0x000f54       data     extern C:\MCC18\src\traditional\proc\p18F14K50.asm
                 UEP1bits   0x000f54       data     extern C:\MCC18\src\traditional\proc\p18F14K50.asm
                     UEP2   0x000f55       data     extern C:\MCC18\src\traditional\proc\p18F14K50.asm
                 UEP2bits   0x000f55       data     extern C:\MCC18\src\traditional\proc\p18F14K50.asm
                     UEP3   0x000f56       data     extern C:\MCC18\src\traditional\proc\p18F14K50.asm
                 UEP3bits   0x000f56       data     extern C:\MCC18\src\traditional\proc\p18F14K50.asm
                     UEP4   0x000f57       data     extern C:\MCC18\src\traditional\proc\p18F14K50.asm
                 UEP4bits   0x000f57       data     extern C:\MCC18\src\traditional\proc\p18F14K50.asm
                     UEP5   0x000f58       data     extern C:\MCC18\src\traditional\proc\p18F14K50.asm
                 UEP5bits   0x000f58       data     extern C:\MCC18\src\traditional\proc\p18F14K50.asm
                     UEP6   0x000f59       data     extern C:\MCC18\src\traditional\proc\p18F14K50.asm
                 UEP6bits   0x000f59       data     extern C:\MCC18\src\traditional\proc\p18F14K50.asm
                     UEP7   0x000f5a       data     extern C:\MCC18\src\traditional\proc\p18F14K50.asm
                 UEP7bits   0x000f5a       data     extern C:\MCC18\src\traditional\proc\p18F14K50.asm
                    UFRMH   0x000f5e       data     extern C:\MCC18\src\traditional\proc\p18F14K50.asm
                UFRMHbits   0x000f5e       data     extern C:\MCC18\src\traditional\proc\p18F14K50.asm
                    UFRML   0x000f5d       data     extern C:\MCC18\src\traditional\proc\p18F14K50.asm
                UFRMLbits   0x000f5d       data     extern C:\MCC18\src\traditional\proc\p18F14K50.asm
                      UIE   0x000f60       data     extern C:\MCC18\src\traditional\proc\p18F14K50.asm
                  UIEbits   0x000f60       data     extern C:\MCC18\src\traditional\proc\p18F14K50.asm
                      UIR   0x000f62       data     extern C:\MCC18\src\traditional\proc\p18F14K50.asm
                  UIRbits   0x000f62       data     extern C:\MCC18\src\traditional\proc\p18F14K50.asm
   USBActiveConfiguration   0x0000a5       data     extern C:\Documents and Settings\villaverde\Meus documentos\CARDIOMED\PROJETO WCS PULSE\Firmware\usb_device.c
    USBAlternateInterface   0x0000a6       data     extern C:\Documents and Settings\villaverde\Meus documentos\CARDIOMED\PROJETO WCS PULSE\Firmware\usb_device.c
        USBBusIsSuspended   0x0000c8       data     extern C:\Documents and Settings\villaverde\Meus documentos\CARDIOMED\PROJETO WCS PULSE\Firmware\usb_device.c
USBDeferINDataStagePackets   0x0000d6       data     extern C:\Documents and Settings\villaverde\Meus documentos\CARDIOMED\PROJETO WCS PULSE\Firmware\usb_device.c
USBDeferOUTDataStagePackets   0x0000d7       data     extern C:\Documents and Settings\villaverde\Meus documentos\CARDIOMED\PROJETO WCS PULSE\Firmware\usb_device.c
USBDeferStatusStagePacket   0x0000d3       data     extern C:\Documents and Settings\villaverde\Meus documentos\CARDIOMED\PROJETO WCS PULSE\Firmware\usb_device.c
           USBDeviceState   0x0000a4       data     extern C:\Documents and Settings\villaverde\Meus documentos\CARDIOMED\PROJETO WCS PULSE\Firmware\usb_device.c
USBStatusStageEnabledFlag1   0x0000d4       data     extern C:\Documents and Settings\villaverde\Meus documentos\CARDIOMED\PROJETO WCS PULSE\Firmware\usb_device.c
USBStatusStageEnabledFlag2   0x0000d5       data     extern C:\Documents and Settings\villaverde\Meus documentos\CARDIOMED\PROJETO WCS PULSE\Firmware\usb_device.c
USBStatusStageTimeoutCounter   0x0000d2       data     extern C:\Documents and Settings\villaverde\Meus documentos\CARDIOMED\PROJETO WCS PULSE\Firmware\usb_device.c
            USB_In_Buffer   0x000060       data     extern C:\Documents and Settings\villaverde\Meus documentos\CARDIOMED\PROJETO WCS PULSE\Firmware\main.c
           USB_Out_Buffer   0x000080       data     extern C:\Documents and Settings\villaverde\Meus documentos\CARDIOMED\PROJETO WCS PULSE\Firmware\main.c
                    USTAT   0x000f63       data     extern C:\MCC18\src\traditional\proc\p18F14K50.asm
                USTATbits   0x000f63       data     extern C:\MCC18\src\traditional\proc\p18F14K50.asm
                USTATcopy   0x0000c9       data     extern C:\Documents and Settings\villaverde\Meus documentos\CARDIOMED\PROJETO WCS PULSE\Firmware\usb_device.c
                 VREFCON0   0x000fba       data     extern C:\MCC18\src\traditional\proc\p18F14K50.asm
             VREFCON0bits   0x000fba       data     extern C:\MCC18\src\traditional\proc\p18F14K50.asm
                 VREFCON1   0x000fbb       data     extern C:\MCC18\src\traditional\proc\p18F14K50.asm
             VREFCON1bits   0x000fbb       data     extern C:\MCC18\src\traditional\proc\p18F14K50.asm
                 VREFCON2   0x000fbc       data     extern C:\MCC18\src\traditional\proc\p18F14K50.asm
             VREFCON2bits   0x000fbc       data     extern C:\MCC18\src\traditional\proc\p18F14K50.asm
                        W   0x000fe8       data     extern C:\MCC18\src\traditional\proc\p18F14K50.asm
                   WDTCON   0x000fd1       data     extern C:\MCC18\src\traditional\proc\p18F14K50.asm
               WDTCONbits   0x000fd1       data     extern C:\MCC18\src\traditional\proc\p18F14K50.asm
                     WPUA   0x000f77       data     extern C:\MCC18\src\traditional\proc\p18F14K50.asm
                 WPUAbits   0x000f77       data     extern C:\MCC18\src\traditional\proc\p18F14K50.asm
                     WPUB   0x000f78       data     extern C:\MCC18\src\traditional\proc\p18F14K50.asm
                 WPUBbits   0x000f78       data     extern C:\MCC18\src\traditional\proc\p18F14K50.asm
                     WREG   0x000fe8       data     extern C:\MCC18\src\traditional\proc\p18F14K50.asm
                 __AARGB0   0x000009       data     extern C:\MCC18\src\traditional\math\aarg.asm
                 __AARGB1   0x000008       data     extern C:\MCC18\src\traditional\math\aarg.asm
                 __AARGB2   0x000007       data     extern C:\MCC18\src\traditional\math\aarg.asm
                 __AARGB3   0x000006       data     extern C:\MCC18\src\traditional\math\aarg.asm
                 __AARGB4   0x000005       data     extern C:\MCC18\src\traditional\math\aarg.asm
                 __AARGB5   0x000004       data     extern C:\MCC18\src\traditional\math\aarg.asm
                 __AARGB6   0x000003       data     extern C:\MCC18\src\traditional\math\aarg.asm
                 __AARGB7   0x000002       data     extern C:\MCC18\src\traditional\math\aarg.asm
                   __AEXP   0x00000a       data     extern C:\MCC18\src\traditional\math\aarg.asm
                 __BARGB0   0x00000e       data     extern C:\MCC18\src\traditional\math\barg.asm
                 __BARGB1   0x00000d       data     extern C:\MCC18\src\traditional\math\barg.asm
                 __BARGB2   0x00000c       data     extern C:\MCC18\src\traditional\math\barg.asm
                 __BARGB3   0x00000b       data     extern C:\MCC18\src\traditional\math\barg.asm
                   __BEXP   0x00000f       data     extern C:\MCC18\src\traditional\math\barg.asm
                __FPFLAGS   0x000001       data     extern C:\MCC18\src\traditional\math\cmath18.asm
            __FPFLAGSbits   0x000001       data     extern C:\MCC18\src\traditional\math\cmath18.asm
                  __REMB0   0x000005       data     extern C:\MCC18\src\traditional\math\aarg.asm
                  __REMB1   0x000004       data     extern C:\MCC18\src\traditional\math\aarg.asm
                  __REMB2   0x000003       data     extern C:\MCC18\src\traditional\math\aarg.asm
                  __REMB3   0x000002       data     extern C:\MCC18\src\traditional\math\aarg.asm
                   __TEMP   0x000013       data     extern C:\MCC18\src\traditional\math\temparg.asm
                 __TEMPB0   0x000013       data     extern C:\MCC18\src\traditional\math\temparg.asm
                 __TEMPB1   0x000012       data     extern C:\MCC18\src\traditional\math\temparg.asm
                 __TEMPB2   0x000011       data     extern C:\MCC18\src\traditional\math\temparg.asm
                 __TEMPB3   0x000010       data     extern C:\MCC18\src\traditional\math\temparg.asm
                  __tmp_0   0x000014       data     static C:\MCC18\src\traditional\stdclib\putc.c
                  __tmp_0   0x000014       data     static C:\MCC18\src\traditional\stdclib\vfprintf.c
                  __tmp_0   0x000014       data     static C:\MCC18\src\traditional\stdclib\sprintf.c
                  __tmp_0   0x000014       data     static C:\Documents and Settings\villaverde\Meus documentos\CARDIOMED\PROJETO WCS PULSE\Firmware\usb_function_cdc.c
                  __tmp_0   0x000014       data     static C:\Documents and Settings\villaverde\Meus documentos\CARDIOMED\PROJETO WCS PULSE\Firmware\main.c
                  __tmp_0   0x000014       data     static C:\Documents and Settings\villaverde\Meus documentos\CARDIOMED\PROJETO WCS PULSE\Firmware\usb_device.c
              cdc_data_rx   0x000248       data     extern C:\Documents and Settings\villaverde\Meus documentos\CARDIOMED\PROJETO WCS PULSE\Firmware\usb_function_cdc.c
              cdc_data_tx   0x000288       data     extern C:\Documents and Settings\villaverde\Meus documentos\CARDIOMED\PROJETO WCS PULSE\Firmware\usb_function_cdc.c
             cdc_mem_type   0x0000df       data     extern C:\Documents and Settings\villaverde\Meus documentos\CARDIOMED\PROJETO WCS PULSE\Firmware\usb_function_cdc.c
               cdc_notice   0x000240       data     extern C:\Documents and Settings\villaverde\Meus documentos\CARDIOMED\PROJETO WCS PULSE\Firmware\usb_function_cdc.c
               cdc_rx_len   0x0000d8       data     extern C:\Documents and Settings\villaverde\Meus documentos\CARDIOMED\PROJETO WCS PULSE\Firmware\usb_function_cdc.c
            cdc_trf_state   0x0000d9       data     extern C:\Documents and Settings\villaverde\Meus documentos\CARDIOMED\PROJETO WCS PULSE\Firmware\usb_function_cdc.c
               cdc_tx_len   0x0000de       data     extern C:\Documents and Settings\villaverde\Meus documentos\CARDIOMED\PROJETO WCS PULSE\Firmware\usb_function_cdc.c
     controlTransferState   0x0000b8       data     extern C:\Documents and Settings\villaverde\Meus documentos\CARDIOMED\PROJETO WCS PULSE\Firmware\usb_device.c
    control_signal_bitmap   0x0000e4       data     extern C:\Documents and Settings\villaverde\Meus documentos\CARDIOMED\PROJETO WCS PULSE\Firmware\usb_function_cdc.c
                curr_byte   0x0000f4       data     static C:\MCC18\src\traditional\startup\c018i.c
               curr_entry   0x0000f6       data     static C:\MCC18\src\traditional\startup\c018i.c
                 data_ptr   0x0000f8       data     static C:\MCC18\src\traditional\startup\c018i.c
              delay_count   0x0000a2       data     static C:\Documents and Settings\villaverde\Meus documentos\CARDIOMED\PROJETO WCS PULSE\Firmware\main.c
dummy_encapsulated_cmd_response   0x0000e9       data     extern C:\Documents and Settings\villaverde\Meus documentos\CARDIOMED\PROJETO WCS PULSE\Firmware\usb_function_cdc.c
          endpoint_number   0x0000ca       data     extern C:\Documents and Settings\villaverde\Meus documentos\CARDIOMED\PROJETO WCS PULSE\Firmware\usb_device.c
               ep_data_in   0x0000cc       data     extern C:\Documents and Settings\villaverde\Meus documentos\CARDIOMED\PROJETO WCS PULSE\Firmware\usb_device.c
              ep_data_out   0x0000cf       data     extern C:\Documents and Settings\villaverde\Meus documentos\CARDIOMED\PROJETO WCS PULSE\Firmware\usb_device.c
                  inPipes   0x0000b9       data     extern C:\Documents and Settings\villaverde\Meus documentos\CARDIOMED\PROJETO WCS PULSE\Firmware\usb_device.c
              line_coding   0x0002c8       data     extern C:\Documents and Settings\villaverde\Meus documentos\CARDIOMED\PROJETO WCS PULSE\Firmware\usb_function_cdc.c
                 outPipes   0x0000be       data     extern C:\Documents and Settings\villaverde\Meus documentos\CARDIOMED\PROJETO WCS PULSE\Firmware\usb_device.c
   pBDTEntryEP0OutCurrent   0x0000a7       data     extern C:\Documents and Settings\villaverde\Meus documentos\CARDIOMED\PROJETO WCS PULSE\Firmware\usb_device.c
      pBDTEntryEP0OutNext   0x0000a9       data     extern C:\Documents and Settings\villaverde\Meus documentos\CARDIOMED\PROJETO WCS PULSE\Firmware\usb_device.c
              pBDTEntryIn   0x0000b1       data     extern C:\Documents and Settings\villaverde\Meus documentos\CARDIOMED\PROJETO WCS PULSE\Firmware\usb_device.c
             pBDTEntryOut   0x0000ab       data     extern C:\Documents and Settings\villaverde\Meus documentos\CARDIOMED\PROJETO WCS PULSE\Firmware\usb_device.c
                  pCDCDst   0x0000dc       data     extern C:\Documents and Settings\villaverde\Meus documentos\CARDIOMED\PROJETO WCS PULSE\Firmware\usb_function_cdc.c
                  pCDCSrc   0x0000da       data     extern C:\Documents and Settings\villaverde\Meus documentos\CARDIOMED\PROJETO WCS PULSE\Firmware\usb_function_cdc.c
                     pDst   0x0000c5       data     extern C:\Documents and Settings\villaverde\Meus documentos\CARDIOMED\PROJETO WCS PULSE\Firmware\usb_device.c
                     prom   0x0000f1       data     static C:\MCC18\src\traditional\startup\c018i.c
        shortPacketStatus   0x0000b7       data     extern C:\Documents and Settings\villaverde\Meus documentos\CARDIOMED\PROJETO WCS PULSE\Firmware\usb_device.c
                     stat   0x0000a1       data     extern C:\Documents and Settings\villaverde\Meus documentos\CARDIOMED\PROJETO WCS PULSE\Firmware\main.c
            stringPrinted   0x0000a0       data     extern C:\Documents and Settings\villaverde\Meus documentos\CARDIOMED\PROJETO WCS PULSE\Firmware\main.c



                              Symbols - Sorted by Address
                     Name    Address   Location    Storage File                     
                ---------  ---------  ---------  --------- ---------                
                   _entry   0x000000    program     extern C:\MCC18\src\traditional\startup\c018i.c
       ___return_lbl00000   0x000004    program     static                          
                 High_ISR   0x000008    program     extern C:\Documents and Settings\villaverde\Meus documentos\CARDIOMED\PROJETO WCS PULSE\Firmware\main.c
       ___return_lbl00003   0x00000c    program     static                          
                  Low_ISR   0x000018    program     extern C:\Documents and Settings\villaverde\Meus documentos\CARDIOMED\PROJETO WCS PULSE\Firmware\main.c
       ___return_lbl00004   0x00001c    program     static                          
                   _reset   0x001000    program     extern C:\Documents and Settings\villaverde\Meus documentos\CARDIOMED\PROJETO WCS PULSE\Firmware\main.c
       ___return_lbl00000   0x001004    program     static                          
        Remapped_High_ISR   0x001008    program     extern C:\Documents and Settings\villaverde\Meus documentos\CARDIOMED\PROJETO WCS PULSE\Firmware\main.c
       ___return_lbl00001   0x00100c    program     static                          
               _user_putc   0x00100e    program     extern C:\MCC18\src\traditional\stdclib\_user_putc.c
                   __init   0x001010    program     extern C:\MCC18\src\traditional\stdclib\__init.c
         Remapped_Low_ISR   0x001018    program     extern C:\Documents and Settings\villaverde\Meus documentos\CARDIOMED\PROJETO WCS PULSE\Firmware\main.c
       ___return_lbl00002   0x00101c    program     static                          
            USBDeviceInit   0x00101e    program     extern C:\Documents and Settings\villaverde\Meus documentos\CARDIOMED\PROJETO WCS PULSE\Firmware\usb_device.c
           USBDeviceTasks   0x00113e    program     extern C:\Documents and Settings\villaverde\Meus documentos\CARDIOMED\PROJETO WCS PULSE\Firmware\usb_device.c
          USBStallHandler   0x00129e    program     static C:\Documents and Settings\villaverde\Meus documentos\CARDIOMED\PROJETO WCS PULSE\Firmware\usb_device.c
               USBSuspend   0x0012d2    program     static C:\Documents and Settings\villaverde\Meus documentos\CARDIOMED\PROJETO WCS PULSE\Firmware\usb_device.c
       USBWakeFromSuspend   0x0012fc    program     static C:\Documents and Settings\villaverde\Meus documentos\CARDIOMED\PROJETO WCS PULSE\Firmware\usb_device.c
         USBCtrlEPService   0x00132a    program     static C:\Documents and Settings\villaverde\Meus documentos\CARDIOMED\PROJETO WCS PULSE\Firmware\usb_device.c
   USBCtrlTrfSetupHandler   0x0013fa    program     static C:\Documents and Settings\villaverde\Meus documentos\CARDIOMED\PROJETO WCS PULSE\Firmware\usb_device.c
     USBCtrlTrfOutHandler   0x001458    program     static C:\Documents and Settings\villaverde\Meus documentos\CARDIOMED\PROJETO WCS PULSE\Firmware\usb_device.c
      USBCtrlTrfInHandler   0x0014a2    program     static C:\Documents and Settings\villaverde\Meus documentos\CARDIOMED\PROJETO WCS PULSE\Firmware\usb_device.c
       USBCheckStdRequest   0x001556    program     static C:\Documents and Settings\villaverde\Meus documentos\CARDIOMED\PROJETO WCS PULSE\Firmware\usb_device.c
  USBStdFeatureReqHandler   0x001614    program     static C:\Documents and Settings\villaverde\Meus documentos\CARDIOMED\PROJETO WCS PULSE\Firmware\usb_device.c
USBCtrlEPAllowStatusStage   0x001868    program     extern C:\Documents and Settings\villaverde\Meus documentos\CARDIOMED\PROJETO WCS PULSE\Firmware\usb_device.c
  USBCtrlEPAllowDataStage   0x00190a    program     extern C:\Documents and Settings\villaverde\Meus documentos\CARDIOMED\PROJETO WCS PULSE\Firmware\usb_device.c
      USBStdGetDscHandler   0x001986    program     static C:\Documents and Settings\villaverde\Meus documentos\CARDIOMED\PROJETO WCS PULSE\Firmware\usb_device.c
   USBStdGetStatusHandler   0x001a40    program     static C:\Documents and Settings\villaverde\Meus documentos\CARDIOMED\PROJETO WCS PULSE\Firmware\usb_device.c
 USBCtrlEPServiceComplete   0x001af4    program     static C:\Documents and Settings\villaverde\Meus documentos\CARDIOMED\PROJETO WCS PULSE\Firmware\usb_device.c
      USBCtrlTrfTxService   0x001bb6    program     static C:\Documents and Settings\villaverde\Meus documentos\CARDIOMED\PROJETO WCS PULSE\Firmware\usb_device.c
      USBCtrlTrfRxService   0x001c74    program     static C:\Documents and Settings\villaverde\Meus documentos\CARDIOMED\PROJETO WCS PULSE\Firmware\usb_device.c
      USBStdSetCfgHandler   0x001db2    program     static C:\Documents and Settings\villaverde\Meus documentos\CARDIOMED\PROJETO WCS PULSE\Firmware\usb_device.c
     USBConfigureEndpoint   0x001e82    program     static C:\Documents and Settings\villaverde\Meus documentos\CARDIOMED\PROJETO WCS PULSE\Firmware\usb_device.c
        USBEnableEndpoint   0x001f2e    program     extern C:\Documents and Settings\villaverde\Meus documentos\CARDIOMED\PROJETO WCS PULSE\Firmware\usb_device.c
         USBStallEndpoint   0x001f9c    program     extern C:\Documents and Settings\villaverde\Meus documentos\CARDIOMED\PROJETO WCS PULSE\Firmware\usb_device.c
     USBTransferOnePacket   0x002078    program     extern C:\Documents and Settings\villaverde\Meus documentos\CARDIOMED\PROJETO WCS PULSE\Firmware\usb_device.c
              USBCancelIO   0x00216a    program     extern C:\Documents and Settings\villaverde\Meus documentos\CARDIOMED\PROJETO WCS PULSE\Firmware\usb_device.c
          USBDeviceDetach   0x00221a    program     extern C:\Documents and Settings\villaverde\Meus documentos\CARDIOMED\PROJETO WCS PULSE\Firmware\usb_device.c
          USBDeviceAttach   0x002224    program     extern C:\Documents and Settings\villaverde\Meus documentos\CARDIOMED\PROJETO WCS PULSE\Firmware\usb_device.c
            s_put_n_chars   0x002254    program     static C:\MCC18\src\traditional\stdclib\vfprintf.c
                 vfprintf   0x002280    program     extern C:\MCC18\src\traditional\stdclib\vfprintf.c
              __tmplbl_85   0x0022aa    program     static                          
              __tmplbl_44   0x002b58    program     static                          
              __tmplbl_43   0x002b72    program     static                          
                   __pa_0   0x002b94    program     static C:\MCC18\src\traditional\stdclib\vfprintf.c
                   __pa_1   0x002b9c    program     static C:\MCC18\src\traditional\stdclib\vfprintf.c
                   __pa_2   0x002ba6    program     static C:\MCC18\src\traditional\stdclib\vfprintf.c
                   __pa_3   0x002bb0    program     static C:\MCC18\src\traditional\stdclib\vfprintf.c
                   __pa_4   0x002bc8    program     static C:\MCC18\src\traditional\stdclib\vfprintf.c
                   __pa_5   0x002bdc    program     static C:\MCC18\src\traditional\stdclib\vfprintf.c
                   __pa_6   0x002bf8    program     static C:\MCC18\src\traditional\stdclib\vfprintf.c
                   __pa_7   0x002c02    program     static C:\MCC18\src\traditional\stdclib\vfprintf.c
                   __pa_8   0x002c0e    program     static C:\MCC18\src\traditional\stdclib\vfprintf.c
                   __pa_9   0x002c30    program     static C:\MCC18\src\traditional\stdclib\vfprintf.c
                  __pa_10   0x002c50    program     static C:\MCC18\src\traditional\stdclib\vfprintf.c
                  __pa_11   0x002c5e    program     static C:\MCC18\src\traditional\stdclib\vfprintf.c
                  __pa_12   0x002c74    program     static C:\MCC18\src\traditional\stdclib\vfprintf.c
                  __pa_13   0x002c8e    program     static C:\MCC18\src\traditional\stdclib\vfprintf.c
                  __pa_14   0x002ca6    program     static C:\MCC18\src\traditional\stdclib\vfprintf.c
                  __pa_15   0x002cb6    program     static C:\MCC18\src\traditional\stdclib\vfprintf.c
                  __pa_16   0x002ccc    program     static C:\MCC18\src\traditional\stdclib\vfprintf.c
                  __pa_17   0x002cde    program     static C:\MCC18\src\traditional\stdclib\vfprintf.c
                  __pa_18   0x002cf0    program     static C:\MCC18\src\traditional\stdclib\vfprintf.c
                  __pa_19   0x002cfa    program     static C:\MCC18\src\traditional\stdclib\vfprintf.c
                  __pa_20   0x002d0a    program     static C:\MCC18\src\traditional\stdclib\vfprintf.c
                  __pa_21   0x002d1a    program     static C:\MCC18\src\traditional\stdclib\vfprintf.c
              __tmplbl_42   0x002d2a    program     static                          
                  __pa_22   0x002d2a    program     static C:\MCC18\src\traditional\stdclib\vfprintf.c
                  __pa_23   0x002d36    program     static C:\MCC18\src\traditional\stdclib\vfprintf.c
                  __pa_24   0x002d44    program     static C:\MCC18\src\traditional\stdclib\vfprintf.c
                  __pa_25   0x002d4c    program     static C:\MCC18\src\traditional\stdclib\vfprintf.c
                  __pa_26   0x002d56    program     static C:\MCC18\src\traditional\stdclib\vfprintf.c
                  __pa_27   0x002d60    program     static C:\MCC18\src\traditional\stdclib\vfprintf.c
                  __pa_28   0x002d68    program     static C:\MCC18\src\traditional\stdclib\vfprintf.c
                  __pa_29   0x002d76    program     static C:\MCC18\src\traditional\stdclib\vfprintf.c
                  __pa_30   0x002d92    program     static C:\MCC18\src\traditional\stdclib\vfprintf.c
                  __pa_31   0x002dac    program     static C:\MCC18\src\traditional\stdclib\vfprintf.c
                  __pa_32   0x002dc6    program     static C:\MCC18\src\traditional\stdclib\vfprintf.c
                  __pa_33   0x002dde    program     static C:\MCC18\src\traditional\stdclib\vfprintf.c
                  __pa_34   0x002de8    program     static C:\MCC18\src\traditional\stdclib\vfprintf.c
                  __pa_35   0x002df6    program     static C:\MCC18\src\traditional\stdclib\vfprintf.c
                  __pa_36   0x002dfe    program     static C:\MCC18\src\traditional\stdclib\vfprintf.c
                  __pa_37   0x002e08    program     static C:\MCC18\src\traditional\stdclib\vfprintf.c
                  __pa_38   0x002e18    program     static C:\MCC18\src\traditional\stdclib\vfprintf.c
                  __pa_39   0x002e26    program     static C:\MCC18\src\traditional\stdclib\vfprintf.c
                  __pa_40   0x002e32    program     static C:\MCC18\src\traditional\stdclib\vfprintf.c
                  __pa_41   0x002e3e    program     static C:\MCC18\src\traditional\stdclib\vfprintf.c
                  __pa_42   0x002e46    program     static C:\MCC18\src\traditional\stdclib\vfprintf.c
                  __pa_43   0x002e50    program     static C:\MCC18\src\traditional\stdclib\vfprintf.c
                  __pa_44   0x002e56    program     static C:\MCC18\src\traditional\stdclib\vfprintf.c
                  __pa_45   0x002e60    program     static C:\MCC18\src\traditional\stdclib\vfprintf.c
                  __pa_46   0x002e6c    program     static C:\MCC18\src\traditional\stdclib\vfprintf.c
       USBCheckCDCRequest   0x002e76    program     extern C:\Documents and Settings\villaverde\Meus documentos\CARDIOMED\PROJETO WCS PULSE\Firmware\usb_function_cdc.c
                CDCInitEP   0x002f12    program     extern C:\Documents and Settings\villaverde\Meus documentos\CARDIOMED\PROJETO WCS PULSE\Firmware\usb_function_cdc.c
[...]
                  CM2CON1   0x000f6c       data     extern C:\MCC18\src\traditional\proc\p18F14K50.asm
              CM1CON0bits   0x000f6d       data     extern C:\MCC18\src\traditional\proc\p18F14K50.asm
                  CM1CON0   0x000f6d       data     extern C:\MCC18\src\traditional\proc\p18F14K50.asm
                   SSPMSK   0x000f6f       data     extern C:\MCC18\src\traditional\proc\p18F14K50.asm
               SSPMSKbits   0x000f6f       data     extern C:\MCC18\src\traditional\proc\p18F14K50.asm
                   SLRCON   0x000f76       data     extern C:\MCC18\src\traditional\proc\p18F14K50.asm
               SLRCONbits   0x000f76       data     extern C:\MCC18\src\traditional\proc\p18F14K50.asm
                     WPUA   0x000f77       data     extern C:\MCC18\src\traditional\proc\p18F14K50.asm
                 WPUAbits   0x000f77       data     extern C:\MCC18\src\traditional\proc\p18F14K50.asm
                     WPUB   0x000f78       data     extern C:\MCC18\src\traditional\proc\p18F14K50.asm
                 WPUBbits   0x000f78       data     extern C:\MCC18\src\traditional\proc\p18F14K50.asm
                     IOCA   0x000f79       data     extern C:\MCC18\src\traditional\proc\p18F14K50.asm
                 IOCAbits   0x000f79       data     extern C:\MCC18\src\traditional\proc\p18F14K50.asm
                     IOCB   0x000f7a       data     extern C:\MCC18\src\traditional\proc\p18F14K50.asm
                 IOCBbits   0x000f7a       data     extern C:\MCC18\src\traditional\proc\p18F14K50.asm
                ANSELbits   0x000f7e       data     extern C:\MCC18\src\traditional\proc\p18F14K50.asm
                    ANSEL   0x000f7e       data     extern C:\MCC18\src\traditional\proc\p18F14K50.asm
               ANSELHbits   0x000f7f       data     extern C:\MCC18\src\traditional\proc\p18F14K50.asm
                   ANSELH   0x000f7f       data     extern C:\MCC18\src\traditional\proc\p18F14K50.asm
                PORTAbits   0x000f80       data     extern C:\MCC18\src\traditional\proc\p18F14K50.asm
                    PORTA   0x000f80       data     extern C:\MCC18\src\traditional\proc\p18F14K50.asm
                PORTBbits   0x000f81       data     extern C:\MCC18\src\traditional\proc\p18F14K50.asm
                    PORTB   0x000f81       data     extern C:\MCC18\src\traditional\proc\p18F14K50.asm
                PORTCbits   0x000f82       data     extern C:\MCC18\src\traditional\proc\p18F14K50.asm
                    PORTC   0x000f82       data     extern C:\MCC18\src\traditional\proc\p18F14K50.asm
                     LATA   0x000f89       data     extern C:\MCC18\src\traditional\proc\p18F14K50.asm
                 LATAbits   0x000f89       data     extern C:\MCC18\src\traditional\proc\p18F14K50.asm
                     LATB   0x000f8a       data     extern C:\MCC18\src\traditional\proc\p18F14K50.asm
                 LATBbits   0x000f8a       data     extern C:\MCC18\src\traditional\proc\p18F14K50.asm
                 LATCbits   0x000f8b       data     extern C:\MCC18\src\traditional\proc\p18F14K50.asm
                     LATC   0x000f8b       data     extern C:\MCC18\src\traditional\proc\p18F14K50.asm
                TRISAbits   0x000f92       data     extern C:\MCC18\src\traditional\proc\p18F14K50.asm
                    TRISA   0x000f92       data     extern C:\MCC18\src\traditional\proc\p18F14K50.asm
                     DDRA   0x000f92       data     extern C:\MCC18\src\traditional\proc\p18F14K50.asm
                 DDRAbits   0x000f92       data     extern C:\MCC18\src\traditional\proc\p18F14K50.asm
                     DDRB   0x000f93       data     extern C:\MCC18\src\traditional\proc\p18F14K50.asm
                 DDRBbits   0x000f93       data     extern C:\MCC18\src\traditional\proc\p18F14K50.asm
                    TRISB   0x000f93       data     extern C:\MCC18\src\traditional\proc\p18F14K50.asm
                TRISBbits   0x000f93       data     extern C:\MCC18\src\traditional\proc\p18F14K50.asm
                     DDRC   0x000f94       data     extern C:\MCC18\src\traditional\proc\p18F14K50.asm
                 DDRCbits   0x000f94       data     extern C:\MCC18\src\traditional\proc\p18F14K50.asm
                    TRISC   0x000f94       data     extern C:\MCC18\src\traditional\proc\p18F14K50.asm
                TRISCbits   0x000f94       data     extern C:\MCC18\src\traditional\proc\p18F14K50.asm
              OSCTUNEbits   0x000f9b       data     extern C:\MCC18\src\traditional\proc\p18F14K50.asm
                  OSCTUNE   0x000f9b       data     extern C:\MCC18\src\traditional\proc\p18F14K50.asm
                     PIE1   0x000f9d       data     extern C:\MCC18\src\traditional\proc\p18F14K50.asm
                 PIE1bits   0x000f9d       data     extern C:\MCC18\src\traditional\proc\p18F14K50.asm
                     PIR1   0x000f9e       data     extern C:\MCC18\src\traditional\proc\p18F14K50.asm
                 PIR1bits   0x000f9e       data     extern C:\MCC18\src\traditional\proc\p18F14K50.asm
                 IPR1bits   0x000f9f       data     extern C:\MCC18\src\traditional\proc\p18F14K50.asm
                     IPR1   0x000f9f       data     extern C:\MCC18\src\traditional\proc\p18F14K50.asm
                 PIE2bits   0x000fa0       data     extern C:\MCC18\src\traditional\proc\p18F14K50.asm
                     PIE2   0x000fa0       data     extern C:\MCC18\src\traditional\proc\p18F14K50.asm
                 PIR2bits   0x000fa1       data     extern C:\MCC18\src\traditional\proc\p18F14K50.asm
                     PIR2   0x000fa1       data     extern C:\MCC18\src\traditional\proc\p18F14K50.asm
                 IPR2bits   0x000fa2       data     extern C:\MCC18\src\traditional\proc\p18F14K50.asm
                     IPR2   0x000fa2       data     extern C:\MCC18\src\traditional\proc\p18F14K50.asm
               EECON1bits   0x000fa6       data     extern C:\MCC18\src\traditional\proc\p18F14K50.asm
                   EECON1   0x000fa6       data     extern C:\MCC18\src\traditional\proc\p18F14K50.asm
                   EECON2   0x000fa7       data     extern C:\MCC18\src\traditional\proc\p18F14K50.asm
                   EEDATA   0x000fa8       data     extern C:\MCC18\src\traditional\proc\p18F14K50.asm
                EEADRbits   0x000fa9       data     extern C:\MCC18\src\traditional\proc\p18F14K50.asm
                    EEADR   0x000fa9       data     extern C:\MCC18\src\traditional\proc\p18F14K50.asm
               EEADRHbits   0x000faa       data     extern C:\MCC18\src\traditional\proc\p18F14K50.asm
                   EEADRH   0x000faa       data     extern C:\MCC18\src\traditional\proc\p18F14K50.asm
                    RCSTA   0x000fab       data     extern C:\MCC18\src\traditional\proc\p18F14K50.asm
                RCSTAbits   0x000fab       data     extern C:\MCC18\src\traditional\proc\p18F14K50.asm
                    TXSTA   0x000fac       data     extern C:\MCC18\src\traditional\proc\p18F14K50.asm
                TXSTAbits   0x000fac       data     extern C:\MCC18\src\traditional\proc\p18F14K50.asm
                    TXREG   0x000fad       data     extern C:\MCC18\src\traditional\proc\p18F14K50.asm
                    RCREG   0x000fae       data     extern C:\MCC18\src\traditional\proc\p18F14K50.asm
                    SPBRG   0x000faf       data     extern C:\MCC18\src\traditional\proc\p18F14K50.asm
                   SPBRGH   0x000fb0       data     extern C:\MCC18\src\traditional\proc\p18F14K50.asm
                T3CONbits   0x000fb1       data     extern C:\MCC18\src\traditional\proc\p18F14K50.asm
                    T3CON   0x000fb1       data     extern C:\MCC18\src\traditional\proc\p18F14K50.asm
                    TMR3L   0x000fb2       data     extern C:\MCC18\src\traditional\proc\p18F14K50.asm
                    TMR3H   0x000fb3       data     extern C:\MCC18\src\traditional\proc\p18F14K50.asm
                  ECCP1AS   0x000fb6       data     extern C:\MCC18\src\traditional\proc\p18F14K50.asm
              ECCP1ASbits   0x000fb6       data     extern C:\MCC18\src\traditional\proc\p18F14K50.asm
                  PWM1CON   0x000fb7       data     extern C:\MCC18\src\traditional\proc\p18F14K50.asm
              PWM1CONbits   0x000fb7       data     extern C:\MCC18\src\traditional\proc\p18F14K50.asm
                  BAUDCON   0x000fb8       data     extern C:\MCC18\src\traditional\proc\p18F14K50.asm
              BAUDCONbits   0x000fb8       data     extern C:\MCC18\src\traditional\proc\p18F14K50.asm
              BAUDCTLbits   0x000fb8       data     extern C:\MCC18\src\traditional\proc\p18F14K50.asm
                  BAUDCTL   0x000fb8       data     extern C:\MCC18\src\traditional\proc\p18F14K50.asm
                  PSTRCON   0x000fb9       data     extern C:\MCC18\src\traditional\proc\p18F14K50.asm
              PSTRCONbits   0x000fb9       data     extern C:\MCC18\src\traditional\proc\p18F14K50.asm
             VREFCON0bits   0x000fba       data     extern C:\MCC18\src\traditional\proc\p18F14K50.asm
                 VREFCON0   0x000fba       data     extern C:\MCC18\src\traditional\proc\p18F14K50.asm
              REFCON0bits   0x000fba       data     extern C:\MCC18\src\traditional\proc\p18F14K50.asm
                  REFCON0   0x000fba       data     extern C:\MCC18\src\traditional\proc\p18F14K50.asm
                  REFCON1   0x000fbb       data     extern C:\MCC18\src\traditional\proc\p18F14K50.asm
              REFCON1bits   0x000fbb       data     extern C:\MCC18\src\traditional\proc\p18F14K50.asm
                 VREFCON1   0x000fbb       data     extern C:\MCC18\src\traditional\proc\p18F14K50.asm
             VREFCON1bits   0x000fbb       data     extern C:\MCC18\src\traditional\proc\p18F14K50.asm
                  REFCON2   0x000fbc       data     extern C:\MCC18\src\traditional\proc\p18F14K50.asm
              REFCON2bits   0x000fbc       data     extern C:\MCC18\src\traditional\proc\p18F14K50.asm
                 VREFCON2   0x000fbc       data     extern C:\MCC18\src\traditional\proc\p18F14K50.asm
             VREFCON2bits   0x000fbc       data     extern C:\MCC18\src\traditional\proc\p18F14K50.asm
                  CCP1CON   0x000fbd       data     extern C:\MCC18\src\traditional\proc\p18F14K50.asm
              CCP1CONbits   0x000fbd       data     extern C:\MCC18\src\traditional\proc\p18F14K50.asm
                    CCPR1   0x000fbe       data     extern C:\MCC18\src\traditional\proc\p18F14K50.asm
                   CCPR1L   0x000fbe       data     extern C:\MCC18\src\traditional\proc\p18F14K50.asm
                   CCPR1H   0x000fbf       data     extern C:\MCC18\src\traditional\proc\p18F14K50.asm
               ADCON2bits   0x000fc0       data     extern C:\MCC18\src\traditional\proc\p18F14K50.asm
                   ADCON2   0x000fc0       data     extern C:\MCC18\src\traditional\proc\p18F14K50.asm
                   ADCON1   0x000fc1       data     extern C:\MCC18\src\traditional\proc\p18F14K50.asm
               ADCON1bits   0x000fc1       data     extern C:\MCC18\src\traditional\proc\p18F14K50.asm
                   ADCON0   0x000fc2       data     extern C:\MCC18\src\traditional\proc\p18F14K50.asm
               ADCON0bits   0x000fc2       data     extern C:\MCC18\src\traditional\proc\p18F14K50.asm
                    ADRES   0x000fc3       data     extern C:\MCC18\src\traditional\proc\p18F14K50.asm
                   ADRESL   0x000fc3       data     extern C:\MCC18\src\traditional\proc\p18F14K50.asm
                   ADRESH   0x000fc4       data     extern C:\MCC18\src\traditional\proc\p18F14K50.asm
                  SSPCON2   0x000fc5       data     extern C:\MCC18\src\traditional\proc\p18F14K50.asm
              SSPCON2bits   0x000fc5       data     extern C:\MCC18\src\traditional\proc\p18F14K50.asm
                  SSPCON1   0x000fc6       data     extern C:\MCC18\src\traditional\proc\p18F14K50.asm
              SSPCON1bits   0x000fc6       data     extern C:\MCC18\src\traditional\proc\p18F14K50.asm
                  SSPSTAT   0x000fc7       data     extern C:\MCC18\src\traditional\proc\p18F14K50.asm
              SSPSTATbits   0x000fc7       data     extern C:\MCC18\src\traditional\proc\p18F14K50.asm
                   SSPADD   0x000fc8       data     extern C:\MCC18\src\traditional\proc\p18F14K50.asm
                   SSPBUF   0x000fc9       data     extern C:\MCC18\src\traditional\proc\p18F14K50.asm
                T2CONbits   0x000fca       data     extern C:\MCC18\src\traditional\proc\p18F14K50.asm
                    T2CON   0x000fca       data     extern C:\MCC18\src\traditional\proc\p18F14K50.asm
                      PR2   0x000fcb       data     extern C:\MCC18\src\traditional\proc\p18F14K50.asm
                     TMR2   0x000fcc       data     extern C:\MCC18\src\traditional\proc\p18F14K50.asm
                T1CONbits   0x000fcd       data     extern C:\MCC18\src\traditional\proc\p18F14K50.asm
                    T1CON   0x000fcd       data     extern C:\MCC18\src\traditional\proc\p18F14K50.asm
                    TMR1L   0x000fce       data     extern C:\MCC18\src\traditional\proc\p18F14K50.asm
                    TMR1H   0x000fcf       data     extern C:\MCC18\src\traditional\proc\p18F14K50.asm
                     RCON   0x000fd0       data     extern C:\MCC18\src\traditional\proc\p18F14K50.asm
                 RCONbits   0x000fd0       data     extern C:\MCC18\src\traditional\proc\p18F14K50.asm
               WDTCONbits   0x000fd1       data     extern C:\MCC18\src\traditional\proc\p18F14K50.asm
                   WDTCON   0x000fd1       data     extern C:\MCC18\src\traditional\proc\p18F14K50.asm
                  OSCCON2   0x000fd2       data     extern C:\MCC18\src\traditional\proc\p18F14K50.asm
              OSCCON2bits   0x000fd2       data     extern C:\MCC18\src\traditional\proc\p18F14K50.asm
                   OSCCON   0x000fd3       data     extern C:\MCC18\src\traditional\proc\p18F14K50.asm
               OSCCONbits   0x000fd3       data     extern C:\MCC18\src\traditional\proc\p18F14K50.asm
                T0CONbits   0x000fd5       data     extern C:\MCC18\src\traditional\proc\p18F14K50.asm
                    T0CON   0x000fd5       data     extern C:\MCC18\src\traditional\proc\p18F14K50.asm
                    TMR0L   0x000fd6       data     extern C:\MCC18\src\traditional\proc\p18F14K50.asm
                    TMR0H   0x000fd7       data     extern C:\MCC18\src\traditional\proc\p18F14K50.asm
                   STATUS   0x000fd8       data     extern C:\MCC18\src\traditional\proc\p18F14K50.asm
               STATUSbits   0x000fd8       data     extern C:\MCC18\src\traditional\proc\p18F14K50.asm
                    FSR2L   0x000fd9       data     extern C:\MCC18\src\traditional\proc\p18F14K50.asm
                     FSR2   0x000fd9       data     extern C:\MCC18\src\traditional\proc\p18F14K50.asm
                    FSR2H   0x000fda       data     extern C:\MCC18\src\traditional\proc\p18F14K50.asm
                   PLUSW2   0x000fdb       data     extern C:\MCC18\src\traditional\proc\p18F14K50.asm
                  PREINC2   0x000fdc       data     extern C:\MCC18\src\traditional\proc\p18F14K50.asm
                 POSTDEC2   0x000fdd       data     extern C:\MCC18\src\traditional\proc\p18F14K50.asm
                 POSTINC2   0x000fde       data     extern C:\MCC18\src\traditional\proc\p18F14K50.asm
                    INDF2   0x000fdf       data     extern C:\MCC18\src\traditional\proc\p18F14K50.asm
                      BSR   0x000fe0       data     extern C:\MCC18\src\traditional\proc\p18F14K50.asm
                    FSR1L   0x000fe1       data     extern C:\MCC18\src\traditional\proc\p18F14K50.asm
                     FSR1   0x000fe1       data     extern C:\MCC18\src\traditional\proc\p18F14K50.asm
                    FSR1H   0x000fe2       data     extern C:\MCC18\src\traditional\proc\p18F14K50.asm
                   PLUSW1   0x000fe3       data     extern C:\MCC18\src\traditional\proc\p18F14K50.asm
                  PREINC1   0x000fe4       data     extern C:\MCC18\src\traditional\proc\p18F14K50.asm
                 POSTDEC1   0x000fe5       data     extern C:\MCC18\src\traditional\proc\p18F14K50.asm
                 POSTINC1   0x000fe6       data     extern C:\MCC18\src\traditional\proc\p18F14K50.asm
                    INDF1   0x000fe7       data     extern C:\MCC18\src\traditional\proc\p18F14K50.asm
                        W   0x000fe8       data     extern C:\MCC18\src\traditional\proc\p18F14K50.asm
                     WREG   0x000fe8       data     extern C:\MCC18\src\traditional\proc\p18F14K50.asm
                    FSR0L   0x000fe9       data     extern C:\MCC18\src\traditional\proc\p18F14K50.asm
                     FSR0   0x000fe9       data     extern C:\MCC18\src\traditional\proc\p18F14K50.asm
                    FSR0H   0x000fea       data     extern C:\MCC18\src\traditional\proc\p18F14K50.asm
                   PLUSW0   0x000feb       data     extern C:\MCC18\src\traditional\proc\p18F14K50.asm
                  PREINC0   0x000fec       data     extern C:\MCC18\src\traditional\proc\p18F14K50.asm
                 POSTDEC0   0x000fed       data     extern C:\MCC18\src\traditional\proc\p18F14K50.asm
                 POSTINC0   0x000fee       data     extern C:\MCC18\src\traditional\proc\p18F14K50.asm
                    INDF0   0x000fef       data     extern C:\MCC18\src\traditional\proc\p18F14K50.asm
              INTCON3bits   0x000ff0       data     extern C:\MCC18\src\traditional\proc\p18F14K50.asm
                  INTCON3   0x000ff0       data     extern C:\MCC18\src\traditional\proc\p18F14K50.asm
              INTCON2bits   0x000ff1       data     extern C:\MCC18\src\traditional\proc\p18F14K50.asm
                  INTCON2   0x000ff1       data     extern C:\MCC18\src\traditional\proc\p18F14K50.asm
               INTCONbits   0x000ff2       data     extern C:\MCC18\src\traditional\proc\p18F14K50.asm
                   INTCON   0x000ff2       data     extern C:\MCC18\src\traditional\proc\p18F14K50.asm
                    PRODL   0x000ff3       data     extern C:\MCC18\src\traditional\proc\p18F14K50.asm
                     PROD   0x000ff3       data     extern C:\MCC18\src\traditional\proc\p18F14K50.asm
                    PRODH   0x000ff4       data     extern C:\MCC18\src\traditional\proc\p18F14K50.asm
                   TABLAT   0x000ff5       data     extern C:\MCC18\src\traditional\proc\p18F14K50.asm
                   TBLPTR   0x000ff6       data     extern C:\MCC18\src\traditional\proc\p18F14K50.asm
                  TBLPTRL   0x000ff6       data     extern C:\MCC18\src\traditional\proc\p18F14K50.asm
                  TBLPTRH   0x000ff7       data     extern C:\MCC18\src\traditional\proc\p18F14K50.asm
                  TBLPTRU   0x000ff8       data     extern C:\MCC18\src\traditional\proc\p18F14K50.asm
                      PCL   0x000ff9       data     extern C:\MCC18\src\traditional\proc\p18F14K50.asm
                       PC   0x000ff9       data     extern C:\MCC18\src\traditional\proc\p18F14K50.asm
                   PCLATH   0x000ffa       data     extern C:\MCC18\src\traditional\proc\p18F14K50.asm
                   PCLATU   0x000ffb       data     extern C:\MCC18\src\traditional\proc\p18F14K50.asm
               STKPTRbits   0x000ffc       data     extern C:\MCC18\src\traditional\proc\p18F14K50.asm
                   STKPTR   0x000ffc       data     extern C:\MCC18\src\traditional\proc\p18F14K50.asm
                      TOS   0x000ffd       data     extern C:\MCC18\src\traditional\proc\p18F14K50.asm
                     TOSL   0x000ffd       data     extern C:\MCC18\src\traditional\proc\p18F14K50.asm
                     TOSH   0x000ffe       data     extern C:\MCC18\src\traditional\proc\p18F14K50.asm
                     TOSU   0x000fff       data     extern C:\MCC18\src\traditional\proc\p18F14K50.asm


